[0.672s] DEBUG:colcon:Command line arguments: ['/usr/bin/colcon', 'build']
[0.673s] DEBUG:colcon:Parsed command line arguments: Namespace(log_base=None, log_level=None, verb_name='build', build_base='build', install_base='install', merge_install=False, symlink_install=False, test_result_base=None, continue_on_error=False, executor='parallel', parallel_workers=8, event_handlers=None, ignore_user_meta=False, metas=['./colcon.meta'], base_paths=['.'], packages_ignore=None, packages_ignore_regex=None, paths=None, packages_up_to=None, packages_up_to_regex=None, packages_above=None, packages_above_and_dependencies=None, packages_above_depth=None, packages_select_by_dep=None, packages_skip_by_dep=None, packages_skip_up_to=None, packages_select_build_failed=False, packages_skip_build_finished=False, packages_select_test_failures=False, packages_skip_test_passed=False, packages_select=None, packages_skip=None, packages_select_regex=None, packages_skip_regex=None, packages_start=None, packages_end=None, allow_overriding=[], cmake_args=None, cmake_target=None, cmake_target_skip_unavailable=False, cmake_clean_cache=False, cmake_clean_first=False, cmake_force_configure=False, ament_cmake_args=None, catkin_cmake_args=None, catkin_skip_building_tests=False, verb_parser=<colcon_defaults.argument_parser.defaults.DefaultArgumentsDecorator object at 0x7fa6235ba570>, verb_extension=<colcon_core.verb.build.BuildVerb object at 0x7fa62375b1a0>, main=<bound method BuildVerb.main of <colcon_core.verb.build.BuildVerb object at 0x7fa62375b1a0>>)
[0.880s] Level 1:colcon.colcon_core.package_discovery:discover_packages(colcon_meta) check parameters
[0.880s] Level 1:colcon.colcon_core.package_discovery:discover_packages(recursive) check parameters
[0.880s] Level 1:colcon.colcon_core.package_discovery:discover_packages(ignore) check parameters
[0.880s] Level 1:colcon.colcon_core.package_discovery:discover_packages(path) check parameters
[0.880s] Level 1:colcon.colcon_core.package_discovery:discover_packages(colcon_meta) discover
[0.881s] Level 1:colcon.colcon_core.package_discovery:discover_packages(recursive) discover
[0.881s] INFO:colcon.colcon_core.package_discovery:Crawling recursively for packages in '/home/paola/proyecto_robot'
[0.881s] Level 1:colcon.colcon_core.package_identification:_identify(.) by extensions ['ignore', 'ignore_ament_install']
[0.882s] Level 1:colcon.colcon_core.package_identification:_identify(.) by extension 'ignore'
[0.882s] Level 1:colcon.colcon_core.package_identification:_identify(.) by extension 'ignore_ament_install'
[0.883s] Level 1:colcon.colcon_core.package_identification:_identify(.) by extensions ['colcon_pkg']
[0.883s] Level 1:colcon.colcon_core.package_identification:_identify(.) by extension 'colcon_pkg'
[0.883s] Level 1:colcon.colcon_core.package_identification:_identify(.) by extensions ['colcon_meta']
[0.883s] Level 1:colcon.colcon_core.package_identification:_identify(.) by extension 'colcon_meta'
[0.883s] Level 1:colcon.colcon_core.package_identification:_identify(.) by extensions ['ros']
[0.883s] Level 1:colcon.colcon_core.package_identification:_identify(.) by extension 'ros'
[0.984s] Level 1:colcon.colcon_core.package_identification:_identify(.) by extensions ['cmake', 'python']
[0.984s] Level 1:colcon.colcon_core.package_identification:_identify(.) by extension 'cmake'
[0.984s] Level 1:colcon.colcon_core.package_identification:_identify(.) by extension 'python'
[0.984s] Level 1:colcon.colcon_core.package_identification:_identify(.) by extensions ['python_setup_py']
[0.984s] Level 1:colcon.colcon_core.package_identification:_identify(.) by extension 'python_setup_py'
[0.985s] Level 1:colcon.colcon_core.package_identification:_identify(build) by extensions ['ignore', 'ignore_ament_install']
[0.986s] Level 1:colcon.colcon_core.package_identification:_identify(build) by extension 'ignore'
[0.986s] Level 1:colcon.colcon_core.package_identification:_identify(build) ignored
[0.986s] Level 1:colcon.colcon_core.package_identification:_identify(install) by extensions ['ignore', 'ignore_ament_install']
[0.987s] Level 1:colcon.colcon_core.package_identification:_identify(install) by extension 'ignore'
[0.987s] Level 1:colcon.colcon_core.package_identification:_identify(install) ignored
[0.988s] Level 1:colcon.colcon_core.package_identification:_identify(log) by extensions ['ignore', 'ignore_ament_install']
[0.988s] Level 1:colcon.colcon_core.package_identification:_identify(log) by extension 'ignore'
[0.988s] Level 1:colcon.colcon_core.package_identification:_identify(log) ignored
[0.989s] Level 1:colcon.colcon_core.package_identification:_identify(src) by extensions ['ignore', 'ignore_ament_install']
[0.989s] Level 1:colcon.colcon_core.package_identification:_identify(src) by extension 'ignore'
[0.989s] Level 1:colcon.colcon_core.package_identification:_identify(src) by extension 'ignore_ament_install'
[0.990s] Level 1:colcon.colcon_core.package_identification:_identify(src) by extensions ['colcon_pkg']
[0.990s] Level 1:colcon.colcon_core.package_identification:_identify(src) by extension 'colcon_pkg'
[0.990s] Level 1:colcon.colcon_core.package_identification:_identify(src) by extensions ['colcon_meta']
[0.990s] Level 1:colcon.colcon_core.package_identification:_identify(src) by extension 'colcon_meta'
[0.990s] Level 1:colcon.colcon_core.package_identification:_identify(src) by extensions ['ros']
[0.990s] Level 1:colcon.colcon_core.package_identification:_identify(src) by extension 'ros'
[0.991s] Level 1:colcon.colcon_core.package_identification:_identify(src) by extensions ['cmake', 'python']
[0.991s] Level 1:colcon.colcon_core.package_identification:_identify(src) by extension 'cmake'
[0.992s] Level 1:colcon.colcon_core.package_identification:_identify(src) by extension 'python'
[0.992s] Level 1:colcon.colcon_core.package_identification:_identify(src) by extensions ['python_setup_py']
[0.992s] Level 1:colcon.colcon_core.package_identification:_identify(src) by extension 'python_setup_py'
[0.993s] Level 1:colcon.colcon_core.package_identification:_identify(src/robot_proyecto) by extensions ['ignore', 'ignore_ament_install']
[0.993s] Level 1:colcon.colcon_core.package_identification:_identify(src/robot_proyecto) by extension 'ignore'
[0.994s] Level 1:colcon.colcon_core.package_identification:_identify(src/robot_proyecto) by extension 'ignore_ament_install'
[0.996s] Level 1:colcon.colcon_core.package_identification:_identify(src/robot_proyecto) by extensions ['colcon_pkg']
[0.996s] Level 1:colcon.colcon_core.package_identification:_identify(src/robot_proyecto) by extension 'colcon_pkg'
[0.997s] Level 1:colcon.colcon_core.package_identification:_identify(src/robot_proyecto) by extensions ['colcon_meta']
[0.997s] Level 1:colcon.colcon_core.package_identification:_identify(src/robot_proyecto) by extension 'colcon_meta'
[0.997s] Level 1:colcon.colcon_core.package_identification:_identify(src/robot_proyecto) by extensions ['ros']
[0.997s] Level 1:colcon.colcon_core.package_identification:_identify(src/robot_proyecto) by extension 'ros'
[1.008s] DEBUG:colcon.colcon_core.package_identification:Package 'src/robot_proyecto' with type 'ros.ament_python' and name 'robot_proyecto'
[1.010s] Level 1:colcon.colcon_core.package_discovery:discover_packages(recursive) using defaults
[1.010s] Level 1:colcon.colcon_core.package_discovery:discover_packages(ignore) discover
[1.010s] Level 1:colcon.colcon_core.package_discovery:discover_packages(ignore) using defaults
[1.010s] Level 1:colcon.colcon_core.package_discovery:discover_packages(path) discover
[1.010s] Level 1:colcon.colcon_core.package_discovery:discover_packages(path) using defaults
[1.098s] Level 1:colcon.colcon_core.package_discovery:discover_packages(prefix_path) check parameters
[1.099s] Level 1:colcon.colcon_core.package_discovery:discover_packages(prefix_path) discover
[1.121s] DEBUG:colcon.colcon_installed_package_information.package_discovery:Found 320 installed packages in /opt/ros/jazzy
[1.124s] Level 1:colcon.colcon_core.package_discovery:discover_packages(prefix_path) using defaults
[1.398s] Level 5:colcon.colcon_core.verb:set package 'robot_proyecto' build argument 'cmake_args' from command line to 'None'
[1.399s] Level 5:colcon.colcon_core.verb:set package 'robot_proyecto' build argument 'cmake_target' from command line to 'None'
[1.399s] Level 5:colcon.colcon_core.verb:set package 'robot_proyecto' build argument 'cmake_target_skip_unavailable' from command line to 'False'
[1.399s] Level 5:colcon.colcon_core.verb:set package 'robot_proyecto' build argument 'cmake_clean_cache' from command line to 'False'
[1.399s] Level 5:colcon.colcon_core.verb:set package 'robot_proyecto' build argument 'cmake_clean_first' from command line to 'False'
[1.399s] Level 5:colcon.colcon_core.verb:set package 'robot_proyecto' build argument 'cmake_force_configure' from command line to 'False'
[1.399s] Level 5:colcon.colcon_core.verb:set package 'robot_proyecto' build argument 'ament_cmake_args' from command line to 'None'
[1.400s] Level 5:colcon.colcon_core.verb:set package 'robot_proyecto' build argument 'catkin_cmake_args' from command line to 'None'
[1.400s] Level 5:colcon.colcon_core.verb:set package 'robot_proyecto' build argument 'catkin_skip_building_tests' from command line to 'False'
[1.400s] DEBUG:colcon.colcon_core.verb:Building package 'robot_proyecto' with the following arguments: {'ament_cmake_args': None, 'build_base': '/home/paola/proyecto_robot/build/robot_proyecto', 'catkin_cmake_args': None, 'catkin_skip_building_tests': False, 'cmake_args': None, 'cmake_clean_cache': False, 'cmake_clean_first': False, 'cmake_force_configure': False, 'cmake_target': None, 'cmake_target_skip_unavailable': False, 'install_base': '/home/paola/proyecto_robot/install/robot_proyecto', 'merge_install': False, 'path': '/home/paola/proyecto_robot/src/robot_proyecto', 'symlink_install': False, 'test_result_base': None}
[1.400s] INFO:colcon.colcon_core.executor:Executing jobs using 'parallel' executor
[1.402s] DEBUG:colcon.colcon_parallel_executor.executor.parallel:run_until_complete
[1.410s] INFO:colcon.colcon_ros.task.ament_python.build:Building ROS package in '/home/paola/proyecto_robot/src/robot_proyecto' with build type 'ament_python'
[1.411s] Level 1:colcon.colcon_core.shell:create_environment_hook('robot_proyecto', 'ament_prefix_path')
[1.421s] INFO:colcon.colcon_core.plugin_system:Skipping extension 'colcon_core.shell.bat': Not used on non-Windows systems
[1.422s] INFO:colcon.colcon_core.shell:Creating environment hook '/home/paola/proyecto_robot/install/robot_proyecto/share/robot_proyecto/hook/ament_prefix_path.ps1'
[1.424s] INFO:colcon.colcon_core.shell:Creating environment descriptor '/home/paola/proyecto_robot/install/robot_proyecto/share/robot_proyecto/hook/ament_prefix_path.dsv'
[1.426s] INFO:colcon.colcon_core.shell:Creating environment hook '/home/paola/proyecto_robot/install/robot_proyecto/share/robot_proyecto/hook/ament_prefix_path.sh'
[1.428s] INFO:colcon.colcon_core.shell:Skip shell extension 'powershell' for command environment: Not usable outside of PowerShell
[1.428s] DEBUG:colcon.colcon_core.shell:Skip shell extension 'dsv' for command environment
[2.665s] INFO:colcon.colcon_core.task.python.build:Building Python package in '/home/paola/proyecto_robot/src/robot_proyecto'
[2.665s] INFO:colcon.colcon_core.shell:Skip shell extension 'powershell' for command environment: Not usable outside of PowerShell
[2.665s] DEBUG:colcon.colcon_core.shell:Skip shell extension 'dsv' for command environment
[6.518s] DEBUG:colcon.colcon_core.task.python.build:Available setuptools commands: bdist, sdist, install_egg_info, dist_info, setopt, rotate, build_clib, extract_messages, init_catalog, install_lib, register, install_data, clean, install_headers, test, saveopts, compile_catalog, alias, update_catalog, build_scripts, build_py, install_scripts, egg_info, easy_install, install, build_ext, symlink_data, bdist_egg, bdist_rpm, check, develop, upload_docs, build, bdist_dumb, upload, editable_wheel
[6.527s] DEBUG:colcon.colcon_core.event_handler.log_command:Invoking command in '/home/paola/proyecto_robot/src/robot_proyecto': PYTHONPATH=/home/paola/proyecto_robot/build/robot_proyecto/prefix_override:/usr/lib/python3/dist-packages/colcon_core/task/python/colcon_distutils_commands:/home/paola/proyecto_robot/install/robot_proyecto/lib/python3.12/site-packages:${PYTHONPATH} /usr/bin/python3 -W ignore:setup.py install is deprecated -W ignore:easy_install command is deprecated setup.py egg_info --egg-base ../../build/robot_proyecto build --build-base /home/paola/proyecto_robot/build/robot_proyecto/build install --record /home/paola/proyecto_robot/build/robot_proyecto/install.log --install-scripts $base/lib/robot_proyecto --single-version-externally-managed install_data
[9.483s] DEBUG:colcon.colcon_core.event_handler.log_command:Invoked command in '/home/paola/proyecto_robot/src/robot_proyecto' returned '0': PYTHONPATH=/home/paola/proyecto_robot/build/robot_proyecto/prefix_override:/usr/lib/python3/dist-packages/colcon_core/task/python/colcon_distutils_commands:/home/paola/proyecto_robot/install/robot_proyecto/lib/python3.12/site-packages:${PYTHONPATH} /usr/bin/python3 -W ignore:setup.py install is deprecated -W ignore:easy_install command is deprecated setup.py egg_info --egg-base ../../build/robot_proyecto build --build-base /home/paola/proyecto_robot/build/robot_proyecto/build install --record /home/paola/proyecto_robot/build/robot_proyecto/install.log --install-scripts $base/lib/robot_proyecto --single-version-externally-managed install_data
[9.495s] Level 1:colcon.colcon_core.environment:checking '/home/paola/proyecto_robot/install/robot_proyecto' for CMake module files
[9.499s] Level 1:colcon.colcon_core.environment:checking '/home/paola/proyecto_robot/install/robot_proyecto' for CMake config files
[9.505s] Level 1:colcon.colcon_core.environment:checking '/home/paola/proyecto_robot/install/robot_proyecto/lib'
[9.505s] Level 1:colcon.colcon_core.environment:checking '/home/paola/proyecto_robot/install/robot_proyecto/bin'
[9.505s] Level 1:colcon.colcon_core.environment:checking '/home/paola/proyecto_robot/install/robot_proyecto/lib/pkgconfig/robot_proyecto.pc'
[9.506s] Level 1:colcon.colcon_core.environment:checking '/home/paola/proyecto_robot/install/robot_proyecto/lib/python3.12/site-packages'
[9.506s] Level 1:colcon.colcon_core.shell:create_environment_hook('robot_proyecto', 'pythonpath')
[9.506s] INFO:colcon.colcon_core.shell:Creating environment hook '/home/paola/proyecto_robot/install/robot_proyecto/share/robot_proyecto/hook/pythonpath.ps1'
[9.508s] INFO:colcon.colcon_core.shell:Creating environment descriptor '/home/paola/proyecto_robot/install/robot_proyecto/share/robot_proyecto/hook/pythonpath.dsv'
[9.509s] INFO:colcon.colcon_core.shell:Creating environment hook '/home/paola/proyecto_robot/install/robot_proyecto/share/robot_proyecto/hook/pythonpath.sh'
[9.511s] Level 1:colcon.colcon_core.environment:checking '/home/paola/proyecto_robot/install/robot_proyecto/bin'
[9.512s] Level 1:colcon.colcon_core.environment:create_environment_scripts_only(robot_proyecto)
[9.513s] INFO:colcon.colcon_core.shell:Creating package script '/home/paola/proyecto_robot/install/robot_proyecto/share/robot_proyecto/package.ps1'
[9.517s] INFO:colcon.colcon_core.shell:Creating package descriptor '/home/paola/proyecto_robot/install/robot_proyecto/share/robot_proyecto/package.dsv'
[9.519s] INFO:colcon.colcon_core.shell:Creating package script '/home/paola/proyecto_robot/install/robot_proyecto/share/robot_proyecto/package.sh'
[9.521s] INFO:colcon.colcon_core.shell:Creating package script '/home/paola/proyecto_robot/install/robot_proyecto/share/robot_proyecto/package.bash'
[9.524s] INFO:colcon.colcon_core.shell:Creating package script '/home/paola/proyecto_robot/install/robot_proyecto/share/robot_proyecto/package.zsh'
[9.526s] Level 1:colcon.colcon_core.environment:create_file_with_runtime_dependencies(/home/paola/proyecto_robot/install/robot_proyecto/share/colcon-core/packages/robot_proyecto)
[9.527s] DEBUG:colcon.colcon_parallel_executor.executor.parallel:closing loop
[9.527s] DEBUG:colcon.colcon_parallel_executor.executor.parallel:loop closed
[9.527s] DEBUG:colcon.colcon_parallel_executor.executor.parallel:run_until_complete finished with '0'
[9.527s] DEBUG:colcon.colcon_core.event_reactor:joining thread
[9.570s] INFO:colcon.colcon_core.plugin_system:Skipping extension 'colcon_notification.desktop_notification.notify_send': Could not find 'notify-send'
[9.571s] INFO:colcon.colcon_core.plugin_system:Skipping extension 'colcon_notification.desktop_notification.terminal_notifier': Not used on non-Darwin systems
[9.571s] INFO:colcon.colcon_core.plugin_system:Skipping extension 'colcon_notification.desktop_notification.win32': Not used on non-Windows systems
[9.571s] INFO:colcon.colcon_notification.desktop_notification:Sending desktop notification using 'notify2'
[9.571s] DEBUG:colcon.colcon_notification.desktop_notification.notify2:Failed to initialize notify2: org.freedesktop.DBus.Error.NotSupported: Unable to autolaunch a dbus-daemon without a $DISPLAY for X11
[9.577s] DEBUG:colcon.colcon_core.event_reactor:joined thread
[9.578s] INFO:colcon.colcon_core.shell:Creating prefix script '/home/paola/proyecto_robot/install/local_setup.ps1'
[9.582s] INFO:colcon.colcon_core.shell:Creating prefix util module '/home/paola/proyecto_robot/install/_local_setup_util_ps1.py'
[9.585s] INFO:colcon.colcon_core.shell:Creating prefix chain script '/home/paola/proyecto_robot/install/setup.ps1'
[9.590s] INFO:colcon.colcon_core.shell:Creating prefix script '/home/paola/proyecto_robot/install/local_setup.sh'
[9.592s] INFO:colcon.colcon_core.shell:Creating prefix util module '/home/paola/proyecto_robot/install/_local_setup_util_sh.py'
[9.596s] INFO:colcon.colcon_core.shell:Creating prefix chain script '/home/paola/proyecto_robot/install/setup.sh'
[9.601s] INFO:colcon.colcon_core.shell:Creating prefix script '/home/paola/proyecto_robot/install/local_setup.bash'
[9.602s] INFO:colcon.colcon_core.shell:Creating prefix chain script '/home/paola/proyecto_robot/install/setup.bash'
[9.607s] INFO:colcon.colcon_core.shell:Creating prefix script '/home/paola/proyecto_robot/install/local_setup.zsh'
[9.609s] INFO:colcon.colcon_core.shell:Creating prefix chain script '/home/paola/proyecto_robot/install/setup.zsh'
