[0.913s] DEBUG:colcon:Command line arguments: ['/usr/bin/colcon', 'build']
[0.914s] DEBUG:colcon:Parsed command line arguments: Namespace(log_base=None, log_level=None, verb_name='build', build_base='build', install_base='install', merge_install=False, symlink_install=False, test_result_base=None, continue_on_error=False, executor='parallel', parallel_workers=8, event_handlers=None, ignore_user_meta=False, metas=['./colcon.meta'], base_paths=['.'], packages_ignore=None, packages_ignore_regex=None, paths=None, packages_up_to=None, packages_up_to_regex=None, packages_above=None, packages_above_and_dependencies=None, packages_above_depth=None, packages_select_by_dep=None, packages_skip_by_dep=None, packages_skip_up_to=None, packages_select_build_failed=False, packages_skip_build_finished=False, packages_select_test_failures=False, packages_skip_test_passed=False, packages_select=None, packages_skip=None, packages_select_regex=None, packages_skip_regex=None, packages_start=None, packages_end=None, allow_overriding=[], cmake_args=None, cmake_target=None, cmake_target_skip_unavailable=False, cmake_clean_cache=False, cmake_clean_first=False, cmake_force_configure=False, ament_cmake_args=None, catkin_cmake_args=None, catkin_skip_building_tests=False, verb_parser=<colcon_defaults.argument_parser.defaults.DefaultArgumentsDecorator object at 0x7f833e7b6840>, verb_extension=<colcon_core.verb.build.BuildVerb object at 0x7f833e953740>, main=<bound method BuildVerb.main of <colcon_core.verb.build.BuildVerb object at 0x7f833e953740>>)
[1.145s] Level 1:colcon.colcon_core.package_discovery:discover_packages(colcon_meta) check parameters
[1.145s] Level 1:colcon.colcon_core.package_discovery:discover_packages(recursive) check parameters
[1.145s] Level 1:colcon.colcon_core.package_discovery:discover_packages(ignore) check parameters
[1.145s] Level 1:colcon.colcon_core.package_discovery:discover_packages(path) check parameters
[1.146s] Level 1:colcon.colcon_core.package_discovery:discover_packages(colcon_meta) discover
[1.146s] Level 1:colcon.colcon_core.package_discovery:discover_packages(recursive) discover
[1.146s] INFO:colcon.colcon_core.package_discovery:Crawling recursively for packages in '/home/paola/proyecto_robot'
[1.146s] Level 1:colcon.colcon_core.package_identification:_identify(.) by extensions ['ignore', 'ignore_ament_install']
[1.147s] Level 1:colcon.colcon_core.package_identification:_identify(.) by extension 'ignore'
[1.147s] Level 1:colcon.colcon_core.package_identification:_identify(.) by extension 'ignore_ament_install'
[1.148s] Level 1:colcon.colcon_core.package_identification:_identify(.) by extensions ['colcon_pkg']
[1.148s] Level 1:colcon.colcon_core.package_identification:_identify(.) by extension 'colcon_pkg'
[1.148s] Level 1:colcon.colcon_core.package_identification:_identify(.) by extensions ['colcon_meta']
[1.148s] Level 1:colcon.colcon_core.package_identification:_identify(.) by extension 'colcon_meta'
[1.149s] Level 1:colcon.colcon_core.package_identification:_identify(.) by extensions ['ros']
[1.149s] Level 1:colcon.colcon_core.package_identification:_identify(.) by extension 'ros'
[1.250s] Level 1:colcon.colcon_core.package_identification:_identify(.) by extensions ['cmake', 'python']
[1.251s] Level 1:colcon.colcon_core.package_identification:_identify(.) by extension 'cmake'
[1.251s] Level 1:colcon.colcon_core.package_identification:_identify(.) by extension 'python'
[1.251s] Level 1:colcon.colcon_core.package_identification:_identify(.) by extensions ['python_setup_py']
[1.252s] Level 1:colcon.colcon_core.package_identification:_identify(.) by extension 'python_setup_py'
[1.253s] Level 1:colcon.colcon_core.package_identification:_identify(build) by extensions ['ignore', 'ignore_ament_install']
[1.253s] Level 1:colcon.colcon_core.package_identification:_identify(build) by extension 'ignore'
[1.253s] Level 1:colcon.colcon_core.package_identification:_identify(build) ignored
[1.254s] Level 1:colcon.colcon_core.package_identification:_identify(install) by extensions ['ignore', 'ignore_ament_install']
[1.254s] Level 1:colcon.colcon_core.package_identification:_identify(install) by extension 'ignore'
[1.254s] Level 1:colcon.colcon_core.package_identification:_identify(install) ignored
[1.255s] Level 1:colcon.colcon_core.package_identification:_identify(log) by extensions ['ignore', 'ignore_ament_install']
[1.255s] Level 1:colcon.colcon_core.package_identification:_identify(log) by extension 'ignore'
[1.256s] Level 1:colcon.colcon_core.package_identification:_identify(log) ignored
[1.256s] Level 1:colcon.colcon_core.package_identification:_identify(src) by extensions ['ignore', 'ignore_ament_install']
[1.256s] Level 1:colcon.colcon_core.package_identification:_identify(src) by extension 'ignore'
[1.257s] Level 1:colcon.colcon_core.package_identification:_identify(src) by extension 'ignore_ament_install'
[1.257s] Level 1:colcon.colcon_core.package_identification:_identify(src) by extensions ['colcon_pkg']
[1.257s] Level 1:colcon.colcon_core.package_identification:_identify(src) by extension 'colcon_pkg'
[1.258s] Level 1:colcon.colcon_core.package_identification:_identify(src) by extensions ['colcon_meta']
[1.258s] Level 1:colcon.colcon_core.package_identification:_identify(src) by extension 'colcon_meta'
[1.258s] Level 1:colcon.colcon_core.package_identification:_identify(src) by extensions ['ros']
[1.258s] Level 1:colcon.colcon_core.package_identification:_identify(src) by extension 'ros'
[1.259s] Level 1:colcon.colcon_core.package_identification:_identify(src) by extensions ['cmake', 'python']
[1.259s] Level 1:colcon.colcon_core.package_identification:_identify(src) by extension 'cmake'
[1.259s] Level 1:colcon.colcon_core.package_identification:_identify(src) by extension 'python'
[1.260s] Level 1:colcon.colcon_core.package_identification:_identify(src) by extensions ['python_setup_py']
[1.260s] Level 1:colcon.colcon_core.package_identification:_identify(src) by extension 'python_setup_py'
[1.261s] Level 1:colcon.colcon_core.package_identification:_identify(src/robot_proyecto) by extensions ['ignore', 'ignore_ament_install']
[1.261s] Level 1:colcon.colcon_core.package_identification:_identify(src/robot_proyecto) by extension 'ignore'
[1.261s] Level 1:colcon.colcon_core.package_identification:_identify(src/robot_proyecto) by extension 'ignore_ament_install'
[1.262s] Level 1:colcon.colcon_core.package_identification:_identify(src/robot_proyecto) by extensions ['colcon_pkg']
[1.262s] Level 1:colcon.colcon_core.package_identification:_identify(src/robot_proyecto) by extension 'colcon_pkg'
[1.262s] Level 1:colcon.colcon_core.package_identification:_identify(src/robot_proyecto) by extensions ['colcon_meta']
[1.262s] Level 1:colcon.colcon_core.package_identification:_identify(src/robot_proyecto) by extension 'colcon_meta'
[1.262s] Level 1:colcon.colcon_core.package_identification:_identify(src/robot_proyecto) by extensions ['ros']
[1.263s] Level 1:colcon.colcon_core.package_identification:_identify(src/robot_proyecto) by extension 'ros'
[1.273s] DEBUG:colcon.colcon_core.package_identification:Package 'src/robot_proyecto' with type 'ros.ament_python' and name 'robot_proyecto'
[1.273s] Level 1:colcon.colcon_core.package_discovery:discover_packages(recursive) using defaults
[1.274s] Level 1:colcon.colcon_core.package_discovery:discover_packages(ignore) discover
[1.274s] Level 1:colcon.colcon_core.package_discovery:discover_packages(ignore) using defaults
[1.274s] Level 1:colcon.colcon_core.package_discovery:discover_packages(path) discover
[1.274s] Level 1:colcon.colcon_core.package_discovery:discover_packages(path) using defaults
[1.354s] Level 1:colcon.colcon_core.package_discovery:discover_packages(prefix_path) check parameters
[1.354s] Level 1:colcon.colcon_core.package_discovery:discover_packages(prefix_path) discover
[1.376s] DEBUG:colcon.colcon_installed_package_information.package_discovery:Found 324 installed packages in /opt/ros/jazzy
[1.378s] Level 1:colcon.colcon_core.package_discovery:discover_packages(prefix_path) using defaults
[1.690s] Level 5:colcon.colcon_core.verb:set package 'robot_proyecto' build argument 'cmake_args' from command line to 'None'
[1.690s] Level 5:colcon.colcon_core.verb:set package 'robot_proyecto' build argument 'cmake_target' from command line to 'None'
[1.691s] Level 5:colcon.colcon_core.verb:set package 'robot_proyecto' build argument 'cmake_target_skip_unavailable' from command line to 'False'
[1.691s] Level 5:colcon.colcon_core.verb:set package 'robot_proyecto' build argument 'cmake_clean_cache' from command line to 'False'
[1.691s] Level 5:colcon.colcon_core.verb:set package 'robot_proyecto' build argument 'cmake_clean_first' from command line to 'False'
[1.691s] Level 5:colcon.colcon_core.verb:set package 'robot_proyecto' build argument 'cmake_force_configure' from command line to 'False'
[1.691s] Level 5:colcon.colcon_core.verb:set package 'robot_proyecto' build argument 'ament_cmake_args' from command line to 'None'
[1.691s] Level 5:colcon.colcon_core.verb:set package 'robot_proyecto' build argument 'catkin_cmake_args' from command line to 'None'
[1.691s] Level 5:colcon.colcon_core.verb:set package 'robot_proyecto' build argument 'catkin_skip_building_tests' from command line to 'False'
[1.691s] DEBUG:colcon.colcon_core.verb:Building package 'robot_proyecto' with the following arguments: {'ament_cmake_args': None, 'build_base': '/home/paola/proyecto_robot/build/robot_proyecto', 'catkin_cmake_args': None, 'catkin_skip_building_tests': False, 'cmake_args': None, 'cmake_clean_cache': False, 'cmake_clean_first': False, 'cmake_force_configure': False, 'cmake_target': None, 'cmake_target_skip_unavailable': False, 'install_base': '/home/paola/proyecto_robot/install/robot_proyecto', 'merge_install': False, 'path': '/home/paola/proyecto_robot/src/robot_proyecto', 'symlink_install': False, 'test_result_base': None}
[1.692s] INFO:colcon.colcon_core.executor:Executing jobs using 'parallel' executor
[1.696s] DEBUG:colcon.colcon_parallel_executor.executor.parallel:run_until_complete
[1.697s] INFO:colcon.colcon_ros.task.ament_python.build:Building ROS package in '/home/paola/proyecto_robot/src/robot_proyecto' with build type 'ament_python'
[1.697s] Level 1:colcon.colcon_core.shell:create_environment_hook('robot_proyecto', 'ament_prefix_path')
[1.725s] INFO:colcon.colcon_core.plugin_system:Skipping extension 'colcon_core.shell.bat': Not used on non-Windows systems
[1.726s] INFO:colcon.colcon_core.shell:Creating environment hook '/home/paola/proyecto_robot/install/robot_proyecto/share/robot_proyecto/hook/ament_prefix_path.ps1'
[1.728s] INFO:colcon.colcon_core.shell:Creating environment descriptor '/home/paola/proyecto_robot/install/robot_proyecto/share/robot_proyecto/hook/ament_prefix_path.dsv'
[1.731s] INFO:colcon.colcon_core.shell:Creating environment hook '/home/paola/proyecto_robot/install/robot_proyecto/share/robot_proyecto/hook/ament_prefix_path.sh'
[1.734s] INFO:colcon.colcon_core.shell:Skip shell extension 'powershell' for command environment: Not usable outside of PowerShell
[1.734s] DEBUG:colcon.colcon_core.shell:Skip shell extension 'dsv' for command environment
[2.997s] INFO:colcon.colcon_core.task.python.build:Building Python package in '/home/paola/proyecto_robot/src/robot_proyecto'
[2.997s] INFO:colcon.colcon_core.shell:Skip shell extension 'powershell' for command environment: Not usable outside of PowerShell
[2.997s] DEBUG:colcon.colcon_core.shell:Skip shell extension 'dsv' for command environment
[7.886s] DEBUG:colcon.colcon_core.task.python.build:Available setuptools commands: install_data, saveopts, build, rotate, install, register, bdist_dumb, upload, easy_install, upload_docs, setopt, check, install_egg_info, install_lib, build_scripts, extract_messages, build_clib, test, symlink_data, dist_info, bdist, alias, install_headers, sdist, bdist_rpm, build_ext, init_catalog, develop, egg_info, bdist_egg, update_catalog, clean, build_py, compile_catalog, install_scripts, editable_wheel
[7.924s] DEBUG:colcon.colcon_core.event_handler.log_command:Invoking command in '/home/paola/proyecto_robot/src/robot_proyecto': PYTHONPATH=/home/paola/proyecto_robot/build/robot_proyecto/prefix_override:/usr/lib/python3/dist-packages/colcon_core/task/python/colcon_distutils_commands:/home/paola/proyecto_robot/install/robot_proyecto/lib/python3.12/site-packages:${PYTHONPATH} /usr/bin/python3 -W ignore:setup.py install is deprecated -W ignore:easy_install command is deprecated setup.py egg_info --egg-base ../../build/robot_proyecto build --build-base /home/paola/proyecto_robot/build/robot_proyecto/build install --record /home/paola/proyecto_robot/build/robot_proyecto/install.log --install-scripts $base/lib/robot_proyecto --single-version-externally-managed install_data
[11.961s] DEBUG:colcon.colcon_core.event_handler.log_command:Invoked command in '/home/paola/proyecto_robot/src/robot_proyecto' returned '0': PYTHONPATH=/home/paola/proyecto_robot/build/robot_proyecto/prefix_override:/usr/lib/python3/dist-packages/colcon_core/task/python/colcon_distutils_commands:/home/paola/proyecto_robot/install/robot_proyecto/lib/python3.12/site-packages:${PYTHONPATH} /usr/bin/python3 -W ignore:setup.py install is deprecated -W ignore:easy_install command is deprecated setup.py egg_info --egg-base ../../build/robot_proyecto build --build-base /home/paola/proyecto_robot/build/robot_proyecto/build install --record /home/paola/proyecto_robot/build/robot_proyecto/install.log --install-scripts $base/lib/robot_proyecto --single-version-externally-managed install_data
[11.986s] Level 1:colcon.colcon_core.environment:checking '/home/paola/proyecto_robot/install/robot_proyecto' for CMake module files
[11.994s] Level 1:colcon.colcon_core.environment:checking '/home/paola/proyecto_robot/install/robot_proyecto' for CMake config files
[12.003s] Level 1:colcon.colcon_core.environment:checking '/home/paola/proyecto_robot/install/robot_proyecto/lib'
[12.004s] Level 1:colcon.colcon_core.environment:checking '/home/paola/proyecto_robot/install/robot_proyecto/bin'
[12.005s] Level 1:colcon.colcon_core.environment:checking '/home/paola/proyecto_robot/install/robot_proyecto/lib/pkgconfig/robot_proyecto.pc'
[12.006s] Level 1:colcon.colcon_core.environment:checking '/home/paola/proyecto_robot/install/robot_proyecto/lib/python3.12/site-packages'
[12.007s] Level 1:colcon.colcon_core.shell:create_environment_hook('robot_proyecto', 'pythonpath')
[12.007s] INFO:colcon.colcon_core.shell:Creating environment hook '/home/paola/proyecto_robot/install/robot_proyecto/share/robot_proyecto/hook/pythonpath.ps1'
[12.010s] INFO:colcon.colcon_core.shell:Creating environment descriptor '/home/paola/proyecto_robot/install/robot_proyecto/share/robot_proyecto/hook/pythonpath.dsv'
[12.012s] INFO:colcon.colcon_core.shell:Creating environment hook '/home/paola/proyecto_robot/install/robot_proyecto/share/robot_proyecto/hook/pythonpath.sh'
[12.017s] Level 1:colcon.colcon_core.environment:checking '/home/paola/proyecto_robot/install/robot_proyecto/bin'
[12.017s] Level 1:colcon.colcon_core.environment:create_environment_scripts_only(robot_proyecto)
[12.018s] INFO:colcon.colcon_core.shell:Creating package script '/home/paola/proyecto_robot/install/robot_proyecto/share/robot_proyecto/package.ps1'
[12.022s] INFO:colcon.colcon_core.shell:Creating package descriptor '/home/paola/proyecto_robot/install/robot_proyecto/share/robot_proyecto/package.dsv'
[12.025s] INFO:colcon.colcon_core.shell:Creating package script '/home/paola/proyecto_robot/install/robot_proyecto/share/robot_proyecto/package.sh'
[12.029s] INFO:colcon.colcon_core.shell:Creating package script '/home/paola/proyecto_robot/install/robot_proyecto/share/robot_proyecto/package.bash'
[12.039s] INFO:colcon.colcon_core.shell:Creating package script '/home/paola/proyecto_robot/install/robot_proyecto/share/robot_proyecto/package.zsh'
[12.042s] Level 1:colcon.colcon_core.environment:create_file_with_runtime_dependencies(/home/paola/proyecto_robot/install/robot_proyecto/share/colcon-core/packages/robot_proyecto)
[12.044s] DEBUG:colcon.colcon_parallel_executor.executor.parallel:closing loop
[12.045s] DEBUG:colcon.colcon_parallel_executor.executor.parallel:loop closed
[12.046s] DEBUG:colcon.colcon_parallel_executor.executor.parallel:run_until_complete finished with '0'
[12.046s] DEBUG:colcon.colcon_core.event_reactor:joining thread
[12.128s] INFO:colcon.colcon_core.plugin_system:Skipping extension 'colcon_notification.desktop_notification.notify_send': Could not find 'notify-send'
[12.129s] INFO:colcon.colcon_core.plugin_system:Skipping extension 'colcon_notification.desktop_notification.terminal_notifier': Not used on non-Darwin systems
[12.129s] INFO:colcon.colcon_core.plugin_system:Skipping extension 'colcon_notification.desktop_notification.win32': Not used on non-Windows systems
[12.129s] INFO:colcon.colcon_notification.desktop_notification:Sending desktop notification using 'notify2'
[12.285s] DEBUG:colcon.colcon_notification.desktop_notification.notify2:Failed to initialize notify2: org.freedesktop.DBus.Error.ServiceUnknown: The name org.freedesktop.Notifications was not provided by any .service files
[12.288s] DEBUG:colcon.colcon_core.event_reactor:joined thread
[12.290s] INFO:colcon.colcon_core.shell:Creating prefix script '/home/paola/proyecto_robot/install/local_setup.ps1'
[12.297s] INFO:colcon.colcon_core.shell:Creating prefix util module '/home/paola/proyecto_robot/install/_local_setup_util_ps1.py'
[12.302s] INFO:colcon.colcon_core.shell:Creating prefix chain script '/home/paola/proyecto_robot/install/setup.ps1'
[12.314s] INFO:colcon.colcon_core.shell:Creating prefix script '/home/paola/proyecto_robot/install/local_setup.sh'
[12.318s] INFO:colcon.colcon_core.shell:Creating prefix util module '/home/paola/proyecto_robot/install/_local_setup_util_sh.py'
[12.321s] INFO:colcon.colcon_core.shell:Creating prefix chain script '/home/paola/proyecto_robot/install/setup.sh'
[12.330s] INFO:colcon.colcon_core.shell:Creating prefix script '/home/paola/proyecto_robot/install/local_setup.bash'
[12.336s] INFO:colcon.colcon_core.shell:Creating prefix chain script '/home/paola/proyecto_robot/install/setup.bash'
[12.344s] INFO:colcon.colcon_core.shell:Creating prefix script '/home/paola/proyecto_robot/install/local_setup.zsh'
[12.347s] INFO:colcon.colcon_core.shell:Creating prefix chain script '/home/paola/proyecto_robot/install/setup.zsh'
