[0.258s] DEBUG:colcon:Command line arguments: ['/usr/bin/colcon', 'build']
[0.258s] DEBUG:colcon:Parsed command line arguments: Namespace(log_base=None, log_level=None, verb_name='build', build_base='build', install_base='install', merge_install=False, symlink_install=False, test_result_base=None, continue_on_error=False, executor='parallel', parallel_workers=8, event_handlers=None, ignore_user_meta=False, metas=['./colcon.meta'], base_paths=['.'], packages_ignore=None, packages_ignore_regex=None, paths=None, packages_up_to=None, packages_up_to_regex=None, packages_above=None, packages_above_and_dependencies=None, packages_above_depth=None, packages_select_by_dep=None, packages_skip_by_dep=None, packages_skip_up_to=None, packages_select_build_failed=False, packages_skip_build_finished=False, packages_select_test_failures=False, packages_skip_test_passed=False, packages_select=None, packages_skip=None, packages_select_regex=None, packages_skip_regex=None, packages_start=None, packages_end=None, allow_overriding=[], cmake_args=None, cmake_target=None, cmake_target_skip_unavailable=False, cmake_clean_cache=False, cmake_clean_first=False, cmake_force_configure=False, ament_cmake_args=None, catkin_cmake_args=None, catkin_skip_building_tests=False, verb_parser=<colcon_defaults.argument_parser.defaults.DefaultArgumentsDecorator object at 0x7f70cf6868d0>, verb_extension=<colcon_core.verb.build.BuildVerb object at 0x7f70cf826ea0>, main=<bound method BuildVerb.main of <colcon_core.verb.build.BuildVerb object at 0x7f70cf826ea0>>)
[0.320s] Level 1:colcon.colcon_core.package_discovery:discover_packages(colcon_meta) check parameters
[0.320s] Level 1:colcon.colcon_core.package_discovery:discover_packages(recursive) check parameters
[0.320s] Level 1:colcon.colcon_core.package_discovery:discover_packages(ignore) check parameters
[0.320s] Level 1:colcon.colcon_core.package_discovery:discover_packages(path) check parameters
[0.321s] Level 1:colcon.colcon_core.package_discovery:discover_packages(colcon_meta) discover
[0.321s] Level 1:colcon.colcon_core.package_discovery:discover_packages(recursive) discover
[0.321s] INFO:colcon.colcon_core.package_discovery:Crawling recursively for packages in '/home/paola/proyecto_robot'
[0.321s] Level 1:colcon.colcon_core.package_identification:_identify(.) by extensions ['ignore', 'ignore_ament_install']
[0.321s] Level 1:colcon.colcon_core.package_identification:_identify(.) by extension 'ignore'
[0.321s] Level 1:colcon.colcon_core.package_identification:_identify(.) by extension 'ignore_ament_install'
[0.321s] Level 1:colcon.colcon_core.package_identification:_identify(.) by extensions ['colcon_pkg']
[0.321s] Level 1:colcon.colcon_core.package_identification:_identify(.) by extension 'colcon_pkg'
[0.321s] Level 1:colcon.colcon_core.package_identification:_identify(.) by extensions ['colcon_meta']
[0.321s] Level 1:colcon.colcon_core.package_identification:_identify(.) by extension 'colcon_meta'
[0.321s] Level 1:colcon.colcon_core.package_identification:_identify(.) by extensions ['ros']
[0.322s] Level 1:colcon.colcon_core.package_identification:_identify(.) by extension 'ros'
[0.357s] Level 1:colcon.colcon_core.package_identification:_identify(.) by extensions ['cmake', 'python']
[0.357s] Level 1:colcon.colcon_core.package_identification:_identify(.) by extension 'cmake'
[0.357s] Level 1:colcon.colcon_core.package_identification:_identify(.) by extension 'python'
[0.357s] Level 1:colcon.colcon_core.package_identification:_identify(.) by extensions ['python_setup_py']
[0.357s] Level 1:colcon.colcon_core.package_identification:_identify(.) by extension 'python_setup_py'
[0.358s] Level 1:colcon.colcon_core.package_identification:_identify(build) by extensions ['ignore', 'ignore_ament_install']
[0.358s] Level 1:colcon.colcon_core.package_identification:_identify(build) by extension 'ignore'
[0.358s] Level 1:colcon.colcon_core.package_identification:_identify(build) ignored
[0.358s] Level 1:colcon.colcon_core.package_identification:_identify(install) by extensions ['ignore', 'ignore_ament_install']
[0.358s] Level 1:colcon.colcon_core.package_identification:_identify(install) by extension 'ignore'
[0.359s] Level 1:colcon.colcon_core.package_identification:_identify(install) ignored
[0.359s] Level 1:colcon.colcon_core.package_identification:_identify(log) by extensions ['ignore', 'ignore_ament_install']
[0.359s] Level 1:colcon.colcon_core.package_identification:_identify(log) by extension 'ignore'
[0.359s] Level 1:colcon.colcon_core.package_identification:_identify(log) ignored
[0.359s] Level 1:colcon.colcon_core.package_identification:_identify(src) by extensions ['ignore', 'ignore_ament_install']
[0.359s] Level 1:colcon.colcon_core.package_identification:_identify(src) by extension 'ignore'
[0.360s] Level 1:colcon.colcon_core.package_identification:_identify(src) by extension 'ignore_ament_install'
[0.360s] Level 1:colcon.colcon_core.package_identification:_identify(src) by extensions ['colcon_pkg']
[0.360s] Level 1:colcon.colcon_core.package_identification:_identify(src) by extension 'colcon_pkg'
[0.360s] Level 1:colcon.colcon_core.package_identification:_identify(src) by extensions ['colcon_meta']
[0.360s] Level 1:colcon.colcon_core.package_identification:_identify(src) by extension 'colcon_meta'
[0.360s] Level 1:colcon.colcon_core.package_identification:_identify(src) by extensions ['ros']
[0.360s] Level 1:colcon.colcon_core.package_identification:_identify(src) by extension 'ros'
[0.360s] Level 1:colcon.colcon_core.package_identification:_identify(src) by extensions ['cmake', 'python']
[0.360s] Level 1:colcon.colcon_core.package_identification:_identify(src) by extension 'cmake'
[0.360s] Level 1:colcon.colcon_core.package_identification:_identify(src) by extension 'python'
[0.361s] Level 1:colcon.colcon_core.package_identification:_identify(src) by extensions ['python_setup_py']
[0.361s] Level 1:colcon.colcon_core.package_identification:_identify(src) by extension 'python_setup_py'
[0.361s] Level 1:colcon.colcon_core.package_identification:_identify(src/robot_proyecto) by extensions ['ignore', 'ignore_ament_install']
[0.361s] Level 1:colcon.colcon_core.package_identification:_identify(src/robot_proyecto) by extension 'ignore'
[0.361s] Level 1:colcon.colcon_core.package_identification:_identify(src/robot_proyecto) by extension 'ignore_ament_install'
[0.361s] Level 1:colcon.colcon_core.package_identification:_identify(src/robot_proyecto) by extensions ['colcon_pkg']
[0.361s] Level 1:colcon.colcon_core.package_identification:_identify(src/robot_proyecto) by extension 'colcon_pkg'
[0.361s] Level 1:colcon.colcon_core.package_identification:_identify(src/robot_proyecto) by extensions ['colcon_meta']
[0.362s] Level 1:colcon.colcon_core.package_identification:_identify(src/robot_proyecto) by extension 'colcon_meta'
[0.362s] Level 1:colcon.colcon_core.package_identification:_identify(src/robot_proyecto) by extensions ['ros']
[0.362s] Level 1:colcon.colcon_core.package_identification:_identify(src/robot_proyecto) by extension 'ros'
[0.366s] DEBUG:colcon.colcon_core.package_identification:Package 'src/robot_proyecto' with type 'ros.ament_python' and name 'robot_proyecto'
[0.366s] Level 1:colcon.colcon_core.package_discovery:discover_packages(recursive) using defaults
[0.366s] Level 1:colcon.colcon_core.package_discovery:discover_packages(ignore) discover
[0.366s] Level 1:colcon.colcon_core.package_discovery:discover_packages(ignore) using defaults
[0.366s] Level 1:colcon.colcon_core.package_discovery:discover_packages(path) discover
[0.366s] Level 1:colcon.colcon_core.package_discovery:discover_packages(path) using defaults
[0.400s] Level 1:colcon.colcon_core.package_discovery:discover_packages(prefix_path) check parameters
[0.400s] Level 1:colcon.colcon_core.package_discovery:discover_packages(prefix_path) discover
[0.407s] DEBUG:colcon.colcon_installed_package_information.package_discovery:Found 1 installed packages in /home/paola/proyecto_robot/install
[0.410s] DEBUG:colcon.colcon_installed_package_information.package_discovery:Found 324 installed packages in /opt/ros/jazzy
[0.412s] Level 1:colcon.colcon_core.package_discovery:discover_packages(prefix_path) using defaults
[0.585s] Level 5:colcon.colcon_core.verb:set package 'robot_proyecto' build argument 'cmake_args' from command line to 'None'
[0.585s] Level 5:colcon.colcon_core.verb:set package 'robot_proyecto' build argument 'cmake_target' from command line to 'None'
[0.585s] Level 5:colcon.colcon_core.verb:set package 'robot_proyecto' build argument 'cmake_target_skip_unavailable' from command line to 'False'
[0.585s] Level 5:colcon.colcon_core.verb:set package 'robot_proyecto' build argument 'cmake_clean_cache' from command line to 'False'
[0.585s] Level 5:colcon.colcon_core.verb:set package 'robot_proyecto' build argument 'cmake_clean_first' from command line to 'False'
[0.585s] Level 5:colcon.colcon_core.verb:set package 'robot_proyecto' build argument 'cmake_force_configure' from command line to 'False'
[0.585s] Level 5:colcon.colcon_core.verb:set package 'robot_proyecto' build argument 'ament_cmake_args' from command line to 'None'
[0.585s] Level 5:colcon.colcon_core.verb:set package 'robot_proyecto' build argument 'catkin_cmake_args' from command line to 'None'
[0.585s] Level 5:colcon.colcon_core.verb:set package 'robot_proyecto' build argument 'catkin_skip_building_tests' from command line to 'False'
[0.585s] DEBUG:colcon.colcon_core.verb:Building package 'robot_proyecto' with the following arguments: {'ament_cmake_args': None, 'build_base': '/home/paola/proyecto_robot/build/robot_proyecto', 'catkin_cmake_args': None, 'catkin_skip_building_tests': False, 'cmake_args': None, 'cmake_clean_cache': False, 'cmake_clean_first': False, 'cmake_force_configure': False, 'cmake_target': None, 'cmake_target_skip_unavailable': False, 'install_base': '/home/paola/proyecto_robot/install/robot_proyecto', 'merge_install': False, 'path': '/home/paola/proyecto_robot/src/robot_proyecto', 'symlink_install': False, 'test_result_base': None}
[0.586s] INFO:colcon.colcon_core.executor:Executing jobs using 'parallel' executor
[0.586s] DEBUG:colcon.colcon_parallel_executor.executor.parallel:run_until_complete
[0.587s] INFO:colcon.colcon_ros.task.ament_python.build:Building ROS package in '/home/paola/proyecto_robot/src/robot_proyecto' with build type 'ament_python'
[0.587s] Level 1:colcon.colcon_core.shell:create_environment_hook('robot_proyecto', 'ament_prefix_path')
[0.592s] INFO:colcon.colcon_core.plugin_system:Skipping extension 'colcon_core.shell.bat': Not used on non-Windows systems
[0.592s] INFO:colcon.colcon_core.shell:Creating environment hook '/home/paola/proyecto_robot/install/robot_proyecto/share/robot_proyecto/hook/ament_prefix_path.ps1'
[0.593s] INFO:colcon.colcon_core.shell:Creating environment descriptor '/home/paola/proyecto_robot/install/robot_proyecto/share/robot_proyecto/hook/ament_prefix_path.dsv'
[0.593s] INFO:colcon.colcon_core.shell:Creating environment hook '/home/paola/proyecto_robot/install/robot_proyecto/share/robot_proyecto/hook/ament_prefix_path.sh'
[0.595s] INFO:colcon.colcon_core.shell:Skip shell extension 'powershell' for command environment: Not usable outside of PowerShell
[0.595s] DEBUG:colcon.colcon_core.shell:Skip shell extension 'dsv' for command environment
[1.073s] INFO:colcon.colcon_core.task.python.build:Building Python package in '/home/paola/proyecto_robot/src/robot_proyecto'
[1.073s] INFO:colcon.colcon_core.shell:Skip shell extension 'powershell' for command environment: Not usable outside of PowerShell
[1.073s] DEBUG:colcon.colcon_core.shell:Skip shell extension 'dsv' for command environment
[2.647s] DEBUG:colcon.colcon_core.task.python.build:Available setuptools commands: setopt, alias, sdist, install_lib, compile_catalog, install_scripts, editable_wheel, dist_info, install_data, build, upload, register, install_headers, easy_install, bdist_dumb, update_catalog, init_catalog, symlink_data, build_py, saveopts, install, extract_messages, test, build_scripts, install_egg_info, build_clib, bdist_rpm, build_ext, bdist_egg, upload_docs, check, egg_info, bdist, rotate, clean, develop
[2.653s] DEBUG:colcon.colcon_core.event_handler.log_command:Invoking command in '/home/paola/proyecto_robot/src/robot_proyecto': PYTHONPATH=/home/paola/proyecto_robot/build/robot_proyecto/prefix_override:/usr/lib/python3/dist-packages/colcon_core/task/python/colcon_distutils_commands:/home/paola/proyecto_robot/install/robot_proyecto/lib/python3.12/site-packages:${PYTHONPATH} /usr/bin/python3 -W ignore:setup.py install is deprecated -W ignore:easy_install command is deprecated setup.py egg_info --egg-base ../../build/robot_proyecto build --build-base /home/paola/proyecto_robot/build/robot_proyecto/build install --record /home/paola/proyecto_robot/build/robot_proyecto/install.log --install-scripts $base/lib/robot_proyecto --single-version-externally-managed install_data
[3.996s] DEBUG:colcon.colcon_core.event_handler.log_command:Invoked command in '/home/paola/proyecto_robot/src/robot_proyecto' returned '0': PYTHONPATH=/home/paola/proyecto_robot/build/robot_proyecto/prefix_override:/usr/lib/python3/dist-packages/colcon_core/task/python/colcon_distutils_commands:/home/paola/proyecto_robot/install/robot_proyecto/lib/python3.12/site-packages:${PYTHONPATH} /usr/bin/python3 -W ignore:setup.py install is deprecated -W ignore:easy_install command is deprecated setup.py egg_info --egg-base ../../build/robot_proyecto build --build-base /home/paola/proyecto_robot/build/robot_proyecto/build install --record /home/paola/proyecto_robot/build/robot_proyecto/install.log --install-scripts $base/lib/robot_proyecto --single-version-externally-managed install_data
[4.003s] Level 1:colcon.colcon_core.environment:checking '/home/paola/proyecto_robot/install/robot_proyecto' for CMake module files
[4.004s] Level 1:colcon.colcon_core.environment:checking '/home/paola/proyecto_robot/install/robot_proyecto' for CMake config files
[4.007s] Level 1:colcon.colcon_core.environment:checking '/home/paola/proyecto_robot/install/robot_proyecto/lib'
[4.007s] Level 1:colcon.colcon_core.environment:checking '/home/paola/proyecto_robot/install/robot_proyecto/bin'
[4.007s] Level 1:colcon.colcon_core.environment:checking '/home/paola/proyecto_robot/install/robot_proyecto/lib/pkgconfig/robot_proyecto.pc'
[4.008s] Level 1:colcon.colcon_core.environment:checking '/home/paola/proyecto_robot/install/robot_proyecto/lib/python3.12/site-packages'
[4.008s] Level 1:colcon.colcon_core.shell:create_environment_hook('robot_proyecto', 'pythonpath')
[4.008s] INFO:colcon.colcon_core.shell:Creating environment hook '/home/paola/proyecto_robot/install/robot_proyecto/share/robot_proyecto/hook/pythonpath.ps1'
[4.009s] INFO:colcon.colcon_core.shell:Creating environment descriptor '/home/paola/proyecto_robot/install/robot_proyecto/share/robot_proyecto/hook/pythonpath.dsv'
[4.009s] INFO:colcon.colcon_core.shell:Creating environment hook '/home/paola/proyecto_robot/install/robot_proyecto/share/robot_proyecto/hook/pythonpath.sh'
[4.011s] Level 1:colcon.colcon_core.environment:checking '/home/paola/proyecto_robot/install/robot_proyecto/bin'
[4.011s] Level 1:colcon.colcon_core.environment:create_environment_scripts_only(robot_proyecto)
[4.011s] INFO:colcon.colcon_core.shell:Creating package script '/home/paola/proyecto_robot/install/robot_proyecto/share/robot_proyecto/package.ps1'
[4.012s] INFO:colcon.colcon_core.shell:Creating package descriptor '/home/paola/proyecto_robot/install/robot_proyecto/share/robot_proyecto/package.dsv'
[4.013s] INFO:colcon.colcon_core.shell:Creating package script '/home/paola/proyecto_robot/install/robot_proyecto/share/robot_proyecto/package.sh'
[4.014s] INFO:colcon.colcon_core.shell:Creating package script '/home/paola/proyecto_robot/install/robot_proyecto/share/robot_proyecto/package.bash'
[4.016s] INFO:colcon.colcon_core.shell:Creating package script '/home/paola/proyecto_robot/install/robot_proyecto/share/robot_proyecto/package.zsh'
[4.017s] Level 1:colcon.colcon_core.environment:create_file_with_runtime_dependencies(/home/paola/proyecto_robot/install/robot_proyecto/share/colcon-core/packages/robot_proyecto)
[4.018s] DEBUG:colcon.colcon_parallel_executor.executor.parallel:closing loop
[4.018s] DEBUG:colcon.colcon_parallel_executor.executor.parallel:loop closed
[4.018s] DEBUG:colcon.colcon_parallel_executor.executor.parallel:run_until_complete finished with '0'
[4.019s] DEBUG:colcon.colcon_core.event_reactor:joining thread
[4.045s] INFO:colcon.colcon_core.plugin_system:Skipping extension 'colcon_notification.desktop_notification.notify_send': Could not find 'notify-send'
[4.045s] INFO:colcon.colcon_core.plugin_system:Skipping extension 'colcon_notification.desktop_notification.terminal_notifier': Not used on non-Darwin systems
[4.045s] INFO:colcon.colcon_core.plugin_system:Skipping extension 'colcon_notification.desktop_notification.win32': Not used on non-Windows systems
[4.045s] INFO:colcon.colcon_notification.desktop_notification:Sending desktop notification using 'notify2'
[4.105s] DEBUG:colcon.colcon_notification.desktop_notification.notify2:Failed to initialize notify2: org.freedesktop.DBus.Error.ServiceUnknown: The name org.freedesktop.Notifications was not provided by any .service files
[4.105s] DEBUG:colcon.colcon_core.event_reactor:joined thread
[4.106s] INFO:colcon.colcon_core.shell:Creating prefix script '/home/paola/proyecto_robot/install/local_setup.ps1'
[4.108s] INFO:colcon.colcon_core.shell:Creating prefix util module '/home/paola/proyecto_robot/install/_local_setup_util_ps1.py'
[4.109s] INFO:colcon.colcon_core.shell:Creating prefix chain script '/home/paola/proyecto_robot/install/setup.ps1'
[4.111s] INFO:colcon.colcon_core.shell:Creating prefix script '/home/paola/proyecto_robot/install/local_setup.sh'
[4.112s] INFO:colcon.colcon_core.shell:Creating prefix util module '/home/paola/proyecto_robot/install/_local_setup_util_sh.py'
[4.113s] INFO:colcon.colcon_core.shell:Creating prefix chain script '/home/paola/proyecto_robot/install/setup.sh'
[4.116s] INFO:colcon.colcon_core.shell:Creating prefix script '/home/paola/proyecto_robot/install/local_setup.bash'
[4.117s] INFO:colcon.colcon_core.shell:Creating prefix chain script '/home/paola/proyecto_robot/install/setup.bash'
[4.119s] INFO:colcon.colcon_core.shell:Creating prefix script '/home/paola/proyecto_robot/install/local_setup.zsh'
[4.121s] INFO:colcon.colcon_core.shell:Creating prefix chain script '/home/paola/proyecto_robot/install/setup.zsh'
