[0.615s] DEBUG:colcon:Command line arguments: ['/usr/bin/colcon', 'build']
[0.615s] DEBUG:colcon:Parsed command line arguments: Namespace(log_base=None, log_level=None, verb_name='build', build_base='build', install_base='install', merge_install=False, symlink_install=False, test_result_base=None, continue_on_error=False, executor='parallel', parallel_workers=8, event_handlers=None, ignore_user_meta=False, metas=['./colcon.meta'], base_paths=['.'], packages_ignore=None, packages_ignore_regex=None, paths=None, packages_up_to=None, packages_up_to_regex=None, packages_above=None, packages_above_and_dependencies=None, packages_above_depth=None, packages_select_by_dep=None, packages_skip_by_dep=None, packages_skip_up_to=None, packages_select_build_failed=False, packages_skip_build_finished=False, packages_select_test_failures=False, packages_skip_test_passed=False, packages_select=None, packages_skip=None, packages_select_regex=None, packages_skip_regex=None, packages_start=None, packages_end=None, allow_overriding=[], cmake_args=None, cmake_target=None, cmake_target_skip_unavailable=False, cmake_clean_cache=False, cmake_clean_first=False, cmake_force_configure=False, ament_cmake_args=None, catkin_cmake_args=None, catkin_skip_building_tests=False, verb_parser=<colcon_defaults.argument_parser.defaults.DefaultArgumentsDecorator object at 0x7f76acf0e0c0>, verb_extension=<colcon_core.verb.build.BuildVerb object at 0x7f76ad0a2e70>, main=<bound method BuildVerb.main of <colcon_core.verb.build.BuildVerb object at 0x7f76ad0a2e70>>)
[0.759s] Level 1:colcon.colcon_core.package_discovery:discover_packages(colcon_meta) check parameters
[0.759s] Level 1:colcon.colcon_core.package_discovery:discover_packages(recursive) check parameters
[0.759s] Level 1:colcon.colcon_core.package_discovery:discover_packages(ignore) check parameters
[0.759s] Level 1:colcon.colcon_core.package_discovery:discover_packages(path) check parameters
[0.759s] Level 1:colcon.colcon_core.package_discovery:discover_packages(colcon_meta) discover
[0.759s] Level 1:colcon.colcon_core.package_discovery:discover_packages(recursive) discover
[0.760s] INFO:colcon.colcon_core.package_discovery:Crawling recursively for packages in '/home/paola/proyecto_robot'
[0.760s] Level 1:colcon.colcon_core.package_identification:_identify(.) by extensions ['ignore', 'ignore_ament_install']
[0.760s] Level 1:colcon.colcon_core.package_identification:_identify(.) by extension 'ignore'
[0.760s] Level 1:colcon.colcon_core.package_identification:_identify(.) by extension 'ignore_ament_install'
[0.761s] Level 1:colcon.colcon_core.package_identification:_identify(.) by extensions ['colcon_pkg']
[0.761s] Level 1:colcon.colcon_core.package_identification:_identify(.) by extension 'colcon_pkg'
[0.761s] Level 1:colcon.colcon_core.package_identification:_identify(.) by extensions ['colcon_meta']
[0.761s] Level 1:colcon.colcon_core.package_identification:_identify(.) by extension 'colcon_meta'
[0.761s] Level 1:colcon.colcon_core.package_identification:_identify(.) by extensions ['ros']
[0.761s] Level 1:colcon.colcon_core.package_identification:_identify(.) by extension 'ros'
[0.829s] Level 1:colcon.colcon_core.package_identification:_identify(.) by extensions ['cmake', 'python']
[0.830s] Level 1:colcon.colcon_core.package_identification:_identify(.) by extension 'cmake'
[0.830s] Level 1:colcon.colcon_core.package_identification:_identify(.) by extension 'python'
[0.830s] Level 1:colcon.colcon_core.package_identification:_identify(.) by extensions ['python_setup_py']
[0.830s] Level 1:colcon.colcon_core.package_identification:_identify(.) by extension 'python_setup_py'
[0.831s] Level 1:colcon.colcon_core.package_identification:_identify(build) by extensions ['ignore', 'ignore_ament_install']
[0.832s] Level 1:colcon.colcon_core.package_identification:_identify(build) by extension 'ignore'
[0.832s] Level 1:colcon.colcon_core.package_identification:_identify(build) ignored
[0.833s] Level 1:colcon.colcon_core.package_identification:_identify(install) by extensions ['ignore', 'ignore_ament_install']
[0.833s] Level 1:colcon.colcon_core.package_identification:_identify(install) by extension 'ignore'
[0.833s] Level 1:colcon.colcon_core.package_identification:_identify(install) ignored
[0.834s] Level 1:colcon.colcon_core.package_identification:_identify(log) by extensions ['ignore', 'ignore_ament_install']
[0.834s] Level 1:colcon.colcon_core.package_identification:_identify(log) by extension 'ignore'
[0.834s] Level 1:colcon.colcon_core.package_identification:_identify(log) ignored
[0.835s] Level 1:colcon.colcon_core.package_identification:_identify(src) by extensions ['ignore', 'ignore_ament_install']
[0.835s] Level 1:colcon.colcon_core.package_identification:_identify(src) by extension 'ignore'
[0.835s] Level 1:colcon.colcon_core.package_identification:_identify(src) by extension 'ignore_ament_install'
[0.835s] Level 1:colcon.colcon_core.package_identification:_identify(src) by extensions ['colcon_pkg']
[0.836s] Level 1:colcon.colcon_core.package_identification:_identify(src) by extension 'colcon_pkg'
[0.836s] Level 1:colcon.colcon_core.package_identification:_identify(src) by extensions ['colcon_meta']
[0.836s] Level 1:colcon.colcon_core.package_identification:_identify(src) by extension 'colcon_meta'
[0.836s] Level 1:colcon.colcon_core.package_identification:_identify(src) by extensions ['ros']
[0.836s] Level 1:colcon.colcon_core.package_identification:_identify(src) by extension 'ros'
[0.837s] Level 1:colcon.colcon_core.package_identification:_identify(src) by extensions ['cmake', 'python']
[0.837s] Level 1:colcon.colcon_core.package_identification:_identify(src) by extension 'cmake'
[0.837s] Level 1:colcon.colcon_core.package_identification:_identify(src) by extension 'python'
[0.837s] Level 1:colcon.colcon_core.package_identification:_identify(src) by extensions ['python_setup_py']
[0.838s] Level 1:colcon.colcon_core.package_identification:_identify(src) by extension 'python_setup_py'
[0.838s] Level 1:colcon.colcon_core.package_identification:_identify(src/robot_proyecto) by extensions ['ignore', 'ignore_ament_install']
[0.838s] Level 1:colcon.colcon_core.package_identification:_identify(src/robot_proyecto) by extension 'ignore'
[0.839s] Level 1:colcon.colcon_core.package_identification:_identify(src/robot_proyecto) by extension 'ignore_ament_install'
[0.839s] Level 1:colcon.colcon_core.package_identification:_identify(src/robot_proyecto) by extensions ['colcon_pkg']
[0.839s] Level 1:colcon.colcon_core.package_identification:_identify(src/robot_proyecto) by extension 'colcon_pkg'
[0.839s] Level 1:colcon.colcon_core.package_identification:_identify(src/robot_proyecto) by extensions ['colcon_meta']
[0.839s] Level 1:colcon.colcon_core.package_identification:_identify(src/robot_proyecto) by extension 'colcon_meta'
[0.840s] Level 1:colcon.colcon_core.package_identification:_identify(src/robot_proyecto) by extensions ['ros']
[0.840s] Level 1:colcon.colcon_core.package_identification:_identify(src/robot_proyecto) by extension 'ros'
[0.846s] DEBUG:colcon.colcon_core.package_identification:Package 'src/robot_proyecto' with type 'ros.ament_python' and name 'robot_proyecto'
[0.846s] Level 1:colcon.colcon_core.package_discovery:discover_packages(recursive) using defaults
[0.846s] Level 1:colcon.colcon_core.package_discovery:discover_packages(ignore) discover
[0.846s] Level 1:colcon.colcon_core.package_discovery:discover_packages(ignore) using defaults
[0.846s] Level 1:colcon.colcon_core.package_discovery:discover_packages(path) discover
[0.847s] Level 1:colcon.colcon_core.package_discovery:discover_packages(path) using defaults
[0.893s] Level 1:colcon.colcon_core.package_discovery:discover_packages(prefix_path) check parameters
[0.893s] Level 1:colcon.colcon_core.package_discovery:discover_packages(prefix_path) discover
[0.906s] DEBUG:colcon.colcon_installed_package_information.package_discovery:Found 1 installed packages in /home/paola/proyecto_robot/install
[0.912s] DEBUG:colcon.colcon_installed_package_information.package_discovery:Found 289 installed packages in /opt/ros/jazzy
[0.913s] Level 1:colcon.colcon_core.package_discovery:discover_packages(prefix_path) using defaults
[1.165s] Level 5:colcon.colcon_core.verb:set package 'robot_proyecto' build argument 'cmake_args' from command line to 'None'
[1.165s] Level 5:colcon.colcon_core.verb:set package 'robot_proyecto' build argument 'cmake_target' from command line to 'None'
[1.165s] Level 5:colcon.colcon_core.verb:set package 'robot_proyecto' build argument 'cmake_target_skip_unavailable' from command line to 'False'
[1.165s] Level 5:colcon.colcon_core.verb:set package 'robot_proyecto' build argument 'cmake_clean_cache' from command line to 'False'
[1.165s] Level 5:colcon.colcon_core.verb:set package 'robot_proyecto' build argument 'cmake_clean_first' from command line to 'False'
[1.165s] Level 5:colcon.colcon_core.verb:set package 'robot_proyecto' build argument 'cmake_force_configure' from command line to 'False'
[1.165s] Level 5:colcon.colcon_core.verb:set package 'robot_proyecto' build argument 'ament_cmake_args' from command line to 'None'
[1.165s] Level 5:colcon.colcon_core.verb:set package 'robot_proyecto' build argument 'catkin_cmake_args' from command line to 'None'
[1.165s] Level 5:colcon.colcon_core.verb:set package 'robot_proyecto' build argument 'catkin_skip_building_tests' from command line to 'False'
[1.166s] DEBUG:colcon.colcon_core.verb:Building package 'robot_proyecto' with the following arguments: {'ament_cmake_args': None, 'build_base': '/home/paola/proyecto_robot/build/robot_proyecto', 'catkin_cmake_args': None, 'catkin_skip_building_tests': False, 'cmake_args': None, 'cmake_clean_cache': False, 'cmake_clean_first': False, 'cmake_force_configure': False, 'cmake_target': None, 'cmake_target_skip_unavailable': False, 'install_base': '/home/paola/proyecto_robot/install/robot_proyecto', 'merge_install': False, 'path': '/home/paola/proyecto_robot/src/robot_proyecto', 'symlink_install': False, 'test_result_base': None}
[1.166s] INFO:colcon.colcon_core.executor:Executing jobs using 'parallel' executor
[1.167s] DEBUG:colcon.colcon_parallel_executor.executor.parallel:run_until_complete
[1.168s] INFO:colcon.colcon_ros.task.ament_python.build:Building ROS package in '/home/paola/proyecto_robot/src/robot_proyecto' with build type 'ament_python'
[1.168s] Level 1:colcon.colcon_core.shell:create_environment_hook('robot_proyecto', 'ament_prefix_path')
[1.177s] INFO:colcon.colcon_core.plugin_system:Skipping extension 'colcon_core.shell.bat': Not used on non-Windows systems
[1.177s] INFO:colcon.colcon_core.shell:Creating environment hook '/home/paola/proyecto_robot/install/robot_proyecto/share/robot_proyecto/hook/ament_prefix_path.ps1'
[1.179s] INFO:colcon.colcon_core.shell:Creating environment descriptor '/home/paola/proyecto_robot/install/robot_proyecto/share/robot_proyecto/hook/ament_prefix_path.dsv'
[1.180s] INFO:colcon.colcon_core.shell:Creating environment hook '/home/paola/proyecto_robot/install/robot_proyecto/share/robot_proyecto/hook/ament_prefix_path.sh'
[1.185s] INFO:colcon.colcon_core.shell:Skip shell extension 'powershell' for command environment: Not usable outside of PowerShell
[1.185s] DEBUG:colcon.colcon_core.shell:Skip shell extension 'dsv' for command environment
[2.452s] INFO:colcon.colcon_core.task.python.build:Building Python package in '/home/paola/proyecto_robot/src/robot_proyecto'
[2.452s] INFO:colcon.colcon_core.shell:Skip shell extension 'powershell' for command environment: Not usable outside of PowerShell
[2.452s] DEBUG:colcon.colcon_core.shell:Skip shell extension 'dsv' for command environment
[6.130s] DEBUG:colcon.colcon_core.task.python.build:Available setuptools commands: build_ext, install_headers, bdist_dumb, editable_wheel, init_catalog, upload_docs, register, clean, bdist_rpm, alias, saveopts, develop, symlink_data, build_clib, egg_info, test, setopt, build_py, install_data, compile_catalog, update_catalog, upload, rotate, install_scripts, extract_messages, install, build_scripts, check, bdist_egg, bdist, easy_install, install_egg_info, build, install_lib, sdist, dist_info
[6.160s] DEBUG:colcon.colcon_core.event_handler.log_command:Invoking command in '/home/paola/proyecto_robot/src/robot_proyecto': PYTHONPATH=/home/paola/proyecto_robot/build/robot_proyecto/prefix_override:/usr/lib/python3/dist-packages/colcon_core/task/python/colcon_distutils_commands:/home/paola/proyecto_robot/install/robot_proyecto/lib/python3.12/site-packages:${PYTHONPATH} /usr/bin/python3 -W ignore:setup.py install is deprecated -W ignore:easy_install command is deprecated setup.py egg_info --egg-base ../../build/robot_proyecto build --build-base /home/paola/proyecto_robot/build/robot_proyecto/build install --record /home/paola/proyecto_robot/build/robot_proyecto/install.log --install-scripts $base/lib/robot_proyecto --single-version-externally-managed install_data
[10.716s] DEBUG:colcon.colcon_core.event_handler.log_command:Invoked command in '/home/paola/proyecto_robot/src/robot_proyecto' returned '0': PYTHONPATH=/home/paola/proyecto_robot/build/robot_proyecto/prefix_override:/usr/lib/python3/dist-packages/colcon_core/task/python/colcon_distutils_commands:/home/paola/proyecto_robot/install/robot_proyecto/lib/python3.12/site-packages:${PYTHONPATH} /usr/bin/python3 -W ignore:setup.py install is deprecated -W ignore:easy_install command is deprecated setup.py egg_info --egg-base ../../build/robot_proyecto build --build-base /home/paola/proyecto_robot/build/robot_proyecto/build install --record /home/paola/proyecto_robot/build/robot_proyecto/install.log --install-scripts $base/lib/robot_proyecto --single-version-externally-managed install_data
[10.728s] Level 1:colcon.colcon_core.environment:checking '/home/paola/proyecto_robot/install/robot_proyecto' for CMake module files
[10.730s] Level 1:colcon.colcon_core.environment:checking '/home/paola/proyecto_robot/install/robot_proyecto' for CMake config files
[10.736s] Level 1:colcon.colcon_core.environment:checking '/home/paola/proyecto_robot/install/robot_proyecto/lib'
[10.736s] Level 1:colcon.colcon_core.environment:checking '/home/paola/proyecto_robot/install/robot_proyecto/bin'
[10.736s] Level 1:colcon.colcon_core.environment:checking '/home/paola/proyecto_robot/install/robot_proyecto/lib/pkgconfig/robot_proyecto.pc'
[10.737s] Level 1:colcon.colcon_core.environment:checking '/home/paola/proyecto_robot/install/robot_proyecto/lib/python3.12/site-packages'
[10.737s] Level 1:colcon.colcon_core.shell:create_environment_hook('robot_proyecto', 'pythonpath')
[10.738s] INFO:colcon.colcon_core.shell:Creating environment hook '/home/paola/proyecto_robot/install/robot_proyecto/share/robot_proyecto/hook/pythonpath.ps1'
[10.739s] INFO:colcon.colcon_core.shell:Creating environment descriptor '/home/paola/proyecto_robot/install/robot_proyecto/share/robot_proyecto/hook/pythonpath.dsv'
[10.740s] INFO:colcon.colcon_core.shell:Creating environment hook '/home/paola/proyecto_robot/install/robot_proyecto/share/robot_proyecto/hook/pythonpath.sh'
[10.743s] Level 1:colcon.colcon_core.environment:checking '/home/paola/proyecto_robot/install/robot_proyecto/bin'
[10.743s] Level 1:colcon.colcon_core.environment:create_environment_scripts_only(robot_proyecto)
[10.743s] INFO:colcon.colcon_core.shell:Creating package script '/home/paola/proyecto_robot/install/robot_proyecto/share/robot_proyecto/package.ps1'
[10.746s] INFO:colcon.colcon_core.shell:Creating package descriptor '/home/paola/proyecto_robot/install/robot_proyecto/share/robot_proyecto/package.dsv'
[10.747s] INFO:colcon.colcon_core.shell:Creating package script '/home/paola/proyecto_robot/install/robot_proyecto/share/robot_proyecto/package.sh'
[10.749s] INFO:colcon.colcon_core.shell:Creating package script '/home/paola/proyecto_robot/install/robot_proyecto/share/robot_proyecto/package.bash'
[10.751s] INFO:colcon.colcon_core.shell:Creating package script '/home/paola/proyecto_robot/install/robot_proyecto/share/robot_proyecto/package.zsh'
[10.753s] Level 1:colcon.colcon_core.environment:create_file_with_runtime_dependencies(/home/paola/proyecto_robot/install/robot_proyecto/share/colcon-core/packages/robot_proyecto)
[10.754s] DEBUG:colcon.colcon_parallel_executor.executor.parallel:closing loop
[10.755s] DEBUG:colcon.colcon_parallel_executor.executor.parallel:loop closed
[10.755s] DEBUG:colcon.colcon_parallel_executor.executor.parallel:run_until_complete finished with '0'
[10.755s] DEBUG:colcon.colcon_core.event_reactor:joining thread
[10.806s] INFO:colcon.colcon_core.plugin_system:Skipping extension 'colcon_notification.desktop_notification.notify_send': Could not find 'notify-send'
[10.807s] INFO:colcon.colcon_core.plugin_system:Skipping extension 'colcon_notification.desktop_notification.terminal_notifier': Not used on non-Darwin systems
[10.807s] INFO:colcon.colcon_core.plugin_system:Skipping extension 'colcon_notification.desktop_notification.win32': Not used on non-Windows systems
[10.807s] INFO:colcon.colcon_notification.desktop_notification:Sending desktop notification using 'notify2'
[10.807s] DEBUG:colcon.colcon_notification.desktop_notification.notify2:Failed to initialize notify2: org.freedesktop.DBus.Error.NotSupported: Unable to autolaunch a dbus-daemon without a $DISPLAY for X11
[10.807s] DEBUG:colcon.colcon_core.event_reactor:joined thread
[10.808s] INFO:colcon.colcon_core.shell:Creating prefix script '/home/paola/proyecto_robot/install/local_setup.ps1'
[10.810s] INFO:colcon.colcon_core.shell:Creating prefix util module '/home/paola/proyecto_robot/install/_local_setup_util_ps1.py'
[10.813s] INFO:colcon.colcon_core.shell:Creating prefix chain script '/home/paola/proyecto_robot/install/setup.ps1'
[10.818s] INFO:colcon.colcon_core.shell:Creating prefix script '/home/paola/proyecto_robot/install/local_setup.sh'
[10.821s] INFO:colcon.colcon_core.shell:Creating prefix util module '/home/paola/proyecto_robot/install/_local_setup_util_sh.py'
[10.825s] INFO:colcon.colcon_core.shell:Creating prefix chain script '/home/paola/proyecto_robot/install/setup.sh'
[10.829s] INFO:colcon.colcon_core.shell:Creating prefix script '/home/paola/proyecto_robot/install/local_setup.bash'
[10.831s] INFO:colcon.colcon_core.shell:Creating prefix chain script '/home/paola/proyecto_robot/install/setup.bash'
[10.835s] INFO:colcon.colcon_core.shell:Creating prefix script '/home/paola/proyecto_robot/install/local_setup.zsh'
[10.837s] INFO:colcon.colcon_core.shell:Creating prefix chain script '/home/paola/proyecto_robot/install/setup.zsh'
