[0.754s] DEBUG:colcon:Command line arguments: ['/usr/bin/colcon', 'build']
[0.755s] DEBUG:colcon:Parsed command line arguments: Namespace(log_base=None, log_level=None, verb_name='build', build_base='build', install_base='install', merge_install=False, symlink_install=False, test_result_base=None, continue_on_error=False, executor='parallel', parallel_workers=8, event_handlers=None, ignore_user_meta=False, metas=['./colcon.meta'], base_paths=['.'], packages_ignore=None, packages_ignore_regex=None, paths=None, packages_up_to=None, packages_up_to_regex=None, packages_above=None, packages_above_and_dependencies=None, packages_above_depth=None, packages_select_by_dep=None, packages_skip_by_dep=None, packages_skip_up_to=None, packages_select_build_failed=False, packages_skip_build_finished=False, packages_select_test_failures=False, packages_skip_test_passed=False, packages_select=None, packages_skip=None, packages_select_regex=None, packages_skip_regex=None, packages_start=None, packages_end=None, allow_overriding=[], cmake_args=None, cmake_target=None, cmake_target_skip_unavailable=False, cmake_clean_cache=False, cmake_clean_first=False, cmake_force_configure=False, ament_cmake_args=None, catkin_cmake_args=None, catkin_skip_building_tests=False, verb_parser=<colcon_defaults.argument_parser.defaults.DefaultArgumentsDecorator object at 0x7f6c67b86750>, verb_extension=<colcon_core.verb.build.BuildVerb object at 0x7f6c67d23740>, main=<bound method BuildVerb.main of <colcon_core.verb.build.BuildVerb object at 0x7f6c67d23740>>)
[0.950s] Level 1:colcon.colcon_core.package_discovery:discover_packages(colcon_meta) check parameters
[0.952s] Level 1:colcon.colcon_core.package_discovery:discover_packages(recursive) check parameters
[0.952s] Level 1:colcon.colcon_core.package_discovery:discover_packages(ignore) check parameters
[0.952s] Level 1:colcon.colcon_core.package_discovery:discover_packages(path) check parameters
[0.952s] Level 1:colcon.colcon_core.package_discovery:discover_packages(colcon_meta) discover
[0.952s] Level 1:colcon.colcon_core.package_discovery:discover_packages(recursive) discover
[0.952s] INFO:colcon.colcon_core.package_discovery:Crawling recursively for packages in '/home/paola/proyecto_robot'
[0.953s] Level 1:colcon.colcon_core.package_identification:_identify(.) by extensions ['ignore', 'ignore_ament_install']
[0.953s] Level 1:colcon.colcon_core.package_identification:_identify(.) by extension 'ignore'
[0.954s] Level 1:colcon.colcon_core.package_identification:_identify(.) by extension 'ignore_ament_install'
[0.954s] Level 1:colcon.colcon_core.package_identification:_identify(.) by extensions ['colcon_pkg']
[0.954s] Level 1:colcon.colcon_core.package_identification:_identify(.) by extension 'colcon_pkg'
[0.954s] Level 1:colcon.colcon_core.package_identification:_identify(.) by extensions ['colcon_meta']
[0.954s] Level 1:colcon.colcon_core.package_identification:_identify(.) by extension 'colcon_meta'
[0.955s] Level 1:colcon.colcon_core.package_identification:_identify(.) by extensions ['ros']
[0.955s] Level 1:colcon.colcon_core.package_identification:_identify(.) by extension 'ros'
[1.050s] Level 1:colcon.colcon_core.package_identification:_identify(.) by extensions ['cmake', 'python']
[1.050s] Level 1:colcon.colcon_core.package_identification:_identify(.) by extension 'cmake'
[1.050s] Level 1:colcon.colcon_core.package_identification:_identify(.) by extension 'python'
[1.050s] Level 1:colcon.colcon_core.package_identification:_identify(.) by extensions ['python_setup_py']
[1.050s] Level 1:colcon.colcon_core.package_identification:_identify(.) by extension 'python_setup_py'
[1.051s] Level 1:colcon.colcon_core.package_identification:_identify(build) by extensions ['ignore', 'ignore_ament_install']
[1.052s] Level 1:colcon.colcon_core.package_identification:_identify(build) by extension 'ignore'
[1.052s] Level 1:colcon.colcon_core.package_identification:_identify(build) ignored
[1.053s] Level 1:colcon.colcon_core.package_identification:_identify(install) by extensions ['ignore', 'ignore_ament_install']
[1.053s] Level 1:colcon.colcon_core.package_identification:_identify(install) by extension 'ignore'
[1.053s] Level 1:colcon.colcon_core.package_identification:_identify(install) ignored
[1.054s] Level 1:colcon.colcon_core.package_identification:_identify(log) by extensions ['ignore', 'ignore_ament_install']
[1.054s] Level 1:colcon.colcon_core.package_identification:_identify(log) by extension 'ignore'
[1.054s] Level 1:colcon.colcon_core.package_identification:_identify(log) ignored
[1.055s] Level 1:colcon.colcon_core.package_identification:_identify(src) by extensions ['ignore', 'ignore_ament_install']
[1.055s] Level 1:colcon.colcon_core.package_identification:_identify(src) by extension 'ignore'
[1.055s] Level 1:colcon.colcon_core.package_identification:_identify(src) by extension 'ignore_ament_install'
[1.056s] Level 1:colcon.colcon_core.package_identification:_identify(src) by extensions ['colcon_pkg']
[1.056s] Level 1:colcon.colcon_core.package_identification:_identify(src) by extension 'colcon_pkg'
[1.056s] Level 1:colcon.colcon_core.package_identification:_identify(src) by extensions ['colcon_meta']
[1.056s] Level 1:colcon.colcon_core.package_identification:_identify(src) by extension 'colcon_meta'
[1.056s] Level 1:colcon.colcon_core.package_identification:_identify(src) by extensions ['ros']
[1.056s] Level 1:colcon.colcon_core.package_identification:_identify(src) by extension 'ros'
[1.057s] Level 1:colcon.colcon_core.package_identification:_identify(src) by extensions ['cmake', 'python']
[1.057s] Level 1:colcon.colcon_core.package_identification:_identify(src) by extension 'cmake'
[1.057s] Level 1:colcon.colcon_core.package_identification:_identify(src) by extension 'python'
[1.057s] Level 1:colcon.colcon_core.package_identification:_identify(src) by extensions ['python_setup_py']
[1.058s] Level 1:colcon.colcon_core.package_identification:_identify(src) by extension 'python_setup_py'
[1.058s] Level 1:colcon.colcon_core.package_identification:_identify(src/robot_proyecto) by extensions ['ignore', 'ignore_ament_install']
[1.058s] Level 1:colcon.colcon_core.package_identification:_identify(src/robot_proyecto) by extension 'ignore'
[1.059s] Level 1:colcon.colcon_core.package_identification:_identify(src/robot_proyecto) by extension 'ignore_ament_install'
[1.059s] Level 1:colcon.colcon_core.package_identification:_identify(src/robot_proyecto) by extensions ['colcon_pkg']
[1.059s] Level 1:colcon.colcon_core.package_identification:_identify(src/robot_proyecto) by extension 'colcon_pkg'
[1.059s] Level 1:colcon.colcon_core.package_identification:_identify(src/robot_proyecto) by extensions ['colcon_meta']
[1.059s] Level 1:colcon.colcon_core.package_identification:_identify(src/robot_proyecto) by extension 'colcon_meta'
[1.060s] Level 1:colcon.colcon_core.package_identification:_identify(src/robot_proyecto) by extensions ['ros']
[1.060s] Level 1:colcon.colcon_core.package_identification:_identify(src/robot_proyecto) by extension 'ros'
[1.069s] DEBUG:colcon.colcon_core.package_identification:Package 'src/robot_proyecto' with type 'ros.ament_python' and name 'robot_proyecto'
[1.070s] Level 1:colcon.colcon_core.package_discovery:discover_packages(recursive) using defaults
[1.070s] Level 1:colcon.colcon_core.package_discovery:discover_packages(ignore) discover
[1.070s] Level 1:colcon.colcon_core.package_discovery:discover_packages(ignore) using defaults
[1.070s] Level 1:colcon.colcon_core.package_discovery:discover_packages(path) discover
[1.070s] Level 1:colcon.colcon_core.package_discovery:discover_packages(path) using defaults
[1.146s] Level 1:colcon.colcon_core.package_discovery:discover_packages(prefix_path) check parameters
[1.146s] Level 1:colcon.colcon_core.package_discovery:discover_packages(prefix_path) discover
[1.166s] DEBUG:colcon.colcon_installed_package_information.package_discovery:Found 1 installed packages in /home/paola/proyecto_robot/install
[1.177s] DEBUG:colcon.colcon_installed_package_information.package_discovery:Found 320 installed packages in /opt/ros/jazzy
[1.180s] Level 1:colcon.colcon_core.package_discovery:discover_packages(prefix_path) using defaults
[1.506s] Level 5:colcon.colcon_core.verb:set package 'robot_proyecto' build argument 'cmake_args' from command line to 'None'
[1.506s] Level 5:colcon.colcon_core.verb:set package 'robot_proyecto' build argument 'cmake_target' from command line to 'None'
[1.506s] Level 5:colcon.colcon_core.verb:set package 'robot_proyecto' build argument 'cmake_target_skip_unavailable' from command line to 'False'
[1.506s] Level 5:colcon.colcon_core.verb:set package 'robot_proyecto' build argument 'cmake_clean_cache' from command line to 'False'
[1.506s] Level 5:colcon.colcon_core.verb:set package 'robot_proyecto' build argument 'cmake_clean_first' from command line to 'False'
[1.506s] Level 5:colcon.colcon_core.verb:set package 'robot_proyecto' build argument 'cmake_force_configure' from command line to 'False'
[1.506s] Level 5:colcon.colcon_core.verb:set package 'robot_proyecto' build argument 'ament_cmake_args' from command line to 'None'
[1.506s] Level 5:colcon.colcon_core.verb:set package 'robot_proyecto' build argument 'catkin_cmake_args' from command line to 'None'
[1.507s] Level 5:colcon.colcon_core.verb:set package 'robot_proyecto' build argument 'catkin_skip_building_tests' from command line to 'False'
[1.507s] DEBUG:colcon.colcon_core.verb:Building package 'robot_proyecto' with the following arguments: {'ament_cmake_args': None, 'build_base': '/home/paola/proyecto_robot/build/robot_proyecto', 'catkin_cmake_args': None, 'catkin_skip_building_tests': False, 'cmake_args': None, 'cmake_clean_cache': False, 'cmake_clean_first': False, 'cmake_force_configure': False, 'cmake_target': None, 'cmake_target_skip_unavailable': False, 'install_base': '/home/paola/proyecto_robot/install/robot_proyecto', 'merge_install': False, 'path': '/home/paola/proyecto_robot/src/robot_proyecto', 'symlink_install': False, 'test_result_base': None}
[1.507s] INFO:colcon.colcon_core.executor:Executing jobs using 'parallel' executor
[1.509s] DEBUG:colcon.colcon_parallel_executor.executor.parallel:run_until_complete
[1.509s] INFO:colcon.colcon_ros.task.ament_python.build:Building ROS package in '/home/paola/proyecto_robot/src/robot_proyecto' with build type 'ament_python'
[1.509s] Level 1:colcon.colcon_core.shell:create_environment_hook('robot_proyecto', 'ament_prefix_path')
[1.522s] INFO:colcon.colcon_core.plugin_system:Skipping extension 'colcon_core.shell.bat': Not used on non-Windows systems
[1.522s] INFO:colcon.colcon_core.shell:Creating environment hook '/home/paola/proyecto_robot/install/robot_proyecto/share/robot_proyecto/hook/ament_prefix_path.ps1'
[1.524s] INFO:colcon.colcon_core.shell:Creating environment descriptor '/home/paola/proyecto_robot/install/robot_proyecto/share/robot_proyecto/hook/ament_prefix_path.dsv'
[1.526s] INFO:colcon.colcon_core.shell:Creating environment hook '/home/paola/proyecto_robot/install/robot_proyecto/share/robot_proyecto/hook/ament_prefix_path.sh'
[1.529s] INFO:colcon.colcon_core.shell:Skip shell extension 'powershell' for command environment: Not usable outside of PowerShell
[1.529s] DEBUG:colcon.colcon_core.shell:Skip shell extension 'dsv' for command environment
[2.890s] INFO:colcon.colcon_core.task.python.build:Building Python package in '/home/paola/proyecto_robot/src/robot_proyecto'
[2.890s] INFO:colcon.colcon_core.shell:Skip shell extension 'powershell' for command environment: Not usable outside of PowerShell
[2.890s] DEBUG:colcon.colcon_core.shell:Skip shell extension 'dsv' for command environment
[6.592s] DEBUG:colcon.colcon_core.task.python.build:Available setuptools commands: install_lib, symlink_data, egg_info, init_catalog, check, editable_wheel, clean, bdist_dumb, install_headers, install_data, dist_info, test, build, alias, build_scripts, bdist, register, sdist, bdist_rpm, saveopts, build_ext, upload, compile_catalog, setopt, build_py, extract_messages, upload_docs, update_catalog, develop, install_scripts, install_egg_info, easy_install, build_clib, rotate, install, bdist_egg
[6.603s] DEBUG:colcon.colcon_core.event_handler.log_command:Invoking command in '/home/paola/proyecto_robot/src/robot_proyecto': PYTHONPATH=/home/paola/proyecto_robot/build/robot_proyecto/prefix_override:/usr/lib/python3/dist-packages/colcon_core/task/python/colcon_distutils_commands:/home/paola/proyecto_robot/install/robot_proyecto/lib/python3.12/site-packages:${PYTHONPATH} /usr/bin/python3 -W ignore:setup.py install is deprecated -W ignore:easy_install command is deprecated setup.py egg_info --egg-base ../../build/robot_proyecto build --build-base /home/paola/proyecto_robot/build/robot_proyecto/build install --record /home/paola/proyecto_robot/build/robot_proyecto/install.log --install-scripts $base/lib/robot_proyecto --single-version-externally-managed install_data
[9.946s] DEBUG:colcon.colcon_core.event_handler.log_command:Invoked command in '/home/paola/proyecto_robot/src/robot_proyecto' returned '0': PYTHONPATH=/home/paola/proyecto_robot/build/robot_proyecto/prefix_override:/usr/lib/python3/dist-packages/colcon_core/task/python/colcon_distutils_commands:/home/paola/proyecto_robot/install/robot_proyecto/lib/python3.12/site-packages:${PYTHONPATH} /usr/bin/python3 -W ignore:setup.py install is deprecated -W ignore:easy_install command is deprecated setup.py egg_info --egg-base ../../build/robot_proyecto build --build-base /home/paola/proyecto_robot/build/robot_proyecto/build install --record /home/paola/proyecto_robot/build/robot_proyecto/install.log --install-scripts $base/lib/robot_proyecto --single-version-externally-managed install_data
[9.961s] Level 1:colcon.colcon_core.environment:checking '/home/paola/proyecto_robot/install/robot_proyecto' for CMake module files
[9.966s] Level 1:colcon.colcon_core.environment:checking '/home/paola/proyecto_robot/install/robot_proyecto' for CMake config files
[9.973s] Level 1:colcon.colcon_core.environment:checking '/home/paola/proyecto_robot/install/robot_proyecto/lib'
[9.974s] Level 1:colcon.colcon_core.environment:checking '/home/paola/proyecto_robot/install/robot_proyecto/bin'
[9.974s] Level 1:colcon.colcon_core.environment:checking '/home/paola/proyecto_robot/install/robot_proyecto/lib/pkgconfig/robot_proyecto.pc'
[9.975s] Level 1:colcon.colcon_core.environment:checking '/home/paola/proyecto_robot/install/robot_proyecto/lib/python3.12/site-packages'
[9.975s] Level 1:colcon.colcon_core.shell:create_environment_hook('robot_proyecto', 'pythonpath')
[9.976s] INFO:colcon.colcon_core.shell:Creating environment hook '/home/paola/proyecto_robot/install/robot_proyecto/share/robot_proyecto/hook/pythonpath.ps1'
[9.978s] INFO:colcon.colcon_core.shell:Creating environment descriptor '/home/paola/proyecto_robot/install/robot_proyecto/share/robot_proyecto/hook/pythonpath.dsv'
[9.980s] INFO:colcon.colcon_core.shell:Creating environment hook '/home/paola/proyecto_robot/install/robot_proyecto/share/robot_proyecto/hook/pythonpath.sh'
[9.982s] Level 1:colcon.colcon_core.environment:checking '/home/paola/proyecto_robot/install/robot_proyecto/bin'
[9.982s] Level 1:colcon.colcon_core.environment:create_environment_scripts_only(robot_proyecto)
[9.983s] INFO:colcon.colcon_core.shell:Creating package script '/home/paola/proyecto_robot/install/robot_proyecto/share/robot_proyecto/package.ps1'
[9.987s] INFO:colcon.colcon_core.shell:Creating package descriptor '/home/paola/proyecto_robot/install/robot_proyecto/share/robot_proyecto/package.dsv'
[9.989s] INFO:colcon.colcon_core.shell:Creating package script '/home/paola/proyecto_robot/install/robot_proyecto/share/robot_proyecto/package.sh'
[9.993s] INFO:colcon.colcon_core.shell:Creating package script '/home/paola/proyecto_robot/install/robot_proyecto/share/robot_proyecto/package.bash'
[9.996s] INFO:colcon.colcon_core.shell:Creating package script '/home/paola/proyecto_robot/install/robot_proyecto/share/robot_proyecto/package.zsh'
[9.998s] Level 1:colcon.colcon_core.environment:create_file_with_runtime_dependencies(/home/paola/proyecto_robot/install/robot_proyecto/share/colcon-core/packages/robot_proyecto)
[9.999s] DEBUG:colcon.colcon_parallel_executor.executor.parallel:closing loop
[9.999s] DEBUG:colcon.colcon_parallel_executor.executor.parallel:loop closed
[10.000s] DEBUG:colcon.colcon_parallel_executor.executor.parallel:run_until_complete finished with '0'
[10.000s] DEBUG:colcon.colcon_core.event_reactor:joining thread
[10.045s] INFO:colcon.colcon_core.plugin_system:Skipping extension 'colcon_notification.desktop_notification.notify_send': Could not find 'notify-send'
[10.045s] INFO:colcon.colcon_core.plugin_system:Skipping extension 'colcon_notification.desktop_notification.terminal_notifier': Not used on non-Darwin systems
[10.045s] INFO:colcon.colcon_core.plugin_system:Skipping extension 'colcon_notification.desktop_notification.win32': Not used on non-Windows systems
[10.045s] INFO:colcon.colcon_notification.desktop_notification:Sending desktop notification using 'notify2'
[10.174s] DEBUG:colcon.colcon_notification.desktop_notification.notify2:Failed to initialize notify2: org.freedesktop.DBus.Error.ServiceUnknown: The name org.freedesktop.Notifications was not provided by any .service files
[10.176s] DEBUG:colcon.colcon_core.event_reactor:joined thread
[10.177s] INFO:colcon.colcon_core.shell:Creating prefix script '/home/paola/proyecto_robot/install/local_setup.ps1'
[10.181s] INFO:colcon.colcon_core.shell:Creating prefix util module '/home/paola/proyecto_robot/install/_local_setup_util_ps1.py'
[10.186s] INFO:colcon.colcon_core.shell:Creating prefix chain script '/home/paola/proyecto_robot/install/setup.ps1'
[10.193s] INFO:colcon.colcon_core.shell:Creating prefix script '/home/paola/proyecto_robot/install/local_setup.sh'
[10.195s] INFO:colcon.colcon_core.shell:Creating prefix util module '/home/paola/proyecto_robot/install/_local_setup_util_sh.py'
[10.198s] INFO:colcon.colcon_core.shell:Creating prefix chain script '/home/paola/proyecto_robot/install/setup.sh'
[10.204s] INFO:colcon.colcon_core.shell:Creating prefix script '/home/paola/proyecto_robot/install/local_setup.bash'
[10.206s] INFO:colcon.colcon_core.shell:Creating prefix chain script '/home/paola/proyecto_robot/install/setup.bash'
[10.212s] INFO:colcon.colcon_core.shell:Creating prefix script '/home/paola/proyecto_robot/install/local_setup.zsh'
[10.214s] INFO:colcon.colcon_core.shell:Creating prefix chain script '/home/paola/proyecto_robot/install/setup.zsh'
