running develop
running egg_info
writing robot_proyecto.egg-info/PKG-INFO
writing dependency_links to robot_proyecto.egg-info/dependency_links.txt
writing entry points to robot_proyecto.egg-info/entry_points.txt
writing requirements to robot_proyecto.egg-info/requires.txt
writing top-level names to robot_proyecto.egg-info/top_level.txt
reading manifest file 'robot_proyecto.egg-info/SOURCES.txt'
writing manifest file 'robot_proyecto.egg-info/SOURCES.txt'
running build_ext
Creating /home/paola/proyecto_robot/install/robot_proyecto/lib/python3.12/site-packages/robot-proyecto.egg-link (link to .)
Installing odom_tf_publisher script to /home/paola/proyecto_robot/install/robot_proyecto/lib/robot_proyecto

Installed /home/paola/proyecto_robot/build/robot_proyecto
running symlink_data
symbolically linking /home/paola/proyecto_robot/build/robot_proyecto/resource/robot_proyecto -> /home/paola/proyecto_robot/install/robot_proyecto/share/ament_index/resource_index/packages
symbolically linking /home/paola/proyecto_robot/build/robot_proyecto/package.xml -> /home/paola/proyecto_robot/install/robot_proyecto/share/robot_proyecto
symbolically linking /home/paola/proyecto_robot/build/robot_proyecto/launch/simulacion.launch.py -> /home/paola/proyecto_robot/install/robot_proyecto/share/robot_proyecto/launch
symbolically linking /home/paola/proyecto_robot/build/robot_proyecto/launch/ver_robot.launch.py -> /home/paola/proyecto_robot/install/robot_proyecto/share/robot_proyecto/launch
symbolically linking /home/paola/proyecto_robot/build/robot_proyecto/urdf/robot.urdf.xacro -> /home/paola/proyecto_robot/install/robot_proyecto/share/robot_proyecto/urdf
error: [Errno 2] No such file or directory: '/home/paola/proyecto_robot/install/robot_proyecto/share/robot_proyecto/worlds/mundo_paredes.sdf'
