[6.135s] Invoking command in '/home/paola/proyecto_robot/build/robot_proyecto': PYTHONPATH=/home/paola/proyecto_robot/build/robot_proyecto/prefix_override:/usr/lib/python3/dist-packages/colcon_core/task/python/colcon_distutils_commands:/home/paola/proyecto_robot/install/robot_proyecto/lib/python3.12/site-packages: /usr/bin/python3 -W ignore:setup.py install is deprecated -W ignore:easy_install command is deprecated setup.py develop --editable --build-directory /home/paola/proyecto_robot/build/robot_proyecto/build --no-deps symlink_data --force
[7.688s] running develop
[8.664s] running egg_info
[8.735s] writing robot_proyecto.egg-info/PKG-INFO
[8.753s] writing dependency_links to robot_proyecto.egg-info/dependency_links.txt
[8.754s] writing entry points to robot_proyecto.egg-info/entry_points.txt
[8.754s] writing requirements to robot_proyecto.egg-info/requires.txt
[8.755s] writing top-level names to robot_proyecto.egg-info/top_level.txt
[8.918s] reading manifest file 'robot_proyecto.egg-info/SOURCES.txt'
[8.926s] writing manifest file 'robot_proyecto.egg-info/SOURCES.txt'
[9.021s] running build_ext
[9.021s] Creating /home/paola/proyecto_robot/install/robot_proyecto/lib/python3.12/site-packages/robot-proyecto.egg-link (link to .)
[9.029s] Installing odom_tf_publisher script to /home/paola/proyecto_robot/install/robot_proyecto/lib/robot_proyecto
[9.031s] 
[9.032s] Installed /home/paola/proyecto_robot/build/robot_proyecto
[9.032s] running symlink_data
[9.046s] symbolically linking /home/paola/proyecto_robot/build/robot_proyecto/resource/robot_proyecto -> /home/paola/proyecto_robot/install/robot_proyecto/share/ament_index/resource_index/packages
[9.050s] symbolically linking /home/paola/proyecto_robot/build/robot_proyecto/package.xml -> /home/paola/proyecto_robot/install/robot_proyecto/share/robot_proyecto
[9.055s] symbolically linking /home/paola/proyecto_robot/build/robot_proyecto/launch/simulacion.launch.py -> /home/paola/proyecto_robot/install/robot_proyecto/share/robot_proyecto/launch
[9.055s] symbolically linking /home/paola/proyecto_robot/build/robot_proyecto/launch/ver_robot.launch.py -> /home/paola/proyecto_robot/install/robot_proyecto/share/robot_proyecto/launch
[9.060s] symbolically linking /home/paola/proyecto_robot/build/robot_proyecto/urdf/robot.urdf.xacro -> /home/paola/proyecto_robot/install/robot_proyecto/share/robot_proyecto/urdf
[9.063s] error: [Errno 2] No such file or directory: '/home/paola/proyecto_robot/install/robot_proyecto/share/robot_proyecto/worlds/mundo_paredes.sdf'
[9.188s] Invoked command in '/home/paola/proyecto_robot/build/robot_proyecto' returned '1': PYTHONPATH=/home/paola/proyecto_robot/build/robot_proyecto/prefix_override:/usr/lib/python3/dist-packages/colcon_core/task/python/colcon_distutils_commands:/home/paola/proyecto_robot/install/robot_proyecto/lib/python3.12/site-packages: /usr/bin/python3 -W ignore:setup.py install is deprecated -W ignore:easy_install command is deprecated setup.py develop --editable --build-directory /home/paola/proyecto_robot/build/robot_proyecto/build --no-deps symlink_data --force
