[0.767s] DEBUG:colcon:Command line arguments: ['/usr/bin/colcon', 'build', '--symlink-install']
[0.767s] DEBUG:colcon:Parsed command line arguments: Namespace(log_base=None, log_level=None, verb_name='build', build_base='build', install_base='install', merge_install=False, symlink_install=True, test_result_base=None, continue_on_error=False, executor='parallel', parallel_workers=8, event_handlers=None, ignore_user_meta=False, metas=['./colcon.meta'], base_paths=['.'], packages_ignore=None, packages_ignore_regex=None, paths=None, packages_up_to=None, packages_up_to_regex=None, packages_above=None, packages_above_and_dependencies=None, packages_above_depth=None, packages_select_by_dep=None, packages_skip_by_dep=None, packages_skip_up_to=None, packages_select_build_failed=False, packages_skip_build_finished=False, packages_select_test_failures=False, packages_skip_test_passed=False, packages_select=None, packages_skip=None, packages_select_regex=None, packages_skip_regex=None, packages_start=None, packages_end=None, allow_overriding=[], cmake_args=None, cmake_target=None, cmake_target_skip_unavailable=False, cmake_clean_cache=False, cmake_clean_first=False, cmake_force_configure=False, ament_cmake_args=None, catkin_cmake_args=None, catkin_skip_building_tests=False, verb_parser=<colcon_defaults.argument_parser.defaults.DefaultArgumentsDecorator object at 0x7ff885602ea0>, verb_extension=<colcon_core.verb.build.BuildVerb object at 0x7ff8857abbc0>, main=<bound method BuildVerb.main of <colcon_core.verb.build.BuildVerb object at 0x7ff8857abbc0>>)
[0.974s] Level 1:colcon.colcon_core.package_discovery:discover_packages(colcon_meta) check parameters
[0.975s] Level 1:colcon.colcon_core.package_discovery:discover_packages(recursive) check parameters
[0.975s] Level 1:colcon.colcon_core.package_discovery:discover_packages(ignore) check parameters
[0.975s] Level 1:colcon.colcon_core.package_discovery:discover_packages(path) check parameters
[0.975s] Level 1:colcon.colcon_core.package_discovery:discover_packages(colcon_meta) discover
[0.975s] Level 1:colcon.colcon_core.package_discovery:discover_packages(recursive) discover
[0.976s] INFO:colcon.colcon_core.package_discovery:Crawling recursively for packages in '/home/paola/proyecto_robot'
[0.977s] Level 1:colcon.colcon_core.package_identification:_identify(.) by extensions ['ignore', 'ignore_ament_install']
[0.977s] Level 1:colcon.colcon_core.package_identification:_identify(.) by extension 'ignore'
[0.978s] Level 1:colcon.colcon_core.package_identification:_identify(.) by extension 'ignore_ament_install'
[0.978s] Level 1:colcon.colcon_core.package_identification:_identify(.) by extensions ['colcon_pkg']
[0.978s] Level 1:colcon.colcon_core.package_identification:_identify(.) by extension 'colcon_pkg'
[0.979s] Level 1:colcon.colcon_core.package_identification:_identify(.) by extensions ['colcon_meta']
[0.979s] Level 1:colcon.colcon_core.package_identification:_identify(.) by extension 'colcon_meta'
[0.979s] Level 1:colcon.colcon_core.package_identification:_identify(.) by extensions ['ros']
[0.979s] Level 1:colcon.colcon_core.package_identification:_identify(.) by extension 'ros'
[1.099s] Level 1:colcon.colcon_core.package_identification:_identify(.) by extensions ['cmake', 'python']
[1.100s] Level 1:colcon.colcon_core.package_identification:_identify(.) by extension 'cmake'
[1.100s] Level 1:colcon.colcon_core.package_identification:_identify(.) by extension 'python'
[1.101s] Level 1:colcon.colcon_core.package_identification:_identify(.) by extensions ['python_setup_py']
[1.101s] Level 1:colcon.colcon_core.package_identification:_identify(.) by extension 'python_setup_py'
[1.102s] Level 1:colcon.colcon_core.package_identification:_identify(build) by extensions ['ignore', 'ignore_ament_install']
[1.102s] Level 1:colcon.colcon_core.package_identification:_identify(build) by extension 'ignore'
[1.104s] Level 1:colcon.colcon_core.package_identification:_identify(build) ignored
[1.105s] Level 1:colcon.colcon_core.package_identification:_identify(install) by extensions ['ignore', 'ignore_ament_install']
[1.105s] Level 1:colcon.colcon_core.package_identification:_identify(install) by extension 'ignore'
[1.105s] Level 1:colcon.colcon_core.package_identification:_identify(install) ignored
[1.125s] Level 1:colcon.colcon_core.package_identification:_identify(log) by extensions ['ignore', 'ignore_ament_install']
[1.125s] Level 1:colcon.colcon_core.package_identification:_identify(log) by extension 'ignore'
[1.126s] Level 1:colcon.colcon_core.package_identification:_identify(log) ignored
[1.126s] Level 1:colcon.colcon_core.package_identification:_identify(src) by extensions ['ignore', 'ignore_ament_install']
[1.126s] Level 1:colcon.colcon_core.package_identification:_identify(src) by extension 'ignore'
[1.133s] Level 1:colcon.colcon_core.package_identification:_identify(src) by extension 'ignore_ament_install'
[1.133s] Level 1:colcon.colcon_core.package_identification:_identify(src) by extensions ['colcon_pkg']
[1.134s] Level 1:colcon.colcon_core.package_identification:_identify(src) by extension 'colcon_pkg'
[1.134s] Level 1:colcon.colcon_core.package_identification:_identify(src) by extensions ['colcon_meta']
[1.134s] Level 1:colcon.colcon_core.package_identification:_identify(src) by extension 'colcon_meta'
[1.135s] Level 1:colcon.colcon_core.package_identification:_identify(src) by extensions ['ros']
[1.135s] Level 1:colcon.colcon_core.package_identification:_identify(src) by extension 'ros'
[1.136s] Level 1:colcon.colcon_core.package_identification:_identify(src) by extensions ['cmake', 'python']
[1.136s] Level 1:colcon.colcon_core.package_identification:_identify(src) by extension 'cmake'
[1.136s] Level 1:colcon.colcon_core.package_identification:_identify(src) by extension 'python'
[1.137s] Level 1:colcon.colcon_core.package_identification:_identify(src) by extensions ['python_setup_py']
[1.137s] Level 1:colcon.colcon_core.package_identification:_identify(src) by extension 'python_setup_py'
[1.138s] Level 1:colcon.colcon_core.package_identification:_identify(src/m-explore-ros2) by extensions ['ignore', 'ignore_ament_install']
[1.138s] Level 1:colcon.colcon_core.package_identification:_identify(src/m-explore-ros2) by extension 'ignore'
[1.139s] Level 1:colcon.colcon_core.package_identification:_identify(src/m-explore-ros2) by extension 'ignore_ament_install'
[1.139s] Level 1:colcon.colcon_core.package_identification:_identify(src/m-explore-ros2) by extensions ['colcon_pkg']
[1.139s] Level 1:colcon.colcon_core.package_identification:_identify(src/m-explore-ros2) by extension 'colcon_pkg'
[1.139s] Level 1:colcon.colcon_core.package_identification:_identify(src/m-explore-ros2) by extensions ['colcon_meta']
[1.139s] Level 1:colcon.colcon_core.package_identification:_identify(src/m-explore-ros2) by extension 'colcon_meta'
[1.140s] Level 1:colcon.colcon_core.package_identification:_identify(src/m-explore-ros2) by extensions ['ros']
[1.140s] Level 1:colcon.colcon_core.package_identification:_identify(src/m-explore-ros2) by extension 'ros'
[1.141s] Level 1:colcon.colcon_core.package_identification:_identify(src/m-explore-ros2) by extensions ['cmake', 'python']
[1.142s] Level 1:colcon.colcon_core.package_identification:_identify(src/m-explore-ros2) by extension 'cmake'
[1.142s] Level 1:colcon.colcon_core.package_identification:_identify(src/m-explore-ros2) by extension 'python'
[1.143s] Level 1:colcon.colcon_core.package_identification:_identify(src/m-explore-ros2) by extensions ['python_setup_py']
[1.143s] Level 1:colcon.colcon_core.package_identification:_identify(src/m-explore-ros2) by extension 'python_setup_py'
[1.144s] Level 1:colcon.colcon_core.package_identification:_identify(src/m-explore-ros2/explore) by extensions ['ignore', 'ignore_ament_install']
[1.144s] Level 1:colcon.colcon_core.package_identification:_identify(src/m-explore-ros2/explore) by extension 'ignore'
[1.144s] Level 1:colcon.colcon_core.package_identification:_identify(src/m-explore-ros2/explore) by extension 'ignore_ament_install'
[1.145s] Level 1:colcon.colcon_core.package_identification:_identify(src/m-explore-ros2/explore) by extensions ['colcon_pkg']
[1.145s] Level 1:colcon.colcon_core.package_identification:_identify(src/m-explore-ros2/explore) by extension 'colcon_pkg'
[1.146s] Level 1:colcon.colcon_core.package_identification:_identify(src/m-explore-ros2/explore) by extensions ['colcon_meta']
[1.146s] Level 1:colcon.colcon_core.package_identification:_identify(src/m-explore-ros2/explore) by extension 'colcon_meta'
[1.146s] Level 1:colcon.colcon_core.package_identification:_identify(src/m-explore-ros2/explore) by extensions ['ros']
[1.146s] Level 1:colcon.colcon_core.package_identification:_identify(src/m-explore-ros2/explore) by extension 'ros'
[1.161s] DEBUG:colcon.colcon_core.package_identification:Package 'src/m-explore-ros2/explore' with type 'ros.ament_cmake' and name 'explore_lite'
[1.161s] Level 1:colcon.colcon_core.package_identification:_identify(src/m-explore-ros2/explore_lite_msgs) by extensions ['ignore', 'ignore_ament_install']
[1.162s] Level 1:colcon.colcon_core.package_identification:_identify(src/m-explore-ros2/explore_lite_msgs) by extension 'ignore'
[1.162s] Level 1:colcon.colcon_core.package_identification:_identify(src/m-explore-ros2/explore_lite_msgs) by extension 'ignore_ament_install'
[1.162s] Level 1:colcon.colcon_core.package_identification:_identify(src/m-explore-ros2/explore_lite_msgs) by extensions ['colcon_pkg']
[1.162s] Level 1:colcon.colcon_core.package_identification:_identify(src/m-explore-ros2/explore_lite_msgs) by extension 'colcon_pkg'
[1.163s] Level 1:colcon.colcon_core.package_identification:_identify(src/m-explore-ros2/explore_lite_msgs) by extensions ['colcon_meta']
[1.163s] Level 1:colcon.colcon_core.package_identification:_identify(src/m-explore-ros2/explore_lite_msgs) by extension 'colcon_meta'
[1.163s] Level 1:colcon.colcon_core.package_identification:_identify(src/m-explore-ros2/explore_lite_msgs) by extensions ['ros']
[1.163s] Level 1:colcon.colcon_core.package_identification:_identify(src/m-explore-ros2/explore_lite_msgs) by extension 'ros'
[1.170s] DEBUG:colcon.colcon_core.package_identification:Package 'src/m-explore-ros2/explore_lite_msgs' with type 'ros.ament_cmake' and name 'explore_lite_msgs'
[1.171s] Level 1:colcon.colcon_core.package_identification:_identify(src/m-explore-ros2/map_merge) by extensions ['ignore', 'ignore_ament_install']
[1.172s] Level 1:colcon.colcon_core.package_identification:_identify(src/m-explore-ros2/map_merge) by extension 'ignore'
[1.172s] Level 1:colcon.colcon_core.package_identification:_identify(src/m-explore-ros2/map_merge) by extension 'ignore_ament_install'
[1.173s] Level 1:colcon.colcon_core.package_identification:_identify(src/m-explore-ros2/map_merge) by extensions ['colcon_pkg']
[1.173s] Level 1:colcon.colcon_core.package_identification:_identify(src/m-explore-ros2/map_merge) by extension 'colcon_pkg'
[1.173s] Level 1:colcon.colcon_core.package_identification:_identify(src/m-explore-ros2/map_merge) by extensions ['colcon_meta']
[1.173s] Level 1:colcon.colcon_core.package_identification:_identify(src/m-explore-ros2/map_merge) by extension 'colcon_meta'
[1.174s] Level 1:colcon.colcon_core.package_identification:_identify(src/m-explore-ros2/map_merge) by extensions ['ros']
[1.174s] Level 1:colcon.colcon_core.package_identification:_identify(src/m-explore-ros2/map_merge) by extension 'ros'
[1.177s] DEBUG:colcon.colcon_core.package_identification:Package 'src/m-explore-ros2/map_merge' with type 'ros.ament_cmake' and name 'multirobot_map_merge'
[1.178s] Level 1:colcon.colcon_core.package_identification:_identify(src/robot_proyecto) by extensions ['ignore', 'ignore_ament_install']
[1.178s] Level 1:colcon.colcon_core.package_identification:_identify(src/robot_proyecto) by extension 'ignore'
[1.178s] Level 1:colcon.colcon_core.package_identification:_identify(src/robot_proyecto) by extension 'ignore_ament_install'
[1.179s] Level 1:colcon.colcon_core.package_identification:_identify(src/robot_proyecto) by extensions ['colcon_pkg']
[1.179s] Level 1:colcon.colcon_core.package_identification:_identify(src/robot_proyecto) by extension 'colcon_pkg'
[1.179s] Level 1:colcon.colcon_core.package_identification:_identify(src/robot_proyecto) by extensions ['colcon_meta']
[1.179s] Level 1:colcon.colcon_core.package_identification:_identify(src/robot_proyecto) by extension 'colcon_meta'
[1.179s] Level 1:colcon.colcon_core.package_identification:_identify(src/robot_proyecto) by extensions ['ros']
[1.180s] Level 1:colcon.colcon_core.package_identification:_identify(src/robot_proyecto) by extension 'ros'
[1.181s] DEBUG:colcon.colcon_core.package_identification:Package 'src/robot_proyecto' with type 'ros.ament_python' and name 'robot_proyecto'
[1.182s] Level 1:colcon.colcon_core.package_discovery:discover_packages(recursive) using defaults
[1.182s] Level 1:colcon.colcon_core.package_discovery:discover_packages(ignore) discover
[1.182s] Level 1:colcon.colcon_core.package_discovery:discover_packages(ignore) using defaults
[1.182s] Level 1:colcon.colcon_core.package_discovery:discover_packages(path) discover
[1.182s] Level 1:colcon.colcon_core.package_discovery:discover_packages(path) using defaults
[1.267s] Level 1:colcon.colcon_core.package_discovery:discover_packages(prefix_path) check parameters
[1.267s] Level 1:colcon.colcon_core.package_discovery:discover_packages(prefix_path) discover
[1.340s] DEBUG:colcon.colcon_installed_package_information.package_discovery:Found 390 installed packages in /opt/ros/jazzy
[1.342s] Level 1:colcon.colcon_core.package_discovery:discover_packages(prefix_path) using defaults
[1.685s] Level 5:colcon.colcon_core.verb:set package 'explore_lite_msgs' build argument 'cmake_args' from command line to 'None'
[1.685s] Level 5:colcon.colcon_core.verb:set package 'explore_lite_msgs' build argument 'cmake_target' from command line to 'None'
[1.685s] Level 5:colcon.colcon_core.verb:set package 'explore_lite_msgs' build argument 'cmake_target_skip_unavailable' from command line to 'False'
[1.685s] Level 5:colcon.colcon_core.verb:set package 'explore_lite_msgs' build argument 'cmake_clean_cache' from command line to 'False'
[1.685s] Level 5:colcon.colcon_core.verb:set package 'explore_lite_msgs' build argument 'cmake_clean_first' from command line to 'False'
[1.685s] Level 5:colcon.colcon_core.verb:set package 'explore_lite_msgs' build argument 'cmake_force_configure' from command line to 'False'
[1.686s] Level 5:colcon.colcon_core.verb:set package 'explore_lite_msgs' build argument 'ament_cmake_args' from command line to 'None'
[1.686s] Level 5:colcon.colcon_core.verb:set package 'explore_lite_msgs' build argument 'catkin_cmake_args' from command line to 'None'
[1.686s] Level 5:colcon.colcon_core.verb:set package 'explore_lite_msgs' build argument 'catkin_skip_building_tests' from command line to 'False'
[1.686s] DEBUG:colcon.colcon_core.verb:Building package 'explore_lite_msgs' with the following arguments: {'ament_cmake_args': None, 'build_base': '/home/paola/proyecto_robot/build/explore_lite_msgs', 'catkin_cmake_args': None, 'catkin_skip_building_tests': False, 'cmake_args': None, 'cmake_clean_cache': False, 'cmake_clean_first': False, 'cmake_force_configure': False, 'cmake_target': None, 'cmake_target_skip_unavailable': False, 'install_base': '/home/paola/proyecto_robot/install/explore_lite_msgs', 'merge_install': False, 'path': '/home/paola/proyecto_robot/src/m-explore-ros2/explore_lite_msgs', 'symlink_install': True, 'test_result_base': None}
[1.687s] Level 5:colcon.colcon_core.verb:set package 'multirobot_map_merge' build argument 'cmake_args' from command line to 'None'
[1.687s] Level 5:colcon.colcon_core.verb:set package 'multirobot_map_merge' build argument 'cmake_target' from command line to 'None'
[1.688s] Level 5:colcon.colcon_core.verb:set package 'multirobot_map_merge' build argument 'cmake_target_skip_unavailable' from command line to 'False'
[1.688s] Level 5:colcon.colcon_core.verb:set package 'multirobot_map_merge' build argument 'cmake_clean_cache' from command line to 'False'
[1.688s] Level 5:colcon.colcon_core.verb:set package 'multirobot_map_merge' build argument 'cmake_clean_first' from command line to 'False'
[1.688s] Level 5:colcon.colcon_core.verb:set package 'multirobot_map_merge' build argument 'cmake_force_configure' from command line to 'False'
[1.688s] Level 5:colcon.colcon_core.verb:set package 'multirobot_map_merge' build argument 'ament_cmake_args' from command line to 'None'
[1.688s] Level 5:colcon.colcon_core.verb:set package 'multirobot_map_merge' build argument 'catkin_cmake_args' from command line to 'None'
[1.688s] Level 5:colcon.colcon_core.verb:set package 'multirobot_map_merge' build argument 'catkin_skip_building_tests' from command line to 'False'
[1.688s] DEBUG:colcon.colcon_core.verb:Building package 'multirobot_map_merge' with the following arguments: {'ament_cmake_args': None, 'build_base': '/home/paola/proyecto_robot/build/multirobot_map_merge', 'catkin_cmake_args': None, 'catkin_skip_building_tests': False, 'cmake_args': None, 'cmake_clean_cache': False, 'cmake_clean_first': False, 'cmake_force_configure': False, 'cmake_target': None, 'cmake_target_skip_unavailable': False, 'install_base': '/home/paola/proyecto_robot/install/multirobot_map_merge', 'merge_install': False, 'path': '/home/paola/proyecto_robot/src/m-explore-ros2/map_merge', 'symlink_install': True, 'test_result_base': None}
[1.689s] Level 5:colcon.colcon_core.verb:set package 'robot_proyecto' build argument 'cmake_args' from command line to 'None'
[1.689s] Level 5:colcon.colcon_core.verb:set package 'robot_proyecto' build argument 'cmake_target' from command line to 'None'
[1.689s] Level 5:colcon.colcon_core.verb:set package 'robot_proyecto' build argument 'cmake_target_skip_unavailable' from command line to 'False'
[1.689s] Level 5:colcon.colcon_core.verb:set package 'robot_proyecto' build argument 'cmake_clean_cache' from command line to 'False'
[1.689s] Level 5:colcon.colcon_core.verb:set package 'robot_proyecto' build argument 'cmake_clean_first' from command line to 'False'
[1.689s] Level 5:colcon.colcon_core.verb:set package 'robot_proyecto' build argument 'cmake_force_configure' from command line to 'False'
[1.689s] Level 5:colcon.colcon_core.verb:set package 'robot_proyecto' build argument 'ament_cmake_args' from command line to 'None'
[1.690s] Level 5:colcon.colcon_core.verb:set package 'robot_proyecto' build argument 'catkin_cmake_args' from command line to 'None'
[1.690s] Level 5:colcon.colcon_core.verb:set package 'robot_proyecto' build argument 'catkin_skip_building_tests' from command line to 'False'
[1.690s] DEBUG:colcon.colcon_core.verb:Building package 'robot_proyecto' with the following arguments: {'ament_cmake_args': None, 'build_base': '/home/paola/proyecto_robot/build/robot_proyecto', 'catkin_cmake_args': None, 'catkin_skip_building_tests': False, 'cmake_args': None, 'cmake_clean_cache': False, 'cmake_clean_first': False, 'cmake_force_configure': False, 'cmake_target': None, 'cmake_target_skip_unavailable': False, 'install_base': '/home/paola/proyecto_robot/install/robot_proyecto', 'merge_install': False, 'path': '/home/paola/proyecto_robot/src/robot_proyecto', 'symlink_install': True, 'test_result_base': None}
[1.690s] Level 5:colcon.colcon_core.verb:set package 'explore_lite' build argument 'cmake_args' from command line to 'None'
[1.691s] Level 5:colcon.colcon_core.verb:set package 'explore_lite' build argument 'cmake_target' from command line to 'None'
[1.691s] Level 5:colcon.colcon_core.verb:set package 'explore_lite' build argument 'cmake_target_skip_unavailable' from command line to 'False'
[1.691s] Level 5:colcon.colcon_core.verb:set package 'explore_lite' build argument 'cmake_clean_cache' from command line to 'False'
[1.691s] Level 5:colcon.colcon_core.verb:set package 'explore_lite' build argument 'cmake_clean_first' from command line to 'False'
[1.691s] Level 5:colcon.colcon_core.verb:set package 'explore_lite' build argument 'cmake_force_configure' from command line to 'False'
[1.691s] Level 5:colcon.colcon_core.verb:set package 'explore_lite' build argument 'ament_cmake_args' from command line to 'None'
[1.691s] Level 5:colcon.colcon_core.verb:set package 'explore_lite' build argument 'catkin_cmake_args' from command line to 'None'
[1.691s] Level 5:colcon.colcon_core.verb:set package 'explore_lite' build argument 'catkin_skip_building_tests' from command line to 'False'
[1.691s] DEBUG:colcon.colcon_core.verb:Building package 'explore_lite' with the following arguments: {'ament_cmake_args': None, 'build_base': '/home/paola/proyecto_robot/build/explore_lite', 'catkin_cmake_args': None, 'catkin_skip_building_tests': False, 'cmake_args': None, 'cmake_clean_cache': False, 'cmake_clean_first': False, 'cmake_force_configure': False, 'cmake_target': None, 'cmake_target_skip_unavailable': False, 'install_base': '/home/paola/proyecto_robot/install/explore_lite', 'merge_install': False, 'path': '/home/paola/proyecto_robot/src/m-explore-ros2/explore', 'symlink_install': True, 'test_result_base': None}
[1.692s] INFO:colcon.colcon_core.executor:Executing jobs using 'parallel' executor
[1.697s] DEBUG:colcon.colcon_parallel_executor.executor.parallel:run_until_complete
[1.698s] INFO:colcon.colcon_ros.task.ament_cmake.build:Building ROS package in '/home/paola/proyecto_robot/src/m-explore-ros2/explore_lite_msgs' with build type 'ament_cmake'
[1.698s] INFO:colcon.colcon_cmake.task.cmake.build:Building CMake package in '/home/paola/proyecto_robot/src/m-explore-ros2/explore_lite_msgs'
[1.712s] INFO:colcon.colcon_core.plugin_system:Skipping extension 'colcon_core.shell.bat': Not used on non-Windows systems
[1.726s] INFO:colcon.colcon_core.shell:Skip shell extension 'powershell' for command environment: Not usable outside of PowerShell
[1.726s] DEBUG:colcon.colcon_core.shell:Skip shell extension 'dsv' for command environment
[1.759s] INFO:colcon.colcon_ros.task.ament_cmake.build:Building ROS package in '/home/paola/proyecto_robot/src/m-explore-ros2/map_merge' with build type 'ament_cmake'
[1.759s] INFO:colcon.colcon_cmake.task.cmake.build:Building CMake package in '/home/paola/proyecto_robot/src/m-explore-ros2/map_merge'
[1.760s] INFO:colcon.colcon_core.shell:Skip shell extension 'powershell' for command environment: Not usable outside of PowerShell
[1.760s] DEBUG:colcon.colcon_core.shell:Skip shell extension 'dsv' for command environment
[1.808s] INFO:colcon.colcon_ros.task.ament_python.build:Building ROS package in '/home/paola/proyecto_robot/src/robot_proyecto' with build type 'ament_python'
[1.808s] Level 1:colcon.colcon_core.shell:create_environment_hook('robot_proyecto', 'ament_prefix_path')
[1.808s] INFO:colcon.colcon_core.shell:Creating environment hook '/home/paola/proyecto_robot/install/robot_proyecto/share/robot_proyecto/hook/ament_prefix_path.ps1'
[1.814s] INFO:colcon.colcon_core.shell:Creating environment descriptor '/home/paola/proyecto_robot/install/robot_proyecto/share/robot_proyecto/hook/ament_prefix_path.dsv'
[1.821s] INFO:colcon.colcon_core.shell:Creating environment hook '/home/paola/proyecto_robot/install/robot_proyecto/share/robot_proyecto/hook/ament_prefix_path.sh'
[1.824s] INFO:colcon.colcon_core.shell:Skip shell extension 'powershell' for command environment: Not usable outside of PowerShell
[1.824s] DEBUG:colcon.colcon_core.shell:Skip shell extension 'dsv' for command environment
[1.914s] DEBUG:colcon.colcon_core.event_handler.log_command:Invoking command in '/home/paola/proyecto_robot/build/explore_lite_msgs': CMAKE_PREFIX_PATH=${CMAKE_PREFIX_PATH}:/opt/ros/jazzy /usr/bin/cmake /home/paola/proyecto_robot/src/m-explore-ros2/explore_lite_msgs -DAMENT_CMAKE_SYMLINK_INSTALL=1 -DCMAKE_INSTALL_PREFIX=/home/paola/proyecto_robot/install/explore_lite_msgs
[1.945s] DEBUG:colcon.colcon_core.event_handler.log_command:Invoking command in '/home/paola/proyecto_robot/build/multirobot_map_merge': CMAKE_PREFIX_PATH=${CMAKE_PREFIX_PATH}:/opt/ros/jazzy /usr/bin/cmake /home/paola/proyecto_robot/src/m-explore-ros2/map_merge -DAMENT_CMAKE_SYMLINK_INSTALL=1 -DCMAKE_INSTALL_PREFIX=/home/paola/proyecto_robot/install/multirobot_map_merge
[3.251s] INFO:colcon.colcon_core.task.python.build:Building Python package in '/home/paola/proyecto_robot/src/robot_proyecto'
[3.251s] INFO:colcon.colcon_core.shell:Skip shell extension 'powershell' for command environment: Not usable outside of PowerShell
[3.252s] DEBUG:colcon.colcon_core.shell:Skip shell extension 'dsv' for command environment
[12.025s] DEBUG:colcon.colcon_core.task.python.build:Available setuptools commands: bdist_dumb, sdist, build_py, build_ext, rotate, dist_info, register, easy_install, install_scripts, install_egg_info, test, init_catalog, build, install_headers, bdist, check, install_data, clean, upload_docs, saveopts, build_clib, setopt, egg_info, build_scripts, install, symlink_data, extract_messages, install_lib, upload, editable_wheel, bdist_egg, develop, compile_catalog, alias, bdist_rpm, update_catalog
[14.181s] DEBUG:colcon.colcon_core.task.python.build:Available setuptools 'develop' options: --exclude-scripts, --version, --zip-ok, --site-dirs, --upgrade, --egg-path, --local-snapshots-ok, --install-layout, --force-installation-into-system-dir, --no-user-cfg, --find-links, --quiet, --script-dir, --always-copy, --optimize, --help, --multi-version, --install-dir, --prefix, --editable, --verbose, --allow-hosts, --index-url, --record, --no-find-links, --dry-run, --no-deps, --uninstall, --user, --always-unzip, --build-directory
[14.197s] DEBUG:colcon.colcon_core.event_handler.log_command:Invoking command in '/home/paola/proyecto_robot/build/robot_proyecto': PYTHONPATH=/home/paola/proyecto_robot/build/robot_proyecto/prefix_override:/usr/lib/python3/dist-packages/colcon_core/task/python/colcon_distutils_commands:/home/paola/proyecto_robot/install/robot_proyecto/lib/python3.12/site-packages:${PYTHONPATH} /usr/bin/python3 -W ignore:setup.py install is deprecated -W ignore:easy_install command is deprecated setup.py develop --editable --build-directory /home/paola/proyecto_robot/build/robot_proyecto/build --no-deps symlink_data
[19.313s] Level 1:colcon.colcon_core.shell:create_environment_hook('robot_proyecto', 'pythonpath_develop')
[19.313s] INFO:colcon.colcon_core.shell:Creating environment hook '/home/paola/proyecto_robot/build/robot_proyecto/share/robot_proyecto/hook/pythonpath_develop.ps1'
[19.314s] DEBUG:colcon.colcon_core.event_handler.log_command:Invoked command in '/home/paola/proyecto_robot/build/robot_proyecto' returned '0': PYTHONPATH=/home/paola/proyecto_robot/build/robot_proyecto/prefix_override:/usr/lib/python3/dist-packages/colcon_core/task/python/colcon_distutils_commands:/home/paola/proyecto_robot/install/robot_proyecto/lib/python3.12/site-packages:${PYTHONPATH} /usr/bin/python3 -W ignore:setup.py install is deprecated -W ignore:easy_install command is deprecated setup.py develop --editable --build-directory /home/paola/proyecto_robot/build/robot_proyecto/build --no-deps symlink_data
[19.322s] INFO:colcon.colcon_core.shell:Creating environment descriptor '/home/paola/proyecto_robot/build/robot_proyecto/share/robot_proyecto/hook/pythonpath_develop.dsv'
[19.326s] INFO:colcon.colcon_core.shell:Creating environment hook '/home/paola/proyecto_robot/build/robot_proyecto/share/robot_proyecto/hook/pythonpath_develop.sh'
[19.343s] Level 1:colcon.colcon_core.environment:checking '/home/paola/proyecto_robot/install/robot_proyecto' for CMake module files
[19.348s] Level 1:colcon.colcon_core.environment:checking '/home/paola/proyecto_robot/install/robot_proyecto' for CMake config files
[19.360s] Level 1:colcon.colcon_core.environment:checking '/home/paola/proyecto_robot/install/robot_proyecto/lib'
[19.360s] Level 1:colcon.colcon_core.environment:checking '/home/paola/proyecto_robot/install/robot_proyecto/bin'
[19.361s] Level 1:colcon.colcon_core.environment:checking '/home/paola/proyecto_robot/install/robot_proyecto/lib/pkgconfig/robot_proyecto.pc'
[19.361s] Level 1:colcon.colcon_core.environment:checking '/home/paola/proyecto_robot/install/robot_proyecto/lib/python3.12/site-packages'
[19.362s] Level 1:colcon.colcon_core.shell:create_environment_hook('robot_proyecto', 'pythonpath')
[19.362s] INFO:colcon.colcon_core.shell:Creating environment hook '/home/paola/proyecto_robot/install/robot_proyecto/share/robot_proyecto/hook/pythonpath.ps1'
[19.365s] INFO:colcon.colcon_core.shell:Creating environment descriptor '/home/paola/proyecto_robot/install/robot_proyecto/share/robot_proyecto/hook/pythonpath.dsv'
[19.367s] INFO:colcon.colcon_core.shell:Creating environment hook '/home/paola/proyecto_robot/install/robot_proyecto/share/robot_proyecto/hook/pythonpath.sh'
[19.369s] Level 1:colcon.colcon_core.environment:checking '/home/paola/proyecto_robot/install/robot_proyecto/bin'
[19.370s] Level 1:colcon.colcon_core.environment:create_environment_scripts_only(robot_proyecto)
[19.370s] INFO:colcon.colcon_core.shell:Creating package script '/home/paola/proyecto_robot/install/robot_proyecto/share/robot_proyecto/package.ps1'
[19.374s] INFO:colcon.colcon_core.shell:Creating package descriptor '/home/paola/proyecto_robot/install/robot_proyecto/share/robot_proyecto/package.dsv'
[19.376s] INFO:colcon.colcon_core.shell:Creating package script '/home/paola/proyecto_robot/install/robot_proyecto/share/robot_proyecto/package.sh'
[19.379s] INFO:colcon.colcon_core.shell:Creating package script '/home/paola/proyecto_robot/install/robot_proyecto/share/robot_proyecto/package.bash'
[19.381s] INFO:colcon.colcon_core.shell:Creating package script '/home/paola/proyecto_robot/install/robot_proyecto/share/robot_proyecto/package.zsh'
[19.384s] Level 1:colcon.colcon_core.environment:create_file_with_runtime_dependencies(/home/paola/proyecto_robot/install/robot_proyecto/share/colcon-core/packages/robot_proyecto)
[34.886s] DEBUG:colcon.colcon_core.event_handler.log_command:Invoked command in '/home/paola/proyecto_robot/build/explore_lite_msgs' returned '0': CMAKE_PREFIX_PATH=${CMAKE_PREFIX_PATH}:/opt/ros/jazzy /usr/bin/cmake /home/paola/proyecto_robot/src/m-explore-ros2/explore_lite_msgs -DAMENT_CMAKE_SYMLINK_INSTALL=1 -DCMAKE_INSTALL_PREFIX=/home/paola/proyecto_robot/install/explore_lite_msgs
[34.893s] DEBUG:colcon.colcon_core.event_handler.log_command:Invoking command in '/home/paola/proyecto_robot/build/explore_lite_msgs': CMAKE_PREFIX_PATH=${CMAKE_PREFIX_PATH}:/opt/ros/jazzy /usr/bin/cmake --build /home/paola/proyecto_robot/build/explore_lite_msgs -- -j8 -l8
[56.482s] DEBUG:colcon.colcon_core.event_handler.log_command:Invoked command in '/home/paola/proyecto_robot/build/multirobot_map_merge' returned '0': CMAKE_PREFIX_PATH=${CMAKE_PREFIX_PATH}:/opt/ros/jazzy /usr/bin/cmake /home/paola/proyecto_robot/src/m-explore-ros2/map_merge -DAMENT_CMAKE_SYMLINK_INSTALL=1 -DCMAKE_INSTALL_PREFIX=/home/paola/proyecto_robot/install/multirobot_map_merge
[56.489s] DEBUG:colcon.colcon_core.event_handler.log_command:Invoking command in '/home/paola/proyecto_robot/build/multirobot_map_merge': CMAKE_PREFIX_PATH=${CMAKE_PREFIX_PATH}:/opt/ros/jazzy /usr/bin/cmake --build /home/paola/proyecto_robot/build/multirobot_map_merge -- -j8 -l8
[65.282s] DEBUG:colcon.colcon_core.event_handler.log_command:Invoked command in '/home/paola/proyecto_robot/build/explore_lite_msgs' returned '0': CMAKE_PREFIX_PATH=${CMAKE_PREFIX_PATH}:/opt/ros/jazzy /usr/bin/cmake --build /home/paola/proyecto_robot/build/explore_lite_msgs -- -j8 -l8
[65.473s] DEBUG:colcon.colcon_core.event_handler.log_command:Invoking command in '/home/paola/proyecto_robot/build/explore_lite_msgs': CMAKE_PREFIX_PATH=${CMAKE_PREFIX_PATH}:/opt/ros/jazzy /usr/bin/cmake --install /home/paola/proyecto_robot/build/explore_lite_msgs
[82.358s] Level 1:colcon.colcon_core.environment:create_environment_scripts_only(explore_lite_msgs)
[82.358s] Level 1:colcon.colcon_core.environment:checking '/home/paola/proyecto_robot/install/explore_lite_msgs' for CMake module files
[82.361s] DEBUG:colcon.colcon_core.event_handler.log_command:Invoked command in '/home/paola/proyecto_robot/build/explore_lite_msgs' returned '0': CMAKE_PREFIX_PATH=${CMAKE_PREFIX_PATH}:/opt/ros/jazzy /usr/bin/cmake --install /home/paola/proyecto_robot/build/explore_lite_msgs
[82.370s] Level 1:colcon.colcon_core.environment:checking '/home/paola/proyecto_robot/install/explore_lite_msgs' for CMake config files
[82.379s] Level 1:colcon.colcon_core.shell:create_environment_hook('explore_lite_msgs', 'cmake_prefix_path')
[82.380s] INFO:colcon.colcon_core.shell:Creating environment hook '/home/paola/proyecto_robot/install/explore_lite_msgs/share/explore_lite_msgs/hook/cmake_prefix_path.ps1'
[82.383s] INFO:colcon.colcon_core.shell:Creating environment descriptor '/home/paola/proyecto_robot/install/explore_lite_msgs/share/explore_lite_msgs/hook/cmake_prefix_path.dsv'
[82.385s] INFO:colcon.colcon_core.shell:Creating environment hook '/home/paola/proyecto_robot/install/explore_lite_msgs/share/explore_lite_msgs/hook/cmake_prefix_path.sh'
[82.388s] Level 1:colcon.colcon_core.environment:checking '/home/paola/proyecto_robot/install/explore_lite_msgs/lib'
[82.388s] Level 1:colcon.colcon_core.shell:create_environment_hook('explore_lite_msgs', 'ld_library_path_lib')
[82.389s] INFO:colcon.colcon_core.shell:Creating environment hook '/home/paola/proyecto_robot/install/explore_lite_msgs/share/explore_lite_msgs/hook/ld_library_path_lib.ps1'
[82.391s] INFO:colcon.colcon_core.shell:Creating environment descriptor '/home/paola/proyecto_robot/install/explore_lite_msgs/share/explore_lite_msgs/hook/ld_library_path_lib.dsv'
[82.393s] INFO:colcon.colcon_core.shell:Creating environment hook '/home/paola/proyecto_robot/install/explore_lite_msgs/share/explore_lite_msgs/hook/ld_library_path_lib.sh'
[82.417s] Level 1:colcon.colcon_core.environment:checking '/home/paola/proyecto_robot/install/explore_lite_msgs/bin'
[82.417s] Level 1:colcon.colcon_core.environment:checking '/home/paola/proyecto_robot/install/explore_lite_msgs/lib/pkgconfig/explore_lite_msgs.pc'
[82.418s] Level 1:colcon.colcon_core.environment:checking '/home/paola/proyecto_robot/install/explore_lite_msgs/lib/python3.12/site-packages'
[82.418s] Level 1:colcon.colcon_core.shell:create_environment_hook('explore_lite_msgs', 'pythonpath')
[82.419s] INFO:colcon.colcon_core.shell:Creating environment hook '/home/paola/proyecto_robot/install/explore_lite_msgs/share/explore_lite_msgs/hook/pythonpath.ps1'
[82.421s] INFO:colcon.colcon_core.shell:Creating environment descriptor '/home/paola/proyecto_robot/install/explore_lite_msgs/share/explore_lite_msgs/hook/pythonpath.dsv'
[82.423s] INFO:colcon.colcon_core.shell:Creating environment hook '/home/paola/proyecto_robot/install/explore_lite_msgs/share/explore_lite_msgs/hook/pythonpath.sh'
[82.426s] Level 1:colcon.colcon_core.environment:checking '/home/paola/proyecto_robot/install/explore_lite_msgs/bin'
[82.428s] INFO:colcon.colcon_core.shell:Creating package script '/home/paola/proyecto_robot/install/explore_lite_msgs/share/explore_lite_msgs/package.ps1'
[82.431s] INFO:colcon.colcon_core.shell:Creating package descriptor '/home/paola/proyecto_robot/install/explore_lite_msgs/share/explore_lite_msgs/package.dsv'
[82.434s] INFO:colcon.colcon_core.shell:Creating package script '/home/paola/proyecto_robot/install/explore_lite_msgs/share/explore_lite_msgs/package.sh'
[82.435s] INFO:colcon.colcon_core.shell:Creating package script '/home/paola/proyecto_robot/install/explore_lite_msgs/share/explore_lite_msgs/package.bash'
[82.437s] INFO:colcon.colcon_core.shell:Creating package script '/home/paola/proyecto_robot/install/explore_lite_msgs/share/explore_lite_msgs/package.zsh'
[82.439s] Level 1:colcon.colcon_core.environment:create_file_with_runtime_dependencies(/home/paola/proyecto_robot/install/explore_lite_msgs/share/colcon-core/packages/explore_lite_msgs)
[82.441s] Level 1:colcon.colcon_core.environment:create_environment_scripts_only(explore_lite_msgs)
[82.442s] Level 1:colcon.colcon_core.environment:checking '/home/paola/proyecto_robot/install/explore_lite_msgs' for CMake module files
[82.465s] Level 1:colcon.colcon_core.environment:checking '/home/paola/proyecto_robot/install/explore_lite_msgs' for CMake config files
[82.477s] Level 1:colcon.colcon_core.shell:create_environment_hook('explore_lite_msgs', 'cmake_prefix_path')
[82.478s] INFO:colcon.colcon_core.shell:Creating environment hook '/home/paola/proyecto_robot/install/explore_lite_msgs/share/explore_lite_msgs/hook/cmake_prefix_path.ps1'
[82.481s] INFO:colcon.colcon_core.shell:Creating environment descriptor '/home/paola/proyecto_robot/install/explore_lite_msgs/share/explore_lite_msgs/hook/cmake_prefix_path.dsv'
[82.483s] INFO:colcon.colcon_core.shell:Creating environment hook '/home/paola/proyecto_robot/install/explore_lite_msgs/share/explore_lite_msgs/hook/cmake_prefix_path.sh'
[82.486s] Level 1:colcon.colcon_core.environment:checking '/home/paola/proyecto_robot/install/explore_lite_msgs/lib'
[82.487s] Level 1:colcon.colcon_core.shell:create_environment_hook('explore_lite_msgs', 'ld_library_path_lib')
[82.487s] INFO:colcon.colcon_core.shell:Creating environment hook '/home/paola/proyecto_robot/install/explore_lite_msgs/share/explore_lite_msgs/hook/ld_library_path_lib.ps1'
[82.489s] INFO:colcon.colcon_core.shell:Creating environment descriptor '/home/paola/proyecto_robot/install/explore_lite_msgs/share/explore_lite_msgs/hook/ld_library_path_lib.dsv'
[82.490s] INFO:colcon.colcon_core.shell:Creating environment hook '/home/paola/proyecto_robot/install/explore_lite_msgs/share/explore_lite_msgs/hook/ld_library_path_lib.sh'
[82.492s] Level 1:colcon.colcon_core.environment:checking '/home/paola/proyecto_robot/install/explore_lite_msgs/bin'
[82.492s] Level 1:colcon.colcon_core.environment:checking '/home/paola/proyecto_robot/install/explore_lite_msgs/lib/pkgconfig/explore_lite_msgs.pc'
[82.493s] Level 1:colcon.colcon_core.environment:checking '/home/paola/proyecto_robot/install/explore_lite_msgs/lib/python3.12/site-packages'
[82.495s] Level 1:colcon.colcon_core.shell:create_environment_hook('explore_lite_msgs', 'pythonpath')
[82.495s] INFO:colcon.colcon_core.shell:Creating environment hook '/home/paola/proyecto_robot/install/explore_lite_msgs/share/explore_lite_msgs/hook/pythonpath.ps1'
[82.497s] INFO:colcon.colcon_core.shell:Creating environment descriptor '/home/paola/proyecto_robot/install/explore_lite_msgs/share/explore_lite_msgs/hook/pythonpath.dsv'
[82.499s] INFO:colcon.colcon_core.shell:Creating environment hook '/home/paola/proyecto_robot/install/explore_lite_msgs/share/explore_lite_msgs/hook/pythonpath.sh'
[82.509s] Level 1:colcon.colcon_core.environment:checking '/home/paola/proyecto_robot/install/explore_lite_msgs/bin'
[82.511s] INFO:colcon.colcon_core.shell:Creating package script '/home/paola/proyecto_robot/install/explore_lite_msgs/share/explore_lite_msgs/package.ps1'
[82.516s] INFO:colcon.colcon_core.shell:Creating package descriptor '/home/paola/proyecto_robot/install/explore_lite_msgs/share/explore_lite_msgs/package.dsv'
[82.519s] INFO:colcon.colcon_core.shell:Creating package script '/home/paola/proyecto_robot/install/explore_lite_msgs/share/explore_lite_msgs/package.sh'
[82.526s] INFO:colcon.colcon_core.shell:Creating package script '/home/paola/proyecto_robot/install/explore_lite_msgs/share/explore_lite_msgs/package.bash'
[82.529s] INFO:colcon.colcon_core.shell:Creating package script '/home/paola/proyecto_robot/install/explore_lite_msgs/share/explore_lite_msgs/package.zsh'
[82.531s] Level 1:colcon.colcon_core.environment:create_file_with_runtime_dependencies(/home/paola/proyecto_robot/install/explore_lite_msgs/share/colcon-core/packages/explore_lite_msgs)
[82.533s] INFO:colcon.colcon_ros.task.ament_cmake.build:Building ROS package in '/home/paola/proyecto_robot/src/m-explore-ros2/explore' with build type 'ament_cmake'
[82.533s] INFO:colcon.colcon_cmake.task.cmake.build:Building CMake package in '/home/paola/proyecto_robot/src/m-explore-ros2/explore'
[82.534s] INFO:colcon.colcon_core.shell:Skip shell extension 'powershell' for command environment: Not usable outside of PowerShell
[82.534s] DEBUG:colcon.colcon_core.shell:Skip shell extension 'dsv' for command environment
[82.866s] DEBUG:colcon.colcon_core.event_handler.log_command:Invoking command in '/home/paola/proyecto_robot/build/explore_lite': AMENT_PREFIX_PATH=/home/paola/proyecto_robot/install/explore_lite_msgs:${AMENT_PREFIX_PATH} CMAKE_PREFIX_PATH=/home/paola/proyecto_robot/install/explore_lite_msgs:/opt/ros/jazzy/opt/gz_sim_vendor:/opt/ros/jazzy/opt/gz_sensors_vendor:/opt/ros/jazzy/opt/gz_physics_vendor:/opt/ros/jazzy/opt/sdformat_vendor:/opt/ros/jazzy/opt/gz_gui_vendor:/opt/ros/jazzy/opt/gz_transport_vendor:/opt/ros/jazzy/opt/gz_rendering_vendor:/opt/ros/jazzy/opt/gz_plugin_vendor:/opt/ros/jazzy/opt/gz_fuel_tools_vendor:/opt/ros/jazzy/opt/gz_msgs_vendor:/opt/ros/jazzy/opt/gz_common_vendor:/opt/ros/jazzy/opt/gz_math_vendor:/opt/ros/jazzy/opt/gz_utils_vendor:/opt/ros/jazzy/opt/gz_tools_vendor:/opt/ros/jazzy/opt/gz_ogre_next_vendor:/opt/ros/jazzy/opt/gz_dartsim_vendor:/opt/ros/jazzy/opt/gz_cmake_vendor:/opt/ros/jazzy LD_LIBRARY_PATH=/home/paola/proyecto_robot/install/explore_lite_msgs/lib:${LD_LIBRARY_PATH} PYTHONPATH=/home/paola/proyecto_robot/install/explore_lite_msgs/lib/python3.12/site-packages:${PYTHONPATH} /usr/bin/cmake /home/paola/proyecto_robot/src/m-explore-ros2/explore -DAMENT_CMAKE_SYMLINK_INSTALL=1 -DCMAKE_INSTALL_PREFIX=/home/paola/proyecto_robot/install/explore_lite
[117.862s] DEBUG:colcon.colcon_core.event_handler.log_command:Invoked command in '/home/paola/proyecto_robot/build/explore_lite' returned '0': AMENT_PREFIX_PATH=/home/paola/proyecto_robot/install/explore_lite_msgs:${AMENT_PREFIX_PATH} CMAKE_PREFIX_PATH=/home/paola/proyecto_robot/install/explore_lite_msgs:/opt/ros/jazzy/opt/gz_sim_vendor:/opt/ros/jazzy/opt/gz_sensors_vendor:/opt/ros/jazzy/opt/gz_physics_vendor:/opt/ros/jazzy/opt/sdformat_vendor:/opt/ros/jazzy/opt/gz_gui_vendor:/opt/ros/jazzy/opt/gz_transport_vendor:/opt/ros/jazzy/opt/gz_rendering_vendor:/opt/ros/jazzy/opt/gz_plugin_vendor:/opt/ros/jazzy/opt/gz_fuel_tools_vendor:/opt/ros/jazzy/opt/gz_msgs_vendor:/opt/ros/jazzy/opt/gz_common_vendor:/opt/ros/jazzy/opt/gz_math_vendor:/opt/ros/jazzy/opt/gz_utils_vendor:/opt/ros/jazzy/opt/gz_tools_vendor:/opt/ros/jazzy/opt/gz_ogre_next_vendor:/opt/ros/jazzy/opt/gz_dartsim_vendor:/opt/ros/jazzy/opt/gz_cmake_vendor:/opt/ros/jazzy LD_LIBRARY_PATH=/home/paola/proyecto_robot/install/explore_lite_msgs/lib:${LD_LIBRARY_PATH} PYTHONPATH=/home/paola/proyecto_robot/install/explore_lite_msgs/lib/python3.12/site-packages:${PYTHONPATH} /usr/bin/cmake /home/paola/proyecto_robot/src/m-explore-ros2/explore -DAMENT_CMAKE_SYMLINK_INSTALL=1 -DCMAKE_INSTALL_PREFIX=/home/paola/proyecto_robot/install/explore_lite
[117.875s] DEBUG:colcon.colcon_core.event_handler.log_command:Invoking command in '/home/paola/proyecto_robot/build/explore_lite': AMENT_PREFIX_PATH=/home/paola/proyecto_robot/install/explore_lite_msgs:${AMENT_PREFIX_PATH} CMAKE_PREFIX_PATH=/home/paola/proyecto_robot/install/explore_lite_msgs:/opt/ros/jazzy/opt/gz_sim_vendor:/opt/ros/jazzy/opt/gz_sensors_vendor:/opt/ros/jazzy/opt/gz_physics_vendor:/opt/ros/jazzy/opt/sdformat_vendor:/opt/ros/jazzy/opt/gz_gui_vendor:/opt/ros/jazzy/opt/gz_transport_vendor:/opt/ros/jazzy/opt/gz_rendering_vendor:/opt/ros/jazzy/opt/gz_plugin_vendor:/opt/ros/jazzy/opt/gz_fuel_tools_vendor:/opt/ros/jazzy/opt/gz_msgs_vendor:/opt/ros/jazzy/opt/gz_common_vendor:/opt/ros/jazzy/opt/gz_math_vendor:/opt/ros/jazzy/opt/gz_utils_vendor:/opt/ros/jazzy/opt/gz_tools_vendor:/opt/ros/jazzy/opt/gz_ogre_next_vendor:/opt/ros/jazzy/opt/gz_dartsim_vendor:/opt/ros/jazzy/opt/gz_cmake_vendor:/opt/ros/jazzy LD_LIBRARY_PATH=/home/paola/proyecto_robot/install/explore_lite_msgs/lib:${LD_LIBRARY_PATH} PYTHONPATH=/home/paola/proyecto_robot/install/explore_lite_msgs/lib/python3.12/site-packages:${PYTHONPATH} /usr/bin/cmake --build /home/paola/proyecto_robot/build/explore_lite -- -j8 -l8
[186.365s] DEBUG:colcon.colcon_core.event_handler.log_command:Invoked command in '/home/paola/proyecto_robot/build/multirobot_map_merge' returned '0': CMAKE_PREFIX_PATH=${CMAKE_PREFIX_PATH}:/opt/ros/jazzy /usr/bin/cmake --build /home/paola/proyecto_robot/build/multirobot_map_merge -- -j8 -l8
[186.366s] DEBUG:colcon.colcon_core.event_handler.log_command:Invoking command in '/home/paola/proyecto_robot/build/multirobot_map_merge': CMAKE_PREFIX_PATH=${CMAKE_PREFIX_PATH}:/opt/ros/jazzy /usr/bin/cmake --install /home/paola/proyecto_robot/build/multirobot_map_merge
[191.132s] DEBUG:colcon.colcon_core.event_handler.log_command:Invoked command in '/home/paola/proyecto_robot/build/explore_lite' returned '0': AMENT_PREFIX_PATH=/home/paola/proyecto_robot/install/explore_lite_msgs:${AMENT_PREFIX_PATH} CMAKE_PREFIX_PATH=/home/paola/proyecto_robot/install/explore_lite_msgs:/opt/ros/jazzy/opt/gz_sim_vendor:/opt/ros/jazzy/opt/gz_sensors_vendor:/opt/ros/jazzy/opt/gz_physics_vendor:/opt/ros/jazzy/opt/sdformat_vendor:/opt/ros/jazzy/opt/gz_gui_vendor:/opt/ros/jazzy/opt/gz_transport_vendor:/opt/ros/jazzy/opt/gz_rendering_vendor:/opt/ros/jazzy/opt/gz_plugin_vendor:/opt/ros/jazzy/opt/gz_fuel_tools_vendor:/opt/ros/jazzy/opt/gz_msgs_vendor:/opt/ros/jazzy/opt/gz_common_vendor:/opt/ros/jazzy/opt/gz_math_vendor:/opt/ros/jazzy/opt/gz_utils_vendor:/opt/ros/jazzy/opt/gz_tools_vendor:/opt/ros/jazzy/opt/gz_ogre_next_vendor:/opt/ros/jazzy/opt/gz_dartsim_vendor:/opt/ros/jazzy/opt/gz_cmake_vendor:/opt/ros/jazzy LD_LIBRARY_PATH=/home/paola/proyecto_robot/install/explore_lite_msgs/lib:${LD_LIBRARY_PATH} PYTHONPATH=/home/paola/proyecto_robot/install/explore_lite_msgs/lib/python3.12/site-packages:${PYTHONPATH} /usr/bin/cmake --build /home/paola/proyecto_robot/build/explore_lite -- -j8 -l8
[191.141s] DEBUG:colcon.colcon_core.event_handler.log_command:Invoking command in '/home/paola/proyecto_robot/build/explore_lite': AMENT_PREFIX_PATH=/home/paola/proyecto_robot/install/explore_lite_msgs:${AMENT_PREFIX_PATH} CMAKE_PREFIX_PATH=/home/paola/proyecto_robot/install/explore_lite_msgs:/opt/ros/jazzy/opt/gz_sim_vendor:/opt/ros/jazzy/opt/gz_sensors_vendor:/opt/ros/jazzy/opt/gz_physics_vendor:/opt/ros/jazzy/opt/sdformat_vendor:/opt/ros/jazzy/opt/gz_gui_vendor:/opt/ros/jazzy/opt/gz_transport_vendor:/opt/ros/jazzy/opt/gz_rendering_vendor:/opt/ros/jazzy/opt/gz_plugin_vendor:/opt/ros/jazzy/opt/gz_fuel_tools_vendor:/opt/ros/jazzy/opt/gz_msgs_vendor:/opt/ros/jazzy/opt/gz_common_vendor:/opt/ros/jazzy/opt/gz_math_vendor:/opt/ros/jazzy/opt/gz_utils_vendor:/opt/ros/jazzy/opt/gz_tools_vendor:/opt/ros/jazzy/opt/gz_ogre_next_vendor:/opt/ros/jazzy/opt/gz_dartsim_vendor:/opt/ros/jazzy/opt/gz_cmake_vendor:/opt/ros/jazzy LD_LIBRARY_PATH=/home/paola/proyecto_robot/install/explore_lite_msgs/lib:${LD_LIBRARY_PATH} PYTHONPATH=/home/paola/proyecto_robot/install/explore_lite_msgs/lib/python3.12/site-packages:${PYTHONPATH} /usr/bin/cmake --install /home/paola/proyecto_robot/build/explore_lite
[193.016s] Level 1:colcon.colcon_core.environment:create_environment_scripts_only(multirobot_map_merge)
[193.017s] Level 1:colcon.colcon_core.environment:checking '/home/paola/proyecto_robot/install/multirobot_map_merge' for CMake module files
[193.018s] DEBUG:colcon.colcon_core.event_handler.log_command:Invoked command in '/home/paola/proyecto_robot/build/multirobot_map_merge' returned '0': CMAKE_PREFIX_PATH=${CMAKE_PREFIX_PATH}:/opt/ros/jazzy /usr/bin/cmake --install /home/paola/proyecto_robot/build/multirobot_map_merge
[193.027s] Level 1:colcon.colcon_core.environment:checking '/home/paola/proyecto_robot/install/multirobot_map_merge' for CMake config files
[193.032s] Level 1:colcon.colcon_core.shell:create_environment_hook('multirobot_map_merge', 'cmake_prefix_path')
[193.033s] INFO:colcon.colcon_core.shell:Creating environment hook '/home/paola/proyecto_robot/install/multirobot_map_merge/share/multirobot_map_merge/hook/cmake_prefix_path.ps1'
[193.036s] INFO:colcon.colcon_core.shell:Creating environment descriptor '/home/paola/proyecto_robot/install/multirobot_map_merge/share/multirobot_map_merge/hook/cmake_prefix_path.dsv'
[193.047s] INFO:colcon.colcon_core.shell:Creating environment hook '/home/paola/proyecto_robot/install/multirobot_map_merge/share/multirobot_map_merge/hook/cmake_prefix_path.sh'
[193.049s] Level 1:colcon.colcon_core.environment:checking '/home/paola/proyecto_robot/install/multirobot_map_merge/lib'
[193.050s] Level 1:colcon.colcon_core.environment:checking '/home/paola/proyecto_robot/install/multirobot_map_merge/bin'
[193.050s] Level 1:colcon.colcon_core.environment:checking '/home/paola/proyecto_robot/install/multirobot_map_merge/lib/pkgconfig/multirobot_map_merge.pc'
[193.051s] Level 1:colcon.colcon_core.environment:checking '/home/paola/proyecto_robot/install/multirobot_map_merge/lib/python3.12/site-packages'
[193.052s] Level 1:colcon.colcon_core.environment:checking '/home/paola/proyecto_robot/install/multirobot_map_merge/bin'
[193.053s] INFO:colcon.colcon_core.shell:Creating package script '/home/paola/proyecto_robot/install/multirobot_map_merge/share/multirobot_map_merge/package.ps1'
[193.056s] INFO:colcon.colcon_core.shell:Creating package descriptor '/home/paola/proyecto_robot/install/multirobot_map_merge/share/multirobot_map_merge/package.dsv'
[193.059s] INFO:colcon.colcon_core.shell:Creating package script '/home/paola/proyecto_robot/install/multirobot_map_merge/share/multirobot_map_merge/package.sh'
[193.062s] INFO:colcon.colcon_core.shell:Creating package script '/home/paola/proyecto_robot/install/multirobot_map_merge/share/multirobot_map_merge/package.bash'
[193.068s] INFO:colcon.colcon_core.shell:Creating package script '/home/paola/proyecto_robot/install/multirobot_map_merge/share/multirobot_map_merge/package.zsh'
[193.070s] Level 1:colcon.colcon_core.environment:create_file_with_runtime_dependencies(/home/paola/proyecto_robot/install/multirobot_map_merge/share/colcon-core/packages/multirobot_map_merge)
[193.075s] Level 1:colcon.colcon_core.environment:create_environment_scripts_only(multirobot_map_merge)
[193.076s] Level 1:colcon.colcon_core.environment:checking '/home/paola/proyecto_robot/install/multirobot_map_merge' for CMake module files
[193.080s] Level 1:colcon.colcon_core.environment:checking '/home/paola/proyecto_robot/install/multirobot_map_merge' for CMake config files
[193.084s] Level 1:colcon.colcon_core.shell:create_environment_hook('multirobot_map_merge', 'cmake_prefix_path')
[193.085s] INFO:colcon.colcon_core.shell:Creating environment hook '/home/paola/proyecto_robot/install/multirobot_map_merge/share/multirobot_map_merge/hook/cmake_prefix_path.ps1'
[193.087s] INFO:colcon.colcon_core.shell:Creating environment descriptor '/home/paola/proyecto_robot/install/multirobot_map_merge/share/multirobot_map_merge/hook/cmake_prefix_path.dsv'
[193.088s] INFO:colcon.colcon_core.shell:Creating environment hook '/home/paola/proyecto_robot/install/multirobot_map_merge/share/multirobot_map_merge/hook/cmake_prefix_path.sh'
[193.090s] Level 1:colcon.colcon_core.environment:checking '/home/paola/proyecto_robot/install/multirobot_map_merge/lib'
[193.091s] Level 1:colcon.colcon_core.environment:checking '/home/paola/proyecto_robot/install/multirobot_map_merge/bin'
[193.091s] Level 1:colcon.colcon_core.environment:checking '/home/paola/proyecto_robot/install/multirobot_map_merge/lib/pkgconfig/multirobot_map_merge.pc'
[193.092s] Level 1:colcon.colcon_core.environment:checking '/home/paola/proyecto_robot/install/multirobot_map_merge/lib/python3.12/site-packages'
[193.093s] Level 1:colcon.colcon_core.environment:checking '/home/paola/proyecto_robot/install/multirobot_map_merge/bin'
[193.094s] INFO:colcon.colcon_core.shell:Creating package script '/home/paola/proyecto_robot/install/multirobot_map_merge/share/multirobot_map_merge/package.ps1'
[193.105s] INFO:colcon.colcon_core.shell:Creating package descriptor '/home/paola/proyecto_robot/install/multirobot_map_merge/share/multirobot_map_merge/package.dsv'
[193.107s] INFO:colcon.colcon_core.shell:Creating package script '/home/paola/proyecto_robot/install/multirobot_map_merge/share/multirobot_map_merge/package.sh'
[193.109s] INFO:colcon.colcon_core.shell:Creating package script '/home/paola/proyecto_robot/install/multirobot_map_merge/share/multirobot_map_merge/package.bash'
[193.111s] INFO:colcon.colcon_core.shell:Creating package script '/home/paola/proyecto_robot/install/multirobot_map_merge/share/multirobot_map_merge/package.zsh'
[193.131s] Level 1:colcon.colcon_core.environment:create_file_with_runtime_dependencies(/home/paola/proyecto_robot/install/multirobot_map_merge/share/colcon-core/packages/multirobot_map_merge)
[196.230s] Level 1:colcon.colcon_core.environment:create_environment_scripts_only(explore_lite)
[196.231s] Level 1:colcon.colcon_core.environment:checking '/home/paola/proyecto_robot/install/explore_lite' for CMake module files
[196.235s] Level 1:colcon.colcon_core.environment:checking '/home/paola/proyecto_robot/install/explore_lite' for CMake config files
[196.238s] DEBUG:colcon.colcon_core.event_handler.log_command:Invoked command in '/home/paola/proyecto_robot/build/explore_lite' returned '0': AMENT_PREFIX_PATH=/home/paola/proyecto_robot/install/explore_lite_msgs:${AMENT_PREFIX_PATH} CMAKE_PREFIX_PATH=/home/paola/proyecto_robot/install/explore_lite_msgs:/opt/ros/jazzy/opt/gz_sim_vendor:/opt/ros/jazzy/opt/gz_sensors_vendor:/opt/ros/jazzy/opt/gz_physics_vendor:/opt/ros/jazzy/opt/sdformat_vendor:/opt/ros/jazzy/opt/gz_gui_vendor:/opt/ros/jazzy/opt/gz_transport_vendor:/opt/ros/jazzy/opt/gz_rendering_vendor:/opt/ros/jazzy/opt/gz_plugin_vendor:/opt/ros/jazzy/opt/gz_fuel_tools_vendor:/opt/ros/jazzy/opt/gz_msgs_vendor:/opt/ros/jazzy/opt/gz_common_vendor:/opt/ros/jazzy/opt/gz_math_vendor:/opt/ros/jazzy/opt/gz_utils_vendor:/opt/ros/jazzy/opt/gz_tools_vendor:/opt/ros/jazzy/opt/gz_ogre_next_vendor:/opt/ros/jazzy/opt/gz_dartsim_vendor:/opt/ros/jazzy/opt/gz_cmake_vendor:/opt/ros/jazzy LD_LIBRARY_PATH=/home/paola/proyecto_robot/install/explore_lite_msgs/lib:${LD_LIBRARY_PATH} PYTHONPATH=/home/paola/proyecto_robot/install/explore_lite_msgs/lib/python3.12/site-packages:${PYTHONPATH} /usr/bin/cmake --install /home/paola/proyecto_robot/build/explore_lite
[196.244s] Level 1:colcon.colcon_core.shell:create_environment_hook('explore_lite', 'cmake_prefix_path')
[196.245s] INFO:colcon.colcon_core.shell:Creating environment hook '/home/paola/proyecto_robot/install/explore_lite/share/explore_lite/hook/cmake_prefix_path.ps1'
[196.248s] INFO:colcon.colcon_core.shell:Creating environment descriptor '/home/paola/proyecto_robot/install/explore_lite/share/explore_lite/hook/cmake_prefix_path.dsv'
[196.250s] INFO:colcon.colcon_core.shell:Creating environment hook '/home/paola/proyecto_robot/install/explore_lite/share/explore_lite/hook/cmake_prefix_path.sh'
[196.255s] Level 1:colcon.colcon_core.environment:checking '/home/paola/proyecto_robot/install/explore_lite/lib'
[196.256s] Level 1:colcon.colcon_core.environment:checking '/home/paola/proyecto_robot/install/explore_lite/bin'
[196.256s] Level 1:colcon.colcon_core.environment:checking '/home/paola/proyecto_robot/install/explore_lite/lib/pkgconfig/explore_lite.pc'
[196.257s] Level 1:colcon.colcon_core.environment:checking '/home/paola/proyecto_robot/install/explore_lite/lib/python3.12/site-packages'
[196.258s] Level 1:colcon.colcon_core.environment:checking '/home/paola/proyecto_robot/install/explore_lite/bin'
[196.258s] INFO:colcon.colcon_core.shell:Creating package script '/home/paola/proyecto_robot/install/explore_lite/share/explore_lite/package.ps1'
[196.262s] INFO:colcon.colcon_core.shell:Creating package descriptor '/home/paola/proyecto_robot/install/explore_lite/share/explore_lite/package.dsv'
[196.264s] INFO:colcon.colcon_core.shell:Creating package script '/home/paola/proyecto_robot/install/explore_lite/share/explore_lite/package.sh'
[196.266s] INFO:colcon.colcon_core.shell:Creating package script '/home/paola/proyecto_robot/install/explore_lite/share/explore_lite/package.bash'
[196.275s] INFO:colcon.colcon_core.shell:Creating package script '/home/paola/proyecto_robot/install/explore_lite/share/explore_lite/package.zsh'
[196.278s] Level 1:colcon.colcon_core.environment:create_file_with_runtime_dependencies(/home/paola/proyecto_robot/install/explore_lite/share/colcon-core/packages/explore_lite)
[196.282s] Level 1:colcon.colcon_core.environment:create_environment_scripts_only(explore_lite)
[196.282s] Level 1:colcon.colcon_core.environment:checking '/home/paola/proyecto_robot/install/explore_lite' for CMake module files
[196.287s] Level 1:colcon.colcon_core.environment:checking '/home/paola/proyecto_robot/install/explore_lite' for CMake config files
[196.292s] Level 1:colcon.colcon_core.shell:create_environment_hook('explore_lite', 'cmake_prefix_path')
[196.293s] INFO:colcon.colcon_core.shell:Creating environment hook '/home/paola/proyecto_robot/install/explore_lite/share/explore_lite/hook/cmake_prefix_path.ps1'
[196.294s] INFO:colcon.colcon_core.shell:Creating environment descriptor '/home/paola/proyecto_robot/install/explore_lite/share/explore_lite/hook/cmake_prefix_path.dsv'
[196.295s] INFO:colcon.colcon_core.shell:Creating environment hook '/home/paola/proyecto_robot/install/explore_lite/share/explore_lite/hook/cmake_prefix_path.sh'
[196.297s] Level 1:colcon.colcon_core.environment:checking '/home/paola/proyecto_robot/install/explore_lite/lib'
[196.298s] Level 1:colcon.colcon_core.environment:checking '/home/paola/proyecto_robot/install/explore_lite/bin'
[196.298s] Level 1:colcon.colcon_core.environment:checking '/home/paola/proyecto_robot/install/explore_lite/lib/pkgconfig/explore_lite.pc'
[196.299s] Level 1:colcon.colcon_core.environment:checking '/home/paola/proyecto_robot/install/explore_lite/lib/python3.12/site-packages'
[196.300s] Level 1:colcon.colcon_core.environment:checking '/home/paola/proyecto_robot/install/explore_lite/bin'
[196.301s] INFO:colcon.colcon_core.shell:Creating package script '/home/paola/proyecto_robot/install/explore_lite/share/explore_lite/package.ps1'
[196.322s] INFO:colcon.colcon_core.shell:Creating package descriptor '/home/paola/proyecto_robot/install/explore_lite/share/explore_lite/package.dsv'
[196.325s] INFO:colcon.colcon_core.shell:Creating package script '/home/paola/proyecto_robot/install/explore_lite/share/explore_lite/package.sh'
[196.326s] INFO:colcon.colcon_core.shell:Creating package script '/home/paola/proyecto_robot/install/explore_lite/share/explore_lite/package.bash'
[196.329s] INFO:colcon.colcon_core.shell:Creating package script '/home/paola/proyecto_robot/install/explore_lite/share/explore_lite/package.zsh'
[196.331s] Level 1:colcon.colcon_core.environment:create_file_with_runtime_dependencies(/home/paola/proyecto_robot/install/explore_lite/share/colcon-core/packages/explore_lite)
[196.332s] DEBUG:colcon.colcon_parallel_executor.executor.parallel:closing loop
[196.332s] DEBUG:colcon.colcon_parallel_executor.executor.parallel:loop closed
[196.332s] DEBUG:colcon.colcon_parallel_executor.executor.parallel:run_until_complete finished with '0'
[196.332s] DEBUG:colcon.colcon_core.event_reactor:joining thread
[196.424s] INFO:colcon.colcon_core.plugin_system:Skipping extension 'colcon_notification.desktop_notification.notify_send': Could not find 'notify-send'
[196.425s] INFO:colcon.colcon_core.plugin_system:Skipping extension 'colcon_notification.desktop_notification.terminal_notifier': Not used on non-Darwin systems
[196.425s] INFO:colcon.colcon_core.plugin_system:Skipping extension 'colcon_notification.desktop_notification.win32': Not used on non-Windows systems
[196.425s] INFO:colcon.colcon_notification.desktop_notification:Sending desktop notification using 'notify2'
[196.425s] DEBUG:colcon.colcon_notification.desktop_notification.notify2:Failed to initialize notify2: org.freedesktop.DBus.Error.NotSupported: Unable to autolaunch a dbus-daemon without a $DISPLAY for X11
[196.428s] DEBUG:colcon.colcon_core.event_reactor:joined thread
[196.429s] INFO:colcon.colcon_core.shell:Creating prefix script '/home/paola/proyecto_robot/install/local_setup.ps1'
[196.432s] INFO:colcon.colcon_core.shell:Creating prefix util module '/home/paola/proyecto_robot/install/_local_setup_util_ps1.py'
[196.438s] INFO:colcon.colcon_core.shell:Creating prefix chain script '/home/paola/proyecto_robot/install/setup.ps1'
[196.444s] INFO:colcon.colcon_core.shell:Creating prefix script '/home/paola/proyecto_robot/install/local_setup.sh'
[196.446s] INFO:colcon.colcon_core.shell:Creating prefix util module '/home/paola/proyecto_robot/install/_local_setup_util_sh.py'
[196.447s] INFO:colcon.colcon_core.shell:Creating prefix chain script '/home/paola/proyecto_robot/install/setup.sh'
[196.453s] INFO:colcon.colcon_core.shell:Creating prefix script '/home/paola/proyecto_robot/install/local_setup.bash'
[196.456s] INFO:colcon.colcon_core.shell:Creating prefix chain script '/home/paola/proyecto_robot/install/setup.bash'
[196.461s] INFO:colcon.colcon_core.shell:Creating prefix script '/home/paola/proyecto_robot/install/local_setup.zsh'
[196.486s] INFO:colcon.colcon_core.shell:Creating prefix chain script '/home/paola/proyecto_robot/install/setup.zsh'
