[7.439s] Invoking command in '/home/paola/proyecto_robot/src/robot_proyecto': PYTHONPATH=/home/paola/proyecto_robot/build/robot_proyecto/prefix_override:/usr/lib/python3/dist-packages/colcon_core/task/python/colcon_distutils_commands:/home/paola/proyecto_robot/install/robot_proyecto/lib/python3.12/site-packages:${PYTHONPATH} /usr/bin/python3 -W ignore:setup.py install is deprecated -W ignore:easy_install command is deprecated setup.py egg_info --egg-base ../../build/robot_proyecto build --build-base /home/paola/proyecto_robot/build/robot_proyecto/build install --record /home/paola/proyecto_robot/build/robot_proyecto/install.log --install-scripts $base/lib/robot_proyecto --single-version-externally-managed install_data
[8.042s] running egg_info
[8.087s] writing ../../build/robot_proyecto/robot_proyecto.egg-info/PKG-INFO
[8.088s] writing dependency_links to ../../build/robot_proyecto/robot_proyecto.egg-info/dependency_links.txt
[8.088s] writing requirements to ../../build/robot_proyecto/robot_proyecto.egg-info/requires.txt
[8.089s] writing top-level names to ../../build/robot_proyecto/robot_proyecto.egg-info/top_level.txt
[8.180s] reading manifest file '../../build/robot_proyecto/robot_proyecto.egg-info/SOURCES.txt'
[8.191s] writing manifest file '../../build/robot_proyecto/robot_proyecto.egg-info/SOURCES.txt'
[8.191s] running build
[8.191s] running build_py
[8.191s] running install
[8.197s] running install_lib
[8.244s] running install_data
[8.245s] copying urdf/robot.urdf.xacro -> /home/paola/proyecto_robot/install/robot_proyecto/share/robot_proyecto/urdf
[8.246s] running install_egg_info
[8.293s] removing '/home/paola/proyecto_robot/install/robot_proyecto/lib/python3.12/site-packages/robot_proyecto-0.0.0-py3.12.egg-info' (and everything under it)
[8.295s] Copying ../../build/robot_proyecto/robot_proyecto.egg-info to /home/paola/proyecto_robot/install/robot_proyecto/lib/python3.12/site-packages/robot_proyecto-0.0.0-py3.12.egg-info
[8.303s] running install_scripts
[8.741s] writing list of installed files to '/home/paola/proyecto_robot/build/robot_proyecto/install.log'
[8.772s] Invoked command in '/home/paola/proyecto_robot/src/robot_proyecto' returned '0': PYTHONPATH=/home/paola/proyecto_robot/build/robot_proyecto/prefix_override:/usr/lib/python3/dist-packages/colcon_core/task/python/colcon_distutils_commands:/home/paola/proyecto_robot/install/robot_proyecto/lib/python3.12/site-packages:${PYTHONPATH} /usr/bin/python3 -W ignore:setup.py install is deprecated -W ignore:easy_install command is deprecated setup.py egg_info --egg-base ../../build/robot_proyecto build --build-base /home/paola/proyecto_robot/build/robot_proyecto/build install --record /home/paola/proyecto_robot/build/robot_proyecto/install.log --install-scripts $base/lib/robot_proyecto --single-version-externally-managed install_data
