--2026-07-30 19:26:26--  https://raw.githubusercontent.com/hrnr/m-explore-extra/master/map_merge/hector_maps/map00.pgm
Resolving raw.githubusercontent.com (raw.githubusercontent.com)... 185.199.110.133, 185.199.111.133, 185.199.108.133, ...
Connecting to raw.githubusercontent.com (raw.githubusercontent.com)|185.199.110.133|:443... connected.
HTTP request sent, awaiting response... 200 OK
Length: 4194362 (4.0M) [application/octet-stream]
Saving to: ‘/home/paola/proyecto_robot/build/multirobot_map_merge/map00.pgm’

     0K .......... .......... .......... .......... ..........  1% 2.76M 1s
    50K .......... .......... .......... .......... ..........  2% 3.22M 1s
   100K .......... .......... .......... .......... ..........  3% 1.77M 2s
   150K .......... .......... .......... .......... ..........  4% 23.2M 1s
   200K .......... .......... .......... .......... ..........  6% 4.14M 1s
   250K .......... .......... .......... .......... ..........  7% 2.57M 1s
   300K .......... .......... .......... .......... ..........  8% 9.85M 1s
   350K .......... .......... .......... .......... ..........  9% 45.1M 1s
   400K .......... .......... .......... .......... .......... 10% 35.9M 1s
   450K .......... .......... .......... .......... .......... 12% 7.46M 1s
   500K .......... .......... .......... .......... .......... 13% 2.82M 1s
   550K .......... .......... .......... .......... .......... 14% 64.1M 1s
   600K .......... .......... .......... .......... .......... 15% 43.5M 1s
   650K .......... .......... .......... .......... .......... 17% 71.0M 1s
   700K .......... .......... .......... .......... .......... 18% 8.46M 1s
   750K .......... .......... .......... .......... .......... 19% 37.1M 1s
   800K .......... .......... .......... .......... .......... 20% 70.5M 1s
   850K .......... .......... .......... .......... .......... 21% 72.1M 0s
   900K .......... .......... .......... .......... .......... 23% 13.6M 0s
   950K .......... .......... .......... .......... .......... 24% 63.2M 0s
  1000K .......... .......... .......... .......... .......... 25% 49.6M 0s
  1050K .......... .......... .......... .......... .......... 26% 4.06M 0s
  1100K .......... .......... .......... .......... .......... 28% 66.3M 0s
  1150K .......... .......... .......... .......... .......... 29% 18.5M 0s
  1200K .......... .......... .......... .......... .......... 30% 67.0M 0s
  1250K .......... .......... .......... .......... .......... 31% 69.3M 0s
  1300K .......... .......... .......... .......... .......... 32% 6.72M 0s
  1350K .......... .......... .......... .......... .......... 34% 51.9M 0s
  1400K .......... .......... .......... .......... .......... 35% 2.40M 0s
  1450K .......... .......... .......... .......... .......... 36% 5.27M 0s
  1500K .......... .......... .......... .......... .......... 37% 8.03M 0s
  1550K .......... .......... .......... .......... .......... 39% 57.7M 0s
  1600K .......... .......... .......... .......... .......... 40% 51.4M 0s
  1650K .......... .......... .......... .......... .......... 41% 58.2M 0s
  1700K .......... .......... .......... .......... .......... 42% 13.7M 0s
  1750K .......... .......... .......... .......... .......... 43% 10.2M 0s
  1800K .......... .......... .......... .......... .......... 45% 5.75M 0s
  1850K .......... .......... .......... .......... .......... 46% 50.2M 0s
  1900K .......... .......... .......... .......... .......... 47% 20.9M 0s
  1950K .......... .......... .......... .......... .......... 48% 4.45M 0s
  2000K .......... .......... .......... .......... .......... 50% 9.12M 0s
  2050K .......... .......... .......... .......... .......... 51% 9.77M 0s
  2100K .......... .......... .......... .......... .......... 52% 11.5M 0s
  2150K .......... .......... .......... .......... .......... 53% 25.4M 0s
  2200K .......... .......... .......... .......... .......... 54% 26.1M 0s
  2250K .......... .......... .......... .......... .......... 56% 6.86M 0s
  2300K .......... .......... .......... .......... .......... 57% 2.95M 0s
  2350K .......... .......... .......... .......... .......... 58% 20.7M 0s
  2400K .......... .......... .......... .......... .......... 59% 33.2M 0s
  2450K .......... .......... .......... .......... .......... 61% 33.8M 0s
  2500K .......... .......... .......... .......... .......... 62% 30.6M 0s
  2550K .......... .......... .......... .......... .......... 63% 9.57M 0s
  2600K .......... .......... .......... .......... .......... 64% 18.4M 0s
  2650K .......... .......... .......... .......... .......... 65% 19.2M 0s
  2700K .......... .......... .......... .......... .......... 67% 14.0M 0s
  2750K .......... .......... .......... .......... .......... 68% 2.90M 0s
  2800K .......... .......... .......... .......... .......... 69% 8.69M 0s
  2850K .......... .......... .......... .......... .......... 70% 9.34M 0s
  2900K .......... .......... .......... .......... .......... 72% 13.9M 0s
  2950K .......... .......... .......... .......... .......... 73% 49.8M 0s
  3000K .......... .......... .......... .......... .......... 74% 23.4M 0s
  3050K .......... .......... .......... .......... .......... 75% 37.5M 0s
  3100K .......... .......... .......... .......... .......... 76% 51.9M 0s
  3150K .......... .......... .......... .......... .......... 78% 30.6M 0s
  3200K .......... .......... .......... .......... .......... 79% 50.9M 0s
  3250K .......... .......... .......... .......... .......... 80% 34.7M 0s
  3300K .......... .......... .......... .......... .......... 81% 39.5M 0s
  3350K .......... .......... .......... .......... .......... 83% 11.1M 0s
  3400K .......... .......... .......... .......... .......... 84% 3.34M 0s
  3450K .......... .......... .......... .......... .......... 85% 22.0M 0s
  3500K .......... .......... .......... .......... .......... 86% 9.71M 0s
  3550K .......... .......... .......... .......... .......... 87% 27.9M 0s
  3600K .......... .......... .......... .......... .......... 89% 68.6M 0s
  3650K .......... .......... .......... .......... .......... 90% 67.8M 0s
  3700K .......... .......... .......... .......... .......... 91% 68.7M 0s
  3750K .......... .......... .......... .......... .......... 92% 59.8M 0s
  3800K .......... .......... .......... .......... .......... 93% 65.7M 0s
  3850K .......... .......... .......... .......... .......... 95% 57.3M 0s
  3900K .......... .......... .......... .......... .......... 96% 60.0M 0s
  3950K .......... .......... .......... .......... .......... 97% 48.8M 0s
  4000K .......... .......... .......... .......... .......... 98% 62.3M 0s
  4050K .......... .......... .......... .......... ......    100% 54.4M=0.4s

2026-07-30 19:26:27 (10.6 MB/s) - ‘/home/paola/proyecto_robot/build/multirobot_map_merge/map00.pgm’ saved [4194362/4194362]

--2026-07-30 19:26:28--  https://raw.githubusercontent.com/hrnr/m-explore-extra/master/map_merge/hector_maps/map05.pgm
Resolving raw.githubusercontent.com (raw.githubusercontent.com)... 185.199.108.133, 185.199.109.133, 185.199.110.133, ...
Connecting to raw.githubusercontent.com (raw.githubusercontent.com)|185.199.108.133|:443... connected.
HTTP request sent, awaiting response... 200 OK
Length: 4194362 (4.0M) [application/octet-stream]
Saving to: ‘/home/paola/proyecto_robot/build/multirobot_map_merge/map05.pgm’

     0K .......... .......... .......... .......... ..........  1% 1.19M 3s
    50K .......... .......... .......... .......... ..........  2% 54.6M 2s
   100K .......... .......... .......... .......... ..........  3% 1.77M 2s
   150K .......... .......... .......... .......... ..........  4% 3.15M 2s
   200K .......... .......... .......... .......... ..........  6% 3.50M 2s
   250K .......... .......... .......... .......... ..........  7% 56.5M 1s
   300K .......... .......... .......... .......... ..........  8% 3.14M 1s
   350K .......... .......... .......... .......... ..........  9% 4.00M 1s
   400K .......... .......... .......... .......... .......... 10% 43.2M 1s
   450K .......... .......... .......... .......... .......... 12% 51.4M 1s
   500K .......... .......... .......... .......... .......... 13% 2.70M 1s
   550K .......... .......... .......... .......... .......... 14% 1.73M 1s
   600K .......... .......... .......... .......... .......... 15% 2.76M 1s
   650K .......... .......... .......... .......... .......... 17% 40.2M 1s
   700K .......... .......... .......... .......... .......... 18% 5.96M 1s
   750K .......... .......... .......... .......... .......... 19% 1.90M 1s
   800K .......... .......... .......... .......... .......... 20% 47.2M 1s
   850K .......... .......... .......... .......... .......... 21% 47.4M 1s
   900K .......... .......... .......... .......... .......... 23% 67.9M 1s
   950K .......... .......... .......... .......... .......... 24% 61.0M 1s
  1000K .......... .......... .......... .......... .......... 25% 5.83M 1s
  1050K .......... .......... .......... .......... .......... 26% 57.6M 1s
  1100K .......... .......... .......... .......... .......... 28% 49.8M 1s
  1150K .......... .......... .......... .......... .......... 29% 58.8M 1s
  1200K .......... .......... .......... .......... .......... 30% 55.3M 1s
  1250K .......... .......... .......... .......... .......... 31% 1.31M 1s
  1300K .......... .......... .......... .......... .......... 32% 4.79M 1s
  1350K .......... .......... .......... .......... .......... 34% 5.53M 1s
  1400K .......... .......... .......... .......... .......... 35% 6.23M 1s
  1450K .......... .......... .......... .......... .......... 36% 39.7M 1s
  1500K .......... .......... .......... .......... .......... 37% 5.62M 1s
  1550K .......... .......... .......... .......... .......... 39% 2.15M 1s
  1600K .......... .......... .......... .......... .......... 40% 5.33M 1s
  1650K .......... .......... .......... .......... .......... 41% 4.12M 1s
  1700K .......... .......... .......... .......... .......... 42% 3.96M 1s
  1750K .......... .......... .......... .......... .......... 43% 26.6M 0s
  1800K .......... .......... .......... .......... .......... 45% 32.3M 0s
  1850K .......... .......... .......... .......... .......... 46% 31.1M 0s
  1900K .......... .......... .......... .......... .......... 47% 46.7M 0s
  1950K .......... .......... .......... .......... .......... 48% 3.46M 0s
  2000K .......... .......... .......... .......... .......... 50% 7.00M 0s
  2050K .......... .......... .......... .......... .......... 51% 28.3M 0s
  2100K .......... .......... .......... .......... .......... 52% 7.05M 0s
  2150K .......... .......... .......... .......... .......... 53% 2.48M 0s
  2200K .......... .......... .......... .......... .......... 54% 27.8M 0s
  2250K .......... .......... .......... .......... .......... 56% 30.6M 0s
  2300K .......... .......... .......... .......... .......... 57% 44.9M 0s
  2350K .......... .......... .......... .......... .......... 58% 43.3M 0s
  2400K .......... .......... .......... .......... .......... 59% 42.7M 0s
  2450K .......... .......... .......... .......... .......... 61% 10.8M 0s
  2500K .......... .......... .......... .......... .......... 62% 2.49M 0s
  2550K .......... .......... .......... .......... .......... 63% 10.2M 0s
  2600K .......... .......... .......... .......... .......... 64% 3.14M 0s
  2650K .......... .......... .......... .......... .......... 65% 1.23M 0s
  2700K .......... .......... .......... .......... .......... 67% 1.60M 0s
  2750K .......... .......... .......... .......... .......... 68% 3.52M 0s
  2800K .......... .......... .......... .......... .......... 69% 2.42M 0s
  2850K .......... .......... .......... .......... .......... 70% 5.44M 0s
  2900K .......... .......... .......... .......... .......... 72% 7.58M 0s
  2950K .......... .......... .......... .......... .......... 73% 1.95M 0s
  3000K .......... .......... .......... .......... .......... 74% 4.26M 0s
  3050K .......... .......... .......... .......... .......... 75% 2.39M 0s
  3100K .......... .......... .......... .......... .......... 76% 3.12M 0s
  3150K .......... .......... .......... .......... .......... 78% 2.19M 0s
  3200K .......... .......... .......... .......... .......... 79% 7.27M 0s
  3250K .......... .......... .......... .......... .......... 80% 2.62M 0s
  3300K .......... .......... .......... .......... .......... 81% 4.19M 0s
  3350K .......... .......... .......... .......... .......... 83% 4.26M 0s
  3400K .......... .......... .......... .......... .......... 84% 2.14M 0s
  3450K .......... .......... .......... .......... .......... 85% 5.16M 0s
  3500K .......... .......... .......... .......... .......... 86% 1.68M 0s
  3550K .......... .......... .......... .......... .......... 87% 3.28M 0s
  3600K .......... .......... .......... .......... .......... 89% 22.0M 0s
  3650K .......... .......... .......... .......... .......... 90% 32.8M 0s
  3700K .......... .......... .......... .......... .......... 91% 61.1M 0s
  3750K .......... .......... .......... .......... .......... 92% 59.5M 0s
  3800K .......... .......... .......... .......... .......... 93% 63.3M 0s
  3850K .......... .......... .......... .......... .......... 95% 68.6M 0s
  3900K .......... .......... .......... .......... .......... 96% 52.3M 0s
  3950K .......... .......... .......... .......... .......... 97% 68.1M 0s
  4000K .......... .......... .......... .......... .......... 98% 55.6M 0s
  4050K .......... .......... .......... .......... ......    100% 56.5M=0.8s

2026-07-30 19:26:29 (4.82 MB/s) - ‘/home/paola/proyecto_robot/build/multirobot_map_merge/map05.pgm’ saved [4194362/4194362]

--2026-07-30 19:26:30--  https://raw.githubusercontent.com/hrnr/m-explore-extra/master/map_merge/gmapping_maps/2011-08-09-12-22-52.pgm
Resolving raw.githubusercontent.com (raw.githubusercontent.com)... 185.199.111.133, 185.199.108.133, 185.199.109.133, ...
Connecting to raw.githubusercontent.com (raw.githubusercontent.com)|185.199.111.133|:443... connected.
HTTP request sent, awaiting response... 200 OK
Length: 16000058 (15M) [application/octet-stream]
Saving to: ‘/home/paola/proyecto_robot/build/multirobot_map_merge/2011-08-09-12-22-52.pgm’

     0K .......... .......... .......... .......... ..........  0% 1.48M 10s
    50K .......... .......... .......... .......... ..........  0% 3.92M 7s
   100K .......... .......... .......... .......... ..........  0% 1.78M 8s
   150K .......... .......... .......... .......... ..........  1% 65.9M 6s
   200K .......... .......... .......... .......... ..........  1% 2.17M 6s
   250K .......... .......... .......... .......... ..........  1% 39.5M 5s
   300K .......... .......... .......... .......... ..........  2% 5.26M 5s
   350K .......... .......... .......... .......... ..........  2% 1.12M 6s
   400K .......... .......... .......... .......... ..........  2% 45.0M 5s
   450K .......... .......... .......... .......... ..........  3% 3.02M 5s
   500K .......... .......... .......... .......... ..........  3% 11.0M 5s
   550K .......... .......... .......... .......... ..........  3% 8.68M 4s
   600K .......... .......... .......... .......... ..........  4% 48.5M 4s
   650K .......... .......... .......... .......... ..........  4% 18.7M 4s
   700K .......... .......... .......... .......... ..........  4% 6.48M 4s
   750K .......... .......... .......... .......... ..........  5% 4.72M 4s
   800K .......... .......... .......... .......... ..........  5% 15.8M 4s
   850K .......... .......... .......... .......... ..........  5% 7.19M 3s
   900K .......... .......... .......... .......... ..........  6% 48.9M 3s
   950K .......... .......... .......... .......... ..........  6% 51.6M 3s
  1000K .......... .......... .......... .......... ..........  6% 65.3M 3s
  1050K .......... .......... .......... .......... ..........  7% 33.1M 3s
  1100K .......... .......... .......... .......... ..........  7% 45.7M 3s
  1150K .......... .......... .......... .......... ..........  7% 60.0M 3s
  1200K .......... .......... .......... .......... ..........  7% 30.3M 2s
  1250K .......... .......... .......... .......... ..........  8% 5.14M 2s
  1300K .......... .......... .......... .......... ..........  8% 6.61M 2s
  1350K .......... .......... .......... .......... ..........  8% 46.2M 2s
  1400K .......... .......... .......... .......... ..........  9% 52.7M 2s
  1450K .......... .......... .......... .......... ..........  9% 64.2M 2s
  1500K .......... .......... .......... .......... ..........  9% 2.13M 2s
  1550K .......... .......... .......... .......... .......... 10% 8.22M 2s
  1600K .......... .......... .......... .......... .......... 10% 5.12M 2s
  1650K .......... .......... .......... .......... .......... 10% 1.98M 2s
  1700K .......... .......... .......... .......... .......... 11% 51.8M 2s
  1750K .......... .......... .......... .......... .......... 11% 5.53M 2s
  1800K .......... .......... .......... .......... .......... 11% 46.7M 2s
  1850K .......... .......... .......... .......... .......... 12% 33.1M 2s
  1900K .......... .......... .......... .......... .......... 12% 6.19M 2s
  1950K .......... .......... .......... .......... .......... 12% 6.74M 2s
  2000K .......... .......... .......... .......... .......... 13% 3.38M 2s
  2050K .......... .......... .......... .......... .......... 13% 10.8M 2s
  2100K .......... .......... .......... .......... .......... 13% 16.2M 2s
  2150K .......... .......... .......... .......... .......... 14% 42.0M 2s
  2200K .......... .......... .......... .......... .......... 14% 5.25M 2s
  2250K .......... .......... .......... .......... .......... 14% 36.5M 2s
  2300K .......... .......... .......... .......... .......... 15% 37.9M 2s
  2350K .......... .......... .......... .......... .......... 15% 6.66M 2s
  2400K .......... .......... .......... .......... .......... 15% 7.25M 2s
  2450K .......... .......... .......... .......... .......... 15% 12.1M 2s
  2500K .......... .......... .......... .......... .......... 16% 4.24M 2s
  2550K .......... .......... .......... .......... .......... 16% 6.94M 2s
  2600K .......... .......... .......... .......... .......... 16% 5.24M 2s
  2650K .......... .......... .......... .......... .......... 17% 7.95M 2s
  2700K .......... .......... .......... .......... .......... 17% 1.98M 2s
  2750K .......... .......... .......... .......... .......... 17% 5.05M 2s
  2800K .......... .......... .......... .......... .......... 18% 3.70M 2s
  2850K .......... .......... .......... .......... .......... 18% 6.76M 2s
  2900K .......... .......... .......... .......... .......... 18% 3.91M 2s
  2950K .......... .......... .......... .......... .......... 19% 3.80M 2s
  3000K .......... .......... .......... .......... .......... 19% 9.42M 2s
  3050K .......... .......... .......... .......... .......... 19% 28.7M 2s
  3100K .......... .......... .......... .......... .......... 20% 2.63M 2s
  3150K .......... .......... .......... .......... .......... 20% 4.23M 2s
  3200K .......... .......... .......... .......... .......... 20% 5.12M 2s
  3250K .......... .......... .......... .......... .......... 21% 31.6M 2s
  3300K .......... .......... .......... .......... .......... 21% 9.55M 2s
  3350K .......... .......... .......... .......... .......... 21% 35.8M 2s
  3400K .......... .......... .......... .......... .......... 22% 20.2M 2s
  3450K .......... .......... .......... .......... .......... 22% 3.43M 2s
  3500K .......... .......... .......... .......... .......... 22% 3.71M 2s
  3550K .......... .......... .......... .......... .......... 23% 3.72M 2s
  3600K .......... .......... .......... .......... .......... 23% 3.12M 2s
  3650K .......... .......... .......... .......... .......... 23% 19.0M 2s
  3700K .......... .......... .......... .......... .......... 23% 5.56M 2s
  3750K .......... .......... .......... .......... .......... 24% 3.63M 2s
  3800K .......... .......... .......... .......... .......... 24% 5.29M 2s
  3850K .......... .......... .......... .......... .......... 24% 14.9M 2s
  3900K .......... .......... .......... .......... .......... 25% 14.3M 2s
  3950K .......... .......... .......... .......... .......... 25% 40.2M 2s
  4000K .......... .......... .......... .......... .......... 25% 28.0M 2s
  4050K .......... .......... .......... .......... .......... 26% 3.25M 2s
  4100K .......... .......... .......... .......... .......... 26% 3.90M 2s
  4150K .......... .......... .......... .......... .......... 26% 11.6M 2s
  4200K .......... .......... .......... .......... .......... 27% 20.2M 2s
  4250K .......... .......... .......... .......... .......... 27% 37.6M 2s
  4300K .......... .......... .......... .......... .......... 27% 32.1M 2s
  4350K .......... .......... .......... .......... .......... 28% 4.71M 2s
  4400K .......... .......... .......... .......... .......... 28% 26.7M 2s
  4450K .......... .......... .......... .......... .......... 28% 40.9M 2s
  4500K .......... .......... .......... .......... .......... 29% 22.0M 2s
  4550K .......... .......... .......... .......... .......... 29% 5.37M 2s
  4600K .......... .......... .......... .......... .......... 29% 17.6M 2s
  4650K .......... .......... .......... .......... .......... 30% 23.5M 2s
  4700K .......... .......... .......... .......... .......... 30% 4.31M 2s
  4750K .......... .......... .......... .......... .......... 30% 6.41M 2s
  4800K .......... .......... .......... .......... .......... 31% 9.31M 2s
  4850K .......... .......... .......... .......... .......... 31% 22.3M 2s
  4900K .......... .......... .......... .......... .......... 31% 7.06M 2s
  4950K .......... .......... .......... .......... .......... 31% 4.90M 2s
  5000K .......... .......... .......... .......... .......... 32% 34.8M 2s
  5050K .......... .......... .......... .......... .......... 32% 7.98M 2s
  5100K .......... .......... .......... .......... .......... 32% 36.1M 2s
  5150K .......... .......... .......... .......... .......... 33% 19.3M 2s
  5200K .......... .......... .......... .......... .......... 33% 8.75M 2s
  5250K .......... .......... .......... .......... .......... 33% 24.7M 2s
  5300K .......... .......... .......... .......... .......... 34% 39.5M 1s
  5350K .......... .......... .......... .......... .......... 34% 39.1M 1s
  5400K .......... .......... .......... .......... .......... 34% 20.7M 1s
  5450K .......... .......... .......... .......... .......... 35% 4.55M 1s
  5500K .......... .......... .......... .......... .......... 35% 29.4M 1s
  5550K .......... .......... .......... .......... .......... 35% 29.9M 1s
  5600K .......... .......... .......... .......... .......... 36% 5.74M 1s
  5650K .......... .......... .......... .......... .......... 36% 1.91M 1s
  5700K .......... .......... .......... .......... .......... 36% 5.11M 1s
  5750K .......... .......... .......... .......... .......... 37% 2.39M 1s
  5800K .......... .......... .......... .......... .......... 37% 3.31M 1s
  5850K .......... .......... .......... .......... .......... 37% 8.71M 1s
  5900K .......... .......... .......... .......... .......... 38% 4.75M 1s
  5950K .......... .......... .......... .......... .......... 38% 20.5M 1s
  6000K .......... .......... .......... .......... .......... 38% 7.96M 1s
  6050K .......... .......... .......... .......... .......... 39% 17.2M 1s
  6100K .......... .......... .......... .......... .......... 39% 5.76M 1s
  6150K .......... .......... .......... .......... .......... 39% 25.5M 1s
  6200K .......... .......... .......... .......... .......... 39% 32.0M 1s
  6250K .......... .......... .......... .......... .......... 40% 3.10M 1s
  6300K .......... .......... .......... .......... .......... 40% 4.72M 1s
  6350K .......... .......... .......... .......... .......... 40% 20.6M 1s
  6400K .......... .......... .......... .......... .......... 41% 31.6M 1s
  6450K .......... .......... .......... .......... .......... 41% 41.5M 1s
  6500K .......... .......... .......... .......... .......... 41% 48.5M 1s
  6550K .......... .......... .......... .......... .......... 42% 49.7M 1s
  6600K .......... .......... .......... .......... .......... 42% 42.0M 1s
  6650K .......... .......... .......... .......... .......... 42% 36.0M 1s
  6700K .......... .......... .......... .......... .......... 43% 50.6M 1s
  6750K .......... .......... .......... .......... .......... 43% 21.6M 1s
  6800K .......... .......... .......... .......... .......... 43% 5.16M 1s
  6850K .......... .......... .......... .......... .......... 44% 47.8M 1s
  6900K .......... .......... .......... .......... .......... 44% 25.5M 1s
  6950K .......... .......... .......... .......... .......... 44% 39.1M 1s
  7000K .......... .......... .......... .......... .......... 45% 49.8M 1s
  7050K .......... .......... .......... .......... .......... 45% 38.6M 1s
  7100K .......... .......... .......... .......... .......... 45% 33.7M 1s
  7150K .......... .......... .......... .......... .......... 46% 19.1M 1s
  7200K .......... .......... .......... .......... .......... 46% 35.9M 1s
  7250K .......... .......... .......... .......... .......... 46% 38.1M 1s
  7300K .......... .......... .......... .......... .......... 47% 41.6M 1s
  7350K .......... .......... .......... .......... .......... 47% 44.2M 1s
  7400K .......... .......... .......... .......... .......... 47% 10.2M 1s
  7450K .......... .......... .......... .......... .......... 47% 45.4M 1s
  7500K .......... .......... .......... .......... .......... 48% 29.6M 1s
  7550K .......... .......... .......... .......... .......... 48% 2.72M 1s
  7600K .......... .......... .......... .......... .......... 48% 5.58M 1s
  7650K .......... .......... .......... .......... .......... 49% 37.5M 1s
  7700K .......... .......... .......... .......... .......... 49% 9.35M 1s
  7750K .......... .......... .......... .......... .......... 49% 6.48M 1s
  7800K .......... .......... .......... .......... .......... 50% 9.74M 1s
  7850K .......... .......... .......... .......... .......... 50% 5.11M 1s
  7900K .......... .......... .......... .......... .......... 50% 1.17M 1s
  7950K .......... .......... .......... .......... .......... 51% 4.01M 1s
  8000K .......... .......... .......... .......... .......... 51% 14.4M 1s
  8050K .......... .......... .......... .......... .......... 51% 1.87M 1s
  8100K .......... .......... .......... .......... .......... 52% 4.75M 1s
  8150K .......... .......... .......... .......... .......... 52% 7.83M 1s
  8200K .......... .......... .......... .......... .......... 52% 6.86M 1s
  8250K .......... .......... .......... .......... .......... 53% 4.50M 1s
  8300K .......... .......... .......... .......... .......... 53% 21.2M 1s
  8350K .......... .......... .......... .......... .......... 53% 18.0M 1s
  8400K .......... .......... .......... .......... .......... 54% 5.25M 1s
  8450K .......... .......... .......... .......... .......... 54% 20.2M 1s
  8500K .......... .......... .......... .......... .......... 54% 8.06M 1s
  8550K .......... .......... .......... .......... .......... 55% 20.4M 1s
  8600K .......... .......... .......... .......... .......... 55% 7.82M 1s
  8650K .......... .......... .......... .......... .......... 55% 22.7M 1s
  8700K .......... .......... .......... .......... .......... 55% 35.8M 1s
  8750K .......... .......... .......... .......... .......... 56% 27.4M 1s
  8800K .......... .......... .......... .......... .......... 56% 35.8M 1s
  8850K .......... .......... .......... .......... .......... 56% 2.54M 1s
  8900K .......... .......... .......... .......... .......... 57% 3.91M 1s
  8950K .......... .......... .......... .......... .......... 57% 1.82M 1s
  9000K .......... .......... .......... .......... .......... 57% 6.10M 1s
  9050K .......... .......... .......... .......... .......... 58% 31.1M 1s
  9100K .......... .......... .......... .......... .......... 58% 37.0M 1s
  9150K .......... .......... .......... .......... .......... 58% 8.02M 1s
  9200K .......... .......... .......... .......... .......... 59% 29.9M 1s
  9250K .......... .......... .......... .......... .......... 59% 7.72M 1s
  9300K .......... .......... .......... .......... .......... 59% 4.30M 1s
  9350K .......... .......... .......... .......... .......... 60% 27.3M 1s
  9400K .......... .......... .......... .......... .......... 60% 33.2M 1s
  9450K .......... .......... .......... .......... .......... 60% 25.2M 1s
  9500K .......... .......... .......... .......... .......... 61% 36.0M 1s
  9550K .......... .......... .......... .......... .......... 61% 23.5M 1s
  9600K .......... .......... .......... .......... .......... 61% 21.3M 1s
  9650K .......... .......... .......... .......... .......... 62% 29.5M 1s
  9700K .......... .......... .......... .......... .......... 62% 5.44M 1s
  9750K .......... .......... .......... .......... .......... 62% 49.1M 1s
  9800K .......... .......... .......... .......... .......... 63% 5.44M 1s
  9850K .......... .......... .......... .......... .......... 63% 40.2M 1s
  9900K .......... .......... .......... .......... .......... 63% 9.08M 1s
  9950K .......... .......... .......... .......... .......... 63% 4.51M 1s
 10000K .......... .......... .......... .......... .......... 64% 7.75M 1s
 10050K .......... .......... .......... .......... .......... 64% 13.4M 1s
 10100K .......... .......... .......... .......... .......... 64% 3.83M 1s
 10150K .......... .......... .......... .......... .......... 65% 16.4M 1s
 10200K .......... .......... .......... .......... .......... 65% 5.68M 1s
 10250K .......... .......... .......... .......... .......... 65% 38.8M 1s
 10300K .......... .......... .......... .......... .......... 66% 39.7M 1s
 10350K .......... .......... .......... .......... .......... 66% 3.67M 1s
 10400K .......... .......... .......... .......... .......... 66% 43.9M 1s
 10450K .......... .......... .......... .......... .......... 67% 51.4M 1s
 10500K .......... .......... .......... .......... .......... 67% 7.94M 1s
 10550K .......... .......... .......... .......... .......... 67% 29.0M 1s
 10600K .......... .......... .......... .......... .......... 68% 6.82M 1s
 10650K .......... .......... .......... .......... .......... 68% 7.77M 1s
 10700K .......... .......... .......... .......... .......... 68% 4.38M 1s
 10750K .......... .......... .......... .......... .......... 69% 5.04M 1s
 10800K .......... .......... .......... .......... .......... 69% 6.89M 1s
 10850K .......... .......... .......... .......... .......... 69% 8.17M 1s
 10900K .......... .......... .......... .......... .......... 70% 18.1M 1s
 10950K .......... .......... .......... .......... .......... 70% 38.2M 1s
 11000K .......... .......... .......... .......... .......... 70% 34.8M 1s
 11050K .......... .......... .......... .......... .......... 71% 36.2M 1s
 11100K .......... .......... .......... .......... .......... 71% 29.4M 1s
 11150K .......... .......... .......... .......... .......... 71% 1.79M 1s
 11200K .......... .......... .......... .......... .......... 71% 5.12M 1s
 11250K .......... .......... .......... .......... .......... 72% 5.28M 1s
 11300K .......... .......... .......... .......... .......... 72% 8.56M 1s
 11350K .......... .......... .......... .......... .......... 72% 22.3M 1s
 11400K .......... .......... .......... .......... .......... 73% 11.4M 1s
 11450K .......... .......... .......... .......... .......... 73% 49.0M 1s
 11500K .......... .......... .......... .......... .......... 73% 4.96M 1s
 11550K .......... .......... .......... .......... .......... 74% 6.09M 1s
 11600K .......... .......... .......... .......... .......... 74% 6.88M 1s
 11650K .......... .......... .......... .......... .......... 74% 22.7M 1s
 11700K .......... .......... .......... .......... .......... 75% 25.3M 1s
 11750K .......... .......... .......... .......... .......... 75% 43.1M 1s
 11800K .......... .......... .......... .......... .......... 75% 10.5M 0s
 11850K .......... .......... .......... .......... .......... 76% 11.2M 0s
 11900K .......... .......... .......... .......... .......... 76% 2.96M 0s
 11950K .......... .......... .......... .......... .......... 76% 29.6M 0s
 12000K .......... .......... .......... .......... .......... 77% 38.8M 0s
 12050K .......... .......... .......... .......... .......... 77% 18.7M 0s
 12100K .......... .......... .......... .......... .......... 77% 41.7M 0s
 12150K .......... .......... .......... .......... .......... 78% 29.4M 0s
 12200K .......... .......... .......... .......... .......... 78% 26.8M 0s
 12250K .......... .......... .......... .......... .......... 78% 36.5M 0s
 12300K .......... .......... .......... .......... .......... 79% 36.5M 0s
 12350K .......... .......... .......... .......... .......... 79% 25.9M 0s
 12400K .......... .......... .......... .......... .......... 79% 28.2M 0s
 12450K .......... .......... .......... .......... .......... 79% 3.50M 0s
 12500K .......... .......... .......... .......... .......... 80% 6.66M 0s
 12550K .......... .......... .......... .......... .......... 80% 29.5M 0s
 12600K .......... .......... .......... .......... .......... 80% 38.7M 0s
 12650K .......... .......... .......... .......... .......... 81% 29.5M 0s
 12700K .......... .......... .......... .......... .......... 81% 24.2M 0s
 12750K .......... .......... .......... .......... .......... 81% 35.0M 0s
 12800K .......... .......... .......... .......... .......... 82% 44.1M 0s
 12850K .......... .......... .......... .......... .......... 82% 28.2M 0s
 12900K .......... .......... .......... .......... .......... 82% 43.0M 0s
 12950K .......... .......... .......... .......... .......... 83% 6.26M 0s
 13000K .......... .......... .......... .......... .......... 83% 32.8M 0s
 13050K .......... .......... .......... .......... .......... 83% 46.4M 0s
 13100K .......... .......... .......... .......... .......... 84% 58.0M 0s
 13150K .......... .......... .......... .......... .......... 84% 30.5M 0s
 13200K .......... .......... .......... .......... .......... 84% 38.7M 0s
 13250K .......... .......... .......... .......... .......... 85% 32.1M 0s
 13300K .......... .......... .......... .......... .......... 85% 24.1M 0s
 13350K .......... .......... .......... .......... .......... 85% 42.0M 0s
 13400K .......... .......... .......... .......... .......... 86% 11.8M 0s
 13450K .......... .......... .......... .......... .......... 86% 43.6M 0s
 13500K .......... .......... .......... .......... .......... 86% 50.0M 0s
 13550K .......... .......... .......... .......... .......... 87% 5.12M 0s
 13600K .......... .......... .......... .......... .......... 87% 40.1M 0s
 13650K .......... .......... .......... .......... .......... 87% 36.4M 0s
 13700K .......... .......... .......... .......... .......... 87% 34.1M 0s
 13750K .......... .......... .......... .......... .......... 88% 51.2M 0s
 13800K .......... .......... .......... .......... .......... 88% 46.6M 0s
 13850K .......... .......... .......... .......... .......... 88% 55.4M 0s
 13900K .......... .......... .......... .......... .......... 89% 54.2M 0s
 13950K .......... .......... .......... .......... .......... 89% 4.62M 0s
 14000K .......... .......... .......... .......... .......... 89% 47.9M 0s
 14050K .......... .......... .......... .......... .......... 90% 10.6M 0s
 14100K .......... .......... .......... .......... .......... 90% 40.9M 0s
 14150K .......... .......... .......... .......... .......... 90% 2.22M 0s
 14200K .......... .......... .......... .......... .......... 91% 7.18M 0s
 14250K .......... .......... .......... .......... .......... 91% 5.94M 0s
 14300K .......... .......... .......... .......... .......... 91% 11.1M 0s
 14350K .......... .......... .......... .......... .......... 92% 4.49M 0s
 14400K .......... .......... .......... .......... .......... 92% 1.83M 0s
 14450K .......... .......... .......... .......... .......... 92% 7.89M 0s
 14500K .......... .......... .......... .......... .......... 93% 22.8M 0s
 14550K .......... .......... .......... .......... .......... 93% 34.6M 0s
 14600K .......... .......... .......... .......... .......... 93% 28.9M 0s
 14650K .......... .......... .......... .......... .......... 94% 23.3M 0s
 14700K .......... .......... .......... .......... .......... 94% 18.4M 0s
 14750K .......... .......... .......... .......... .......... 94% 33.0M 0s
 14800K .......... .......... .......... .......... .......... 95% 45.9M 0s
 14850K .......... .......... .......... .......... .......... 95% 43.0M 0s
 14900K .......... .......... .......... .......... .......... 95% 44.7M 0s
 14950K .......... .......... .......... .......... .......... 95% 37.8M 0s
 15000K .......... .......... .......... .......... .......... 96% 36.5M 0s
 15050K .......... .......... .......... .......... .......... 96% 9.45M 0s
 15100K .......... .......... .......... .......... .......... 96% 5.80M 0s
 15150K .......... .......... .......... .......... .......... 97% 52.9M 0s
 15200K .......... .......... .......... .......... .......... 97% 28.3M 0s
 15250K .......... .......... .......... .......... .......... 97% 9.85M 0s
 15300K .......... .......... .......... .......... .......... 98% 35.5M 0s
 15350K .......... .......... .......... .......... .......... 98% 19.1M 0s
 15400K .......... .......... .......... .......... .......... 98% 61.4M 0s
 15450K .......... .......... .......... .......... .......... 99% 7.04M 0s
 15500K .......... .......... .......... .......... .......... 99% 6.94M 0s
 15550K .......... .......... .......... .......... .......... 99% 50.4M 0s
 15600K .......... .......... .....                           100% 98.0M=1.8s

2026-07-30 19:26:33 (8.35 MB/s) - ‘/home/paola/proyecto_robot/build/multirobot_map_merge/2011-08-09-12-22-52.pgm’ saved [16000058/16000058]

--2026-07-30 19:26:33--  https://raw.githubusercontent.com/hrnr/m-explore-extra/master/map_merge/gmapping_maps/2012-01-28-11-12-01.pgm
Resolving raw.githubusercontent.com (raw.githubusercontent.com)... 185.199.108.133, 185.199.109.133, 185.199.110.133, ...
Connecting to raw.githubusercontent.com (raw.githubusercontent.com)|185.199.108.133|:443... connected.
HTTP request sent, awaiting response... 200 OK
Length: 16000058 (15M) [application/octet-stream]
Saving to: ‘/home/paola/proyecto_robot/build/multirobot_map_merge/2012-01-28-11-12-01.pgm’

     0K .......... .......... .......... .......... ..........  0% 1.35M 11s
    50K .......... .......... .......... .......... ..........  0% 4.91M 7s
   100K .......... .......... .......... .......... ..........  0% 1.91M 7s
   150K .......... .......... .......... .......... ..........  1% 8.93M 6s
   200K .......... .......... .......... .......... ..........  1% 3.00M 6s
   250K .......... .......... .......... .......... ..........  1% 2.49M 6s
   300K .......... .......... .......... .......... ..........  2% 66.9M 5s
   350K .......... .......... .......... .......... ..........  2% 75.9M 4s
   400K .......... .......... .......... .......... ..........  2% 58.7M 4s
   450K .......... .......... .......... .......... ..........  3% 5.01M 4s
   500K .......... .......... .......... .......... ..........  3% 36.3M 3s
   550K .......... .......... .......... .......... ..........  3% 2.50M 4s
   600K .......... .......... .......... .......... ..........  4% 33.2M 3s
   650K .......... .......... .......... .......... ..........  4% 52.6M 3s
   700K .......... .......... .......... .......... ..........  4% 51.7M 3s
   750K .......... .......... .......... .......... ..........  5% 46.7M 3s
   800K .......... .......... .......... .......... ..........  5% 11.9M 3s
   850K .......... .......... .......... .......... ..........  5% 67.0M 3s
   900K .......... .......... .......... .......... ..........  6% 52.5M 2s
   950K .......... .......... .......... .......... ..........  6% 59.2M 2s
  1000K .......... .......... .......... .......... ..........  6% 54.6M 2s
  1050K .......... .......... .......... .......... ..........  7% 60.9M 2s
  1100K .......... .......... .......... .......... ..........  7% 12.9M 2s
  1150K .......... .......... .......... .......... ..........  7% 72.8M 2s
  1200K .......... .......... .......... .......... ..........  7% 3.54M 2s
  1250K .......... .......... .......... .......... ..........  8% 63.1M 2s
  1300K .......... .......... .......... .......... ..........  8% 15.2M 2s
  1350K .......... .......... .......... .......... ..........  8% 57.1M 2s
  1400K .......... .......... .......... .......... ..........  9% 58.5M 2s
  1450K .......... .......... .......... .......... ..........  9% 70.0M 2s
  1500K .......... .......... .......... .......... ..........  9% 69.5M 2s
  1550K .......... .......... .......... .......... .......... 10% 68.8M 2s
  1600K .......... .......... .......... .......... .......... 10% 53.2M 2s
  1650K .......... .......... .......... .......... .......... 10% 6.55M 2s
  1700K .......... .......... .......... .......... .......... 11% 9.36M 2s
  1750K .......... .......... .......... .......... .......... 11% 7.05M 2s
  1800K .......... .......... .......... .......... .......... 11% 44.4M 2s
  1850K .......... .......... .......... .......... .......... 12% 16.3M 2s
  1900K .......... .......... .......... .......... .......... 12% 18.2M 1s
  1950K .......... .......... .......... .......... .......... 12% 46.6M 1s
  2000K .......... .......... .......... .......... .......... 13% 35.0M 1s
  2050K .......... .......... .......... .......... .......... 13% 21.4M 1s
  2100K .......... .......... .......... .......... .......... 13% 34.4M 1s
  2150K .......... .......... .......... .......... .......... 14% 5.85M 1s
  2200K .......... .......... .......... .......... .......... 14% 12.5M 1s
  2250K .......... .......... .......... .......... .......... 14% 2.01M 1s
  2300K .......... .......... .......... .......... .......... 15% 5.13M 1s
  2350K .......... .......... .......... .......... .......... 15% 9.49M 1s
  2400K .......... .......... .......... .......... .......... 15% 3.47M 2s
  2450K .......... .......... .......... .......... .......... 15% 41.4M 1s
  2500K .......... .......... .......... .......... .......... 16% 49.1M 1s
  2550K .......... .......... .......... .......... .......... 16% 4.30M 1s
  2600K .......... .......... .......... .......... .......... 16% 9.98M 1s
  2650K .......... .......... .......... .......... .......... 17% 4.53M 1s
  2700K .......... .......... .......... .......... .......... 17% 25.3M 1s
  2750K .......... .......... .......... .......... .......... 17% 36.1M 1s
  2800K .......... .......... .......... .......... .......... 18% 3.10M 1s
  2850K .......... .......... .......... .......... .......... 18% 22.4M 1s
  2900K .......... .......... .......... .......... .......... 18% 42.9M 1s
  2950K .......... .......... .......... .......... .......... 19% 39.7M 1s
  3000K .......... .......... .......... .......... .......... 19% 18.9M 1s
  3050K .......... .......... .......... .......... .......... 19% 5.29M 1s
  3100K .......... .......... .......... .......... .......... 20% 31.0M 1s
  3150K .......... .......... .......... .......... .......... 20% 7.40M 1s
  3200K .......... .......... .......... .......... .......... 20% 4.93M 1s
  3250K .......... .......... .......... .......... .......... 21% 15.9M 1s
  3300K .......... .......... .......... .......... .......... 21% 26.9M 1s
  3350K .......... .......... .......... .......... .......... 21% 16.1M 1s
  3400K .......... .......... .......... .......... .......... 22% 1.57M 1s
  3450K .......... .......... .......... .......... .......... 22% 7.14M 1s
  3500K .......... .......... .......... .......... .......... 22% 7.91M 1s
  3550K .......... .......... .......... .......... .......... 23% 5.47M 1s
  3600K .......... .......... .......... .......... .......... 23% 3.10M 1s
  3650K .......... .......... .......... .......... .......... 23% 7.68M 1s
  3700K .......... .......... .......... .......... .......... 23% 17.8M 1s
  3750K .......... .......... .......... .......... .......... 24% 19.9M 1s
  3800K .......... .......... .......... .......... .......... 24% 4.99M 1s
  3850K .......... .......... .......... .......... .......... 24% 14.2M 1s
  3900K .......... .......... .......... .......... .......... 25% 3.02M 1s
  3950K .......... .......... .......... .......... .......... 25% 16.3M 1s
  4000K .......... .......... .......... .......... .......... 25% 2.85M 1s
  4050K .......... .......... .......... .......... .......... 26%  690K 2s
  4100K .......... .......... .......... .......... .......... 26% 1.07M 2s
  4150K .......... .......... .......... .......... .......... 26% 2.25M 2s
  4200K .......... .......... .......... .......... .......... 27% 6.89M 2s
  4250K .......... .......... .......... .......... .......... 27% 3.04M 2s
  4300K .......... .......... .......... .......... .......... 27% 2.77M 2s
  4350K .......... .......... .......... .......... .......... 28% 4.05M 2s
  4400K .......... .......... .......... .......... .......... 28% 10.0M 2s
  4450K .......... .......... .......... .......... .......... 28% 35.0M 2s
  4500K .......... .......... .......... .......... .......... 29% 5.15M 2s
  4550K .......... .......... .......... .......... .......... 29% 3.12M 2s
  4600K .......... .......... .......... .......... .......... 29% 12.2M 2s
  4650K .......... .......... .......... .......... .......... 30% 25.0M 2s
  4700K .......... .......... .......... .......... .......... 30% 2.06M 2s
  4750K .......... .......... .......... .......... .......... 30% 3.50M 2s
  4800K .......... .......... .......... .......... .......... 31% 3.33M 2s
  4850K .......... .......... .......... .......... .......... 31% 3.24M 2s
  4900K .......... .......... .......... .......... .......... 31% 6.46M 2s
  4950K .......... .......... .......... .......... .......... 31% 9.19M 2s
  5000K .......... .......... .......... .......... .......... 32% 6.31M 2s
  5050K .......... .......... .......... .......... .......... 32% 5.64M 2s
  5100K .......... .......... .......... .......... .......... 32% 6.78M 2s
  5150K .......... .......... .......... .......... .......... 33% 2.52M 2s
  5200K .......... .......... .......... .......... .......... 33% 3.56M 2s
  5250K .......... .......... .......... .......... .......... 33% 4.09M 2s
  5300K .......... .......... .......... .......... .......... 34% 1.51M 2s
  5350K .......... .......... .......... .......... .......... 34% 3.13M 2s
  5400K .......... .......... .......... .......... .......... 34% 3.27M 2s
  5450K .......... .......... .......... .......... .......... 35% 14.3M 2s
  5500K .......... .......... .......... .......... .......... 35% 23.2M 2s
  5550K .......... .......... .......... .......... .......... 35% 5.30M 2s
  5600K .......... .......... .......... .......... .......... 36% 6.94M 2s
  5650K .......... .......... .......... .......... .......... 36% 2.74M 2s
  5700K .......... .......... .......... .......... .......... 36% 3.55M 2s
  5750K .......... .......... .......... .......... .......... 37% 4.52M 2s
  5800K .......... .......... .......... .......... .......... 37% 12.0M 2s
  5850K .......... .......... .......... .......... .......... 37% 4.73M 2s
  5900K .......... .......... .......... .......... .......... 38% 1.73M 2s
  5950K .......... .......... .......... .......... .......... 38% 6.39M 2s
  6000K .......... .......... .......... .......... .......... 38% 2.27M 2s
  6050K .......... .......... .......... .......... .......... 39% 18.8M 2s
  6100K .......... .......... .......... .......... .......... 39% 10.4M 2s
  6150K .......... .......... .......... .......... .......... 39% 3.53M 2s
  6200K .......... .......... .......... .......... .......... 39% 3.35M 2s
  6250K .......... .......... .......... .......... .......... 40% 2.77M 2s
  6300K .......... .......... .......... .......... .......... 40% 24.2M 2s
  6350K .......... .......... .......... .......... .......... 40% 5.94M 2s
  6400K .......... .......... .......... .......... .......... 41% 3.08M 2s
  6450K .......... .......... .......... .......... .......... 41% 5.59M 2s
  6500K .......... .......... .......... .......... .......... 41% 2.76M 2s
  6550K .......... .......... .......... .......... .......... 42% 5.58M 2s
  6600K .......... .......... .......... .......... .......... 42% 3.09M 2s
  6650K .......... .......... .......... .......... .......... 42% 5.77M 2s
  6700K .......... .......... .......... .......... .......... 43% 16.7M 2s
  6750K .......... .......... .......... .......... .......... 43% 2.46M 2s
  6800K .......... .......... .......... .......... .......... 43% 7.02M 2s
  6850K .......... .......... .......... .......... .......... 44% 1.50M 2s
  6900K .......... .......... .......... .......... .......... 44% 12.5M 2s
  6950K .......... .......... .......... .......... .......... 44% 3.56M 2s
  7000K .......... .......... .......... .......... .......... 45% 5.03M 2s
  7050K .......... .......... .......... .......... .......... 45% 14.8M 2s
  7100K .......... .......... .......... .......... .......... 45% 19.1M 2s
  7150K .......... .......... .......... .......... .......... 46% 28.8M 2s
  7200K .......... .......... .......... .......... .......... 46% 36.5M 2s
  7250K .......... .......... .......... .......... .......... 46% 7.32M 2s
  7300K .......... .......... .......... .......... .......... 47% 10.8M 1s
  7350K .......... .......... .......... .......... .......... 47% 9.31M 1s
  7400K .......... .......... .......... .......... .......... 47% 11.1M 1s
  7450K .......... .......... .......... .......... .......... 47% 12.1M 1s
  7500K .......... .......... .......... .......... .......... 48% 32.0M 1s
  7550K .......... .......... .......... .......... .......... 48% 19.2M 1s
  7600K .......... .......... .......... .......... .......... 48% 9.74M 1s
  7650K .......... .......... .......... .......... .......... 49% 3.83M 1s
  7700K .......... .......... .......... .......... .......... 49% 14.9M 1s
  7750K .......... .......... .......... .......... .......... 49% 6.02M 1s
  7800K .......... .......... .......... .......... .......... 50% 9.17M 1s
  7850K .......... .......... .......... .......... .......... 50% 18.1M 1s
  7900K .......... .......... .......... .......... .......... 50% 13.1M 1s
  7950K .......... .......... .......... .......... .......... 51% 7.94M 1s
  8000K .......... .......... .......... .......... .......... 51% 5.01M 1s
  8050K .......... .......... .......... .......... .......... 51% 5.70M 1s
  8100K .......... .......... .......... .......... .......... 52% 16.9M 1s
  8150K .......... .......... .......... .......... .......... 52% 34.7M 1s
  8200K .......... .......... .......... .......... .......... 52% 5.01M 1s
  8250K .......... .......... .......... .......... .......... 53% 3.83M 1s
  8300K .......... .......... .......... .......... .......... 53% 15.6M 1s
  8350K .......... .......... .......... .......... .......... 53% 21.1M 1s
  8400K .......... .......... .......... .......... .......... 54% 1.92M 1s
  8450K .......... .......... .......... .......... .......... 54% 5.72M 1s
  8500K .......... .......... .......... .......... .......... 54% 10.8M 1s
  8550K .......... .......... .......... .......... .......... 55% 34.5M 1s
  8600K .......... .......... .......... .......... .......... 55% 9.10M 1s
  8650K .......... .......... .......... .......... .......... 55% 5.39M 1s
  8700K .......... .......... .......... .......... .......... 55% 8.93M 1s
  8750K .......... .......... .......... .......... .......... 56% 9.28M 1s
  8800K .......... .......... .......... .......... .......... 56% 3.48M 1s
  8850K .......... .......... .......... .......... .......... 56% 14.8M 1s
  8900K .......... .......... .......... .......... .......... 57% 6.42M 1s
  8950K .......... .......... .......... .......... .......... 57% 19.9M 1s
  9000K .......... .......... .......... .......... .......... 57% 16.0M 1s
  9050K .......... .......... .......... .......... .......... 58% 2.15M 1s
  9100K .......... .......... .......... .......... .......... 58% 5.12M 1s
  9150K .......... .......... .......... .......... .......... 58% 5.42M 1s
  9200K .......... .......... .......... .......... .......... 59% 4.39M 1s
  9250K .......... .......... .......... .......... .......... 59% 9.74M 1s
  9300K .......... .......... .......... .......... .......... 59% 25.9M 1s
  9350K .......... .......... .......... .......... .......... 60% 22.1M 1s
  9400K .......... .......... .......... .......... .......... 60% 27.7M 1s
  9450K .......... .......... .......... .......... .......... 60% 3.00M 1s
  9500K .......... .......... .......... .......... .......... 61% 4.91M 1s
  9550K .......... .......... .......... .......... .......... 61% 2.35M 1s
  9600K .......... .......... .......... .......... .......... 61% 4.77M 1s
  9650K .......... .......... .......... .......... .......... 62% 2.77M 1s
  9700K .......... .......... .......... .......... .......... 62% 23.5M 1s
  9750K .......... .......... .......... .......... .......... 62% 7.37M 1s
  9800K .......... .......... .......... .......... .......... 63% 7.79M 1s
  9850K .......... .......... .......... .......... .......... 63% 6.84M 1s
  9900K .......... .......... .......... .......... .......... 63% 3.45M 1s
  9950K .......... .......... .......... .......... .......... 63% 8.47M 1s
 10000K .......... .......... .......... .......... .......... 64% 1.70M 1s
 10050K .......... .......... .......... .......... .......... 64% 13.4M 1s
 10100K .......... .......... .......... .......... .......... 64% 24.9M 1s
 10150K .......... .......... .......... .......... .......... 65% 6.06M 1s
 10200K .......... .......... .......... .......... .......... 65% 7.45M 1s
 10250K .......... .......... .......... .......... .......... 65% 23.7M 1s
 10300K .......... .......... .......... .......... .......... 66% 4.70M 1s
 10350K .......... .......... .......... .......... .......... 66% 14.5M 1s
 10400K .......... .......... .......... .......... .......... 66% 10.1M 1s
 10450K .......... .......... .......... .......... .......... 67% 4.05M 1s
 10500K .......... .......... .......... .......... .......... 67% 3.76M 1s
 10550K .......... .......... .......... .......... .......... 67% 10.0M 1s
 10600K .......... .......... .......... .......... .......... 68% 1.50M 1s
 10650K .......... .......... .......... .......... .......... 68% 2.81M 1s
 10700K .......... .......... .......... .......... .......... 68% 3.37M 1s
 10750K .......... .......... .......... .......... .......... 69% 8.14M 1s
 10800K .......... .......... .......... .......... .......... 69% 6.93M 1s
 10850K .......... .......... .......... .......... .......... 69% 22.0M 1s
 10900K .......... .......... .......... .......... .......... 70% 6.08M 1s
 10950K .......... .......... .......... .......... .......... 70% 5.76M 1s
 11000K .......... .......... .......... .......... .......... 70% 7.82M 1s
 11050K .......... .......... .......... .......... .......... 71% 1.85M 1s
 11100K .......... .......... .......... .......... .......... 71% 3.40M 1s
 11150K .......... .......... .......... .......... .......... 71% 3.06M 1s
 11200K .......... .......... .......... .......... .......... 71% 9.90M 1s
 11250K .......... .......... .......... .......... .......... 72% 15.8M 1s
 11300K .......... .......... .......... .......... .......... 72% 4.98M 1s
 11350K .......... .......... .......... .......... .......... 72% 6.34M 1s
 11400K .......... .......... .......... .......... .......... 73% 7.18M 1s
 11450K .......... .......... .......... .......... .......... 73% 8.65M 1s
 11500K .......... .......... .......... .......... .......... 73% 18.0M 1s
 11550K .......... .......... .......... .......... .......... 74% 5.36M 1s
 11600K .......... .......... .......... .......... .......... 74% 14.9M 1s
 11650K .......... .......... .......... .......... .......... 74% 19.2M 1s
 11700K .......... .......... .......... .......... .......... 75% 3.10M 1s
 11750K .......... .......... .......... .......... .......... 75% 4.30M 1s
 11800K .......... .......... .......... .......... .......... 75% 3.66M 1s
 11850K .......... .......... .......... .......... .......... 76% 10.4M 1s
 11900K .......... .......... .......... .......... .......... 76% 3.45M 1s
 11950K .......... .......... .......... .......... .......... 76% 3.22M 1s
 12000K .......... .......... .......... .......... .......... 77% 1.50M 1s
 12050K .......... .......... .......... .......... .......... 77% 3.85M 1s
 12100K .......... .......... .......... .......... .......... 77% 2.54M 1s
 12150K .......... .......... .......... .......... .......... 78% 5.54M 1s
 12200K .......... .......... .......... .......... .......... 78% 21.7M 1s
 12250K .......... .......... .......... .......... .......... 78% 27.8M 1s
 12300K .......... .......... .......... .......... .......... 79% 47.6M 1s
 12350K .......... .......... .......... .......... .......... 79% 43.9M 1s
 12400K .......... .......... .......... .......... .......... 79% 34.8M 1s
 12450K .......... .......... .......... .......... .......... 79% 23.3M 1s
 12500K .......... .......... .......... .......... .......... 80% 54.7M 1s
 12550K .......... .......... .......... .......... .......... 80% 37.5M 1s
 12600K .......... .......... .......... .......... .......... 80% 10.4M 1s
 12650K .......... .......... .......... .......... .......... 81% 31.1M 1s
 12700K .......... .......... .......... .......... .......... 81% 46.4M 0s
 12750K .......... .......... .......... .......... .......... 81% 32.8M 0s
 12800K .......... .......... .......... .......... .......... 82% 5.80M 0s
 12850K .......... .......... .......... .......... .......... 82% 31.0M 0s
 12900K .......... .......... .......... .......... .......... 82% 34.3M 0s
 12950K .......... .......... .......... .......... .......... 83% 9.38M 0s
 13000K .......... .......... .......... .......... .......... 83% 2.19M 0s
 13050K .......... .......... .......... .......... .......... 83% 5.60M 0s
 13100K .......... .......... .......... .......... .......... 84% 7.84M 0s
 13150K .......... .......... .......... .......... .......... 84% 7.64M 0s
 13200K .......... .......... .......... .......... .......... 84% 5.23M 0s
 13250K .......... .......... .......... .......... .......... 85% 16.0M 0s
 13300K .......... .......... .......... .......... .......... 85% 11.6M 0s
 13350K .......... .......... .......... .......... .......... 85% 8.71M 0s
 13400K .......... .......... .......... .......... .......... 86% 27.9M 0s
 13450K .......... .......... .......... .......... .......... 86% 12.9M 0s
 13500K .......... .......... .......... .......... .......... 86% 13.1M 0s
 13550K .......... .......... .......... .......... .......... 87% 7.21M 0s
 13600K .......... .......... .......... .......... .......... 87% 23.0M 0s
 13650K .......... .......... .......... .......... .......... 87% 2.30M 0s
 13700K .......... .......... .......... .......... .......... 87% 3.99M 0s
 13750K .......... .......... .......... .......... .......... 88% 5.65M 0s
 13800K .......... .......... .......... .......... .......... 88% 31.4M 0s
 13850K .......... .......... .......... .......... .......... 88% 6.91M 0s
 13900K .......... .......... .......... .......... .......... 89% 6.00M 0s
 13950K .......... .......... .......... .......... .......... 89% 7.66M 0s
 14000K .......... .......... .......... .......... .......... 89% 4.41M 0s
 14050K .......... .......... .......... .......... .......... 90% 31.6M 0s
 14100K .......... .......... .......... .......... .......... 90% 13.1M 0s
 14150K .......... .......... .......... .......... .......... 90% 31.9M 0s
 14200K .......... .......... .......... .......... .......... 91% 5.92M 0s
 14250K .......... .......... .......... .......... .......... 91% 8.98M 0s
 14300K .......... .......... .......... .......... .......... 91% 27.4M 0s
 14350K .......... .......... .......... .......... .......... 92% 26.2M 0s
 14400K .......... .......... .......... .......... .......... 92% 17.8M 0s
 14450K .......... .......... .......... .......... .......... 92% 6.81M 0s
 14500K .......... .......... .......... .......... .......... 93% 9.95M 0s
 14550K .......... .......... .......... .......... .......... 93% 2.36M 0s
 14600K .......... .......... .......... .......... .......... 93% 9.38M 0s
 14650K .......... .......... .......... .......... .......... 94% 22.3M 0s
 14700K .......... .......... .......... .......... .......... 94% 27.7M 0s
 14750K .......... .......... .......... .......... .......... 94% 7.87M 0s
 14800K .......... .......... .......... .......... .......... 95% 5.08M 0s
 14850K .......... .......... .......... .......... .......... 95% 28.6M 0s
 14900K .......... .......... .......... .......... .......... 95% 17.1M 0s
 14950K .......... .......... .......... .......... .......... 95% 24.3M 0s
 15000K .......... .......... .......... .......... .......... 96% 4.62M 0s
 15050K .......... .......... .......... .......... .......... 96% 3.92M 0s
 15100K .......... .......... .......... .......... .......... 96% 22.9M 0s
 15150K .......... .......... .......... .......... .......... 97% 56.9M 0s
 15200K .......... .......... .......... .......... .......... 97% 42.2M 0s
 15250K .......... .......... .......... .......... .......... 97% 52.9M 0s
 15300K .......... .......... .......... .......... .......... 98% 74.6M 0s
 15350K .......... .......... .......... .......... .......... 98% 64.8M 0s
 15400K .......... .......... .......... .......... .......... 98% 76.1M 0s
 15450K .......... .......... .......... .......... .......... 99% 75.0M 0s
 15500K .......... .......... .......... .......... .......... 99% 65.2M 0s
 15550K .......... .......... .......... .......... .......... 99% 68.0M 0s
 15600K .......... .......... .....                           100% 55.2M=2.5s

2026-07-30 19:26:37 (6.09 MB/s) - ‘/home/paola/proyecto_robot/build/multirobot_map_merge/2012-01-28-11-12-01.pgm’ saved [16000058/16000058]

