[0.174s] Invoking command in '/home/paola/proyecto_robot/build/multirobot_map_merge': CMAKE_PREFIX_PATH=${CMAKE_PREFIX_PATH}:/opt/ros/jazzy /usr/bin/cmake /home/paola/proyecto_robot/src/m-explore-ros2/map_merge -DAMENT_CMAKE_SYMLINK_INSTALL=1 -DCMAKE_INSTALL_PREFIX=/home/paola/proyecto_robot/install/multirobot_map_merge
[1.522s] -- Found ament_cmake: 2.5.6 (/opt/ros/jazzy/share/ament_cmake/cmake)
[3.338s] -- Found Python3: /usr/bin/python3 (found version "3.12.3") found components: Interpreter 
[4.581s] -- Override CMake install command with custom implementation using symlinks instead of copying resources
[7.359s] -- Found rclcpp: 28.1.21 (/opt/ros/jazzy/share/rclcpp/cmake)
[9.598s] -- Found rosidl_generator_c: 4.6.9 (/opt/ros/jazzy/share/rosidl_generator_c/cmake)
[9.900s] -- Found rosidl_generator_cpp: 4.6.9 (/opt/ros/jazzy/share/rosidl_generator_cpp/cmake)
[10.851s] -- Using all available rosidl_typesupport_c: rosidl_typesupport_fastrtps_c;rosidl_typesupport_introspection_c
[11.123s] -- Using all available rosidl_typesupport_cpp: rosidl_typesupport_fastrtps_cpp;rosidl_typesupport_introspection_cpp
[14.981s] -- Found rmw_implementation_cmake: 7.3.3 (/opt/ros/jazzy/share/rmw_implementation_cmake/cmake)
[15.271s] -- Found rmw_fastrtps_cpp: 8.4.4 (/opt/ros/jazzy/share/rmw_fastrtps_cpp/cmake)
[18.940s] -- Found OpenSSL: /usr/lib/x86_64-linux-gnu/libcrypto.so (found version "3.0.13")  
[19.295s] -- Found FastRTPS: /opt/ros/jazzy/include (Required is at least version "2.13") 
[19.596s] -- Using RMW implementation 'rmw_fastrtps_cpp' as default
[23.101s] -- Found geometry_msgs: 5.3.8 (/opt/ros/jazzy/share/geometry_msgs/cmake)
[24.876s] -- Found image_geometry: 4.1.0 (/opt/ros/jazzy/share/image_geometry/cmake)
[26.258s] -- Found map_msgs: 2.4.1 (/opt/ros/jazzy/share/map_msgs/cmake)
[28.206s] -- Found tf2_geometry_msgs: 0.36.21 (/opt/ros/jazzy/share/tf2_geometry_msgs/cmake)
[28.885s] -- Found eigen3_cmake_module: 0.3.1 (/opt/ros/jazzy/share/eigen3_cmake_module/cmake)
[28.952s] -- Found Eigen3: TRUE (found version "3.4.0") 
[28.953s] -- Ensuring Eigen3 include directory is part of orocos-kdl CMake target
[38.547s] -- Found Boost: /usr/lib/x86_64-linux-gnu/cmake/Boost-1.83.0/BoostConfig.cmake (found version "1.83.0") found components: thread 
[38.628s] -- Found OpenCV: /usr (found version "4.6.0") 
[38.773s] -- Found ament_lint_auto: 0.17.5 (/opt/ros/jazzy/share/ament_lint_auto/cmake)
[40.625s] -- Found ament_cmake_gtest: 2.5.6 (/opt/ros/jazzy/share/ament_cmake_gtest/cmake)
[40.825s] --2026-07-30 19:26:26--  https://raw.githubusercontent.com/hrnr/m-explore-extra/master/map_merge/hector_maps/map00.pgm
[41.000s] Resolving raw.githubusercontent.com (raw.githubusercontent.com)... 185.199.110.133, 185.199.111.133, 185.199.108.133, ...
[41.036s] Connecting to raw.githubusercontent.com (raw.githubusercontent.com)|185.199.110.133|:443... connected.
[41.859s] HTTP request sent, awaiting response... 200 OK
[41.860s] Length: 4194362 (4.0M) [application/octet-stream]
[41.860s] Saving to: ‘/home/paola/proyecto_robot/build/multirobot_map_merge/map00.pgm’
[41.861s] 
[41.863s]      0K .......... .......... .......... .......... ..........  1% 2.76M 1s
[41.897s]     50K .......... .......... .......... .......... ..........  2% 3.22M 1s
[41.918s]    100K .......... .......... .......... .......... ..........  3% 1.77M 2s
[41.918s]    150K .......... .......... .......... .......... ..........  4% 23.2M 1s
[41.920s]    200K .......... .......... .......... .......... ..........  6% 4.14M 1s
[41.954s]    250K .......... .......... .......... .......... ..........  7% 2.57M 1s
[41.955s]    300K .......... .......... .......... .......... ..........  8% 9.85M 1s
[41.955s]    350K .......... .......... .......... .......... ..........  9% 45.1M 1s
[41.955s]    400K .......... .......... .......... .......... .......... 10% 35.9M 1s
[41.956s]    450K .......... .......... .......... .......... .......... 12% 7.46M 1s
[41.985s]    500K .......... .......... .......... .......... .......... 13% 2.82M 1s
[41.985s]    550K .......... .......... .......... .......... .......... 14% 64.1M 1s
[41.986s]    600K .......... .......... .......... .......... .......... 15% 43.5M 1s
[41.986s]    650K .......... .......... .......... .......... .......... 17% 71.0M 1s
[41.991s]    700K .......... .......... .......... .......... .......... 18% 8.46M 1s
[41.992s]    750K .......... .......... .......... .......... .......... 19% 37.1M 1s
[41.992s]    800K .......... .......... .......... .......... .......... 20% 70.5M 1s
[41.993s]    850K .......... .......... .......... .......... .......... 21% 72.1M 0s
[41.993s]    900K .......... .......... .......... .......... .......... 23% 13.6M 0s
[41.993s]    950K .......... .......... .......... .......... .......... 24% 63.2M 0s
[41.994s]   1000K .......... .......... .......... .......... .......... 25% 49.6M 0s
[41.997s]   1050K .......... .......... .......... .......... .......... 26% 4.06M 0s
[41.997s]   1100K .......... .......... .......... .......... .......... 28% 66.3M 0s
[41.998s]   1150K .......... .......... .......... .......... .......... 29% 18.5M 0s
[42.003s]   1200K .......... .......... .......... .......... .......... 30% 67.0M 0s
[42.003s]   1250K .......... .......... .......... .......... .......... 31% 69.3M 0s
[42.004s]   1300K .......... .......... .......... .......... .......... 32% 6.72M 0s
[42.004s]   1350K .......... .......... .......... .......... .......... 34% 51.9M 0s
[42.026s]   1400K .......... .......... .......... .......... .......... 35% 2.40M 0s
[42.060s]   1450K .......... .......... .......... .......... .......... 36% 5.27M 0s
[42.060s]   1500K .......... .......... .......... .......... .......... 37% 8.03M 0s
[42.061s]   1550K .......... .......... .......... .......... .......... 39% 57.7M 0s
[42.061s]   1600K .......... .......... .......... .......... .......... 40% 51.4M 0s
[42.061s]   1650K .......... .......... .......... .......... .......... 41% 58.2M 0s
[42.061s]   1700K .......... .......... .......... .......... .......... 42% 13.7M 0s
[42.088s]   1750K .......... .......... .......... .......... .......... 43% 10.2M 0s
[42.095s]   1800K .......... .......... .......... .......... .......... 45% 5.75M 0s
[42.095s]   1850K .......... .......... .......... .......... .......... 46% 50.2M 0s
[42.096s]   1900K .......... .......... .......... .......... .......... 47% 20.9M 0s
[42.096s]   1950K .......... .......... .......... .......... .......... 48% 4.45M 0s
[42.096s]   2000K .......... .......... .......... .......... .......... 50% 9.12M 0s
[42.096s]   2050K .......... .......... .......... .......... .......... 51% 9.77M 0s
[42.097s]   2100K .......... .......... .......... .......... .......... 52% 11.5M 0s
[42.097s]   2150K .......... .......... .......... .......... .......... 53% 25.4M 0s
[42.097s]   2200K .......... .......... .......... .......... .......... 54% 26.1M 0s
[42.135s]   2250K .......... .......... .......... .......... .......... 56% 6.86M 0s
[42.136s]   2300K .......... .......... .......... .......... .......... 57% 2.95M 0s
[42.136s]   2350K .......... .......... .......... .......... .......... 58% 20.7M 0s
[42.136s]   2400K .......... .......... .......... .......... .......... 59% 33.2M 0s
[42.137s]   2450K .......... .......... .......... .......... .......... 61% 33.8M 0s
[42.137s]   2500K .......... .......... .......... .......... .......... 62% 30.6M 0s
[42.137s]   2550K .......... .......... .......... .......... .......... 63% 9.57M 0s
[42.137s]   2600K .......... .......... .......... .......... .......... 64% 18.4M 0s
[42.137s]   2650K .......... .......... .......... .......... .......... 65% 19.2M 0s
[42.174s]   2700K .......... .......... .......... .......... .......... 67% 14.0M 0s
[42.175s]   2750K .......... .......... .......... .......... .......... 68% 2.90M 0s
[42.175s]   2800K .......... .......... .......... .......... .......... 69% 8.69M 0s
[42.175s]   2850K .......... .......... .......... .......... .......... 70% 9.34M 0s
[42.176s]   2900K .......... .......... .......... .......... .......... 72% 13.9M 0s
[42.176s]   2950K .......... .......... .......... .......... .......... 73% 49.8M 0s
[42.176s]   3000K .......... .......... .......... .......... .......... 74% 23.4M 0s
[42.177s]   3050K .......... .......... .......... .......... .......... 75% 37.5M 0s
[42.177s]   3100K .......... .......... .......... .......... .......... 76% 51.9M 0s
[42.177s]   3150K .......... .......... .......... .......... .......... 78% 30.6M 0s
[42.178s]   3200K .......... .......... .......... .......... .......... 79% 50.9M 0s
[42.178s]   3250K .......... .......... .......... .......... .......... 80% 34.7M 0s
[42.209s]   3300K .......... .......... .......... .......... .......... 81% 39.5M 0s
[42.216s]   3350K .......... .......... .......... .......... .......... 83% 11.1M 0s
[42.216s]   3400K .......... .......... .......... .......... .......... 84% 3.34M 0s
[42.217s]   3450K .......... .......... .......... .......... .......... 85% 22.0M 0s
[42.217s]   3500K .......... .......... .......... .......... .......... 86% 9.71M 0s
[42.217s]   3550K .......... .......... .......... .......... .......... 87% 27.9M 0s
[42.217s]   3600K .......... .......... .......... .......... .......... 89% 68.6M 0s
[42.218s]   3650K .......... .......... .......... .......... .......... 90% 67.8M 0s
[42.218s]   3700K .......... .......... .......... .......... .......... 91% 68.7M 0s
[42.218s]   3750K .......... .......... .......... .......... .......... 92% 59.8M 0s
[42.219s]   3800K .......... .......... .......... .......... .......... 93% 65.7M 0s
[42.219s]   3850K .......... .......... .......... .......... .......... 95% 57.3M 0s
[42.219s]   3900K .......... .......... .......... .......... .......... 96% 60.0M 0s
[42.219s]   3950K .......... .......... .......... .......... .......... 97% 48.8M 0s
[42.249s]   4000K .......... .......... .......... .......... .......... 98% 62.3M 0s
[42.250s]   4050K .......... .......... .......... .......... ......    100% 54.4M=0.4s
[42.250s] 
[42.251s] 2026-07-30 19:26:27 (10.6 MB/s) - ‘/home/paola/proyecto_robot/build/multirobot_map_merge/map00.pgm’ saved [4194362/4194362]
[42.251s] 
[42.289s] Checking MD5 sum of /home/paola/proyecto_robot/build/multirobot_map_merge/map00.pgm
[42.371s] /home/paola/proyecto_robot/build/multirobot_map_merge/map00.pgm: OK
[42.519s] --2026-07-30 19:26:28--  https://raw.githubusercontent.com/hrnr/m-explore-extra/master/map_merge/hector_maps/map05.pgm
[42.719s] Resolving raw.githubusercontent.com (raw.githubusercontent.com)... 185.199.108.133, 185.199.109.133, 185.199.110.133, ...
[42.719s] Connecting to raw.githubusercontent.com (raw.githubusercontent.com)|185.199.108.133|:443... connected.
[43.497s] HTTP request sent, awaiting response... 200 OK
[43.497s] Length: 4194362 (4.0M) [application/octet-stream]
[43.497s] Saving to: ‘/home/paola/proyecto_robot/build/multirobot_map_merge/map05.pgm’
[43.498s] 
[43.532s]      0K .......... .......... .......... .......... ..........  1% 1.19M 3s
[43.533s]     50K .......... .......... .......... .......... ..........  2% 54.6M 2s
[43.568s]    100K .......... .......... .......... .......... ..........  3% 1.77M 2s
[43.586s]    150K .......... .......... .......... .......... ..........  4% 3.15M 2s
[43.590s]    200K .......... .......... .......... .......... ..........  6% 3.50M 2s
[43.591s]    250K .......... .......... .......... .......... ..........  7% 56.5M 1s
[43.609s]    300K .......... .......... .......... .......... ..........  8% 3.14M 1s
[43.620s]    350K .......... .......... .......... .......... ..........  9% 4.00M 1s
[43.620s]    400K .......... .......... .......... .......... .......... 10% 43.2M 1s
[43.620s]    450K .......... .......... .......... .......... .......... 12% 51.4M 1s
[43.678s]    500K .......... .......... .......... .......... .......... 13% 2.70M 1s
[43.679s]    550K .......... .......... .......... .......... .......... 14% 1.73M 1s
[43.694s]    600K .......... .......... .......... .......... .......... 15% 2.76M 1s
[43.695s]    650K .......... .......... .......... .......... .......... 17% 40.2M 1s
[43.713s]    700K .......... .......... .......... .......... .......... 18% 5.96M 1s
[43.723s]    750K .......... .......... .......... .......... .......... 19% 1.90M 1s
[43.724s]    800K .......... .......... .......... .......... .......... 20% 47.2M 1s
[43.724s]    850K .......... .......... .......... .......... .......... 21% 47.4M 1s
[43.724s]    900K .......... .......... .......... .......... .......... 23% 67.9M 1s
[43.726s]    950K .......... .......... .......... .......... .......... 24% 61.0M 1s
[43.754s]   1000K .......... .......... .......... .......... .......... 25% 5.83M 1s
[43.755s]   1050K .......... .......... .......... .......... .......... 26% 57.6M 1s
[43.755s]   1100K .......... .......... .......... .......... .......... 28% 49.8M 1s
[43.755s]   1150K .......... .......... .......... .......... .......... 29% 58.8M 1s
[43.756s]   1200K .......... .......... .......... .......... .......... 30% 55.3M 1s
[43.779s]   1250K .......... .......... .......... .......... .......... 31% 1.31M 1s
[43.786s]   1300K .......... .......... .......... .......... .......... 32% 4.79M 1s
[43.798s]   1350K .......... .......... .......... .......... .......... 34% 5.53M 1s
[43.803s]   1400K .......... .......... .......... .......... .......... 35% 6.23M 1s
[43.803s]   1450K .......... .......... .......... .......... .......... 36% 39.7M 1s
[43.829s]   1500K .......... .......... .......... .......... .......... 37% 5.62M 1s
[43.838s]   1550K .......... .......... .......... .......... .......... 39% 2.15M 1s
[43.841s]   1600K .......... .......... .......... .......... .......... 40% 5.33M 1s
[43.876s]   1650K .......... .......... .......... .......... .......... 41% 4.12M 1s
[43.877s]   1700K .......... .......... .......... .......... .......... 42% 3.96M 1s
[43.877s]   1750K .......... .......... .......... .......... .......... 43% 26.6M 0s
[43.877s]   1800K .......... .......... .......... .......... .......... 45% 32.3M 0s
[43.878s]   1850K .......... .......... .......... .......... .......... 46% 31.1M 0s
[43.878s]   1900K .......... .......... .......... .......... .......... 47% 46.7M 0s
[43.903s]   1950K .......... .......... .......... .......... .......... 48% 3.46M 0s
[43.904s]   2000K .......... .......... .......... .......... .......... 50% 7.00M 0s
[43.904s]   2050K .......... .......... .......... .......... .......... 51% 28.3M 0s
[43.905s]   2100K .......... .......... .......... .......... .......... 52% 7.05M 0s
[43.942s]   2150K .......... .......... .......... .......... .......... 53% 2.48M 0s
[43.943s]   2200K .......... .......... .......... .......... .......... 54% 27.8M 0s
[43.943s]   2250K .......... .......... .......... .......... .......... 56% 30.6M 0s
[43.944s]   2300K .......... .......... .......... .......... .......... 57% 44.9M 0s
[43.944s]   2350K .......... .......... .......... .......... .......... 58% 43.3M 0s
[43.944s]   2400K .......... .......... .......... .......... .......... 59% 42.7M 0s
[43.945s]   2450K .......... .......... .......... .......... .......... 61% 10.8M 0s
[43.969s]   2500K .......... .......... .......... .......... .......... 62% 2.49M 0s
[43.969s]   2550K .......... .......... .......... .......... .......... 63% 10.2M 0s
[43.986s]   2600K .......... .......... .......... .......... .......... 64% 3.14M 0s
[44.026s]   2650K .......... .......... .......... .......... .......... 65% 1.23M 0s
[44.046s]   2700K .......... .......... .......... .......... .......... 67% 1.60M 0s
[44.061s]   2750K .......... .......... .......... .......... .......... 68% 3.52M 0s
[44.078s]   2800K .......... .......... .......... .......... .......... 69% 2.42M 0s
[44.086s]   2850K .......... .......... .......... .......... .......... 70% 5.44M 0s
[44.091s]   2900K .......... .......... .......... .......... .......... 72% 7.58M 0s
[44.116s]   2950K .......... .......... .......... .......... .......... 73% 1.95M 0s
[44.131s]   3000K .......... .......... .......... .......... .......... 74% 4.26M 0s
[44.153s]   3050K .......... .......... .......... .......... .......... 75% 2.39M 0s
[44.172s]   3100K .......... .......... .......... .......... .......... 76% 3.12M 0s
[44.187s]   3150K .......... .......... .......... .......... .......... 78% 2.19M 0s
[44.191s]   3200K .......... .......... .......... .......... .......... 79% 7.27M 0s
[44.218s]   3250K .......... .......... .......... .......... .......... 80% 2.62M 0s
[44.224s]   3300K .......... .......... .......... .......... .......... 81% 4.19M 0s
[44.247s]   3350K .......... .......... .......... .......... .......... 83% 4.26M 0s
[44.260s]   3400K .......... .......... .......... .......... .......... 84% 2.14M 0s
[44.264s]   3450K .......... .......... .......... .......... .......... 85% 5.16M 0s
[44.297s]   3500K .......... .......... .......... .......... .......... 86% 1.68M 0s
[44.309s]   3550K .......... .......... .......... .......... .......... 87% 3.28M 0s
[44.311s]   3600K .......... .......... .......... .......... .......... 89% 22.0M 0s
[44.312s]   3650K .......... .......... .......... .......... .......... 90% 32.8M 0s
[44.334s]   3700K .......... .......... .......... .......... .......... 91% 61.1M 0s
[44.334s]   3750K .......... .......... .......... .......... .......... 92% 59.5M 0s
[44.335s]   3800K .......... .......... .......... .......... .......... 93% 63.3M 0s
[44.335s]   3850K .......... .......... .......... .......... .......... 95% 68.6M 0s
[44.335s]   3900K .......... .......... .......... .......... .......... 96% 52.3M 0s
[44.336s]   3950K .......... .......... .......... .......... .......... 97% 68.1M 0s
[44.336s]   4000K .......... .......... .......... .......... .......... 98% 55.6M 0s
[44.336s]   4050K .......... .......... .......... .......... ......    100% 56.5M=0.8s
[44.337s] 
[44.337s] 2026-07-30 19:26:29 (4.82 MB/s) - ‘/home/paola/proyecto_robot/build/multirobot_map_merge/map05.pgm’ saved [4194362/4194362]
[44.337s] 
[44.340s] Checking MD5 sum of /home/paola/proyecto_robot/build/multirobot_map_merge/map05.pgm
[44.479s] /home/paola/proyecto_robot/build/multirobot_map_merge/map05.pgm: OK
[44.666s] --2026-07-30 19:26:30--  https://raw.githubusercontent.com/hrnr/m-explore-extra/master/map_merge/gmapping_maps/2011-08-09-12-22-52.pgm
[44.808s] Resolving raw.githubusercontent.com (raw.githubusercontent.com)... 185.199.111.133, 185.199.108.133, 185.199.109.133, ...
[44.864s] Connecting to raw.githubusercontent.com (raw.githubusercontent.com)|185.199.111.133|:443... connected.
[45.811s] HTTP request sent, awaiting response... 200 OK
[45.811s] Length: 16000058 (15M) [application/octet-stream]
[45.811s] Saving to: ‘/home/paola/proyecto_robot/build/multirobot_map_merge/2011-08-09-12-22-52.pgm’
[45.812s] 
[45.843s]      0K .......... .......... .......... .......... ..........  0% 1.48M 10s
[45.855s]     50K .......... .......... .......... .......... ..........  0% 3.92M 7s
[45.889s]    100K .......... .......... .......... .......... ..........  0% 1.78M 8s
[45.889s]    150K .......... .......... .......... .......... ..........  1% 65.9M 6s
[45.911s]    200K .......... .......... .......... .......... ..........  1% 2.17M 6s
[45.911s]    250K .......... .......... .......... .......... ..........  1% 39.5M 5s
[45.912s]    300K .......... .......... .......... .......... ..........  2% 5.26M 5s
[45.962s]    350K .......... .......... .......... .......... ..........  2% 1.12M 6s
[45.963s]    400K .......... .......... .......... .......... ..........  2% 45.0M 5s
[45.973s]    450K .......... .......... .......... .......... ..........  3% 3.02M 5s
[45.983s]    500K .......... .......... .......... .......... ..........  3% 11.0M 5s
[45.984s]    550K .......... .......... .......... .......... ..........  3% 8.68M 4s
[45.986s]    600K .......... .......... .......... .......... ..........  4% 48.5M 4s
[45.999s]    650K .......... .......... .......... .......... ..........  4% 18.7M 4s
[46.004s]    700K .......... .......... .......... .......... ..........  4% 6.48M 4s
[46.012s]    750K .......... .......... .......... .......... ..........  5% 4.72M 4s
[46.012s]    800K .......... .......... .......... .......... ..........  5% 15.8M 4s
[46.017s]    850K .......... .......... .......... .......... ..........  5% 7.19M 3s
[46.018s]    900K .......... .......... .......... .......... ..........  6% 48.9M 3s
[46.018s]    950K .......... .......... .......... .......... ..........  6% 51.6M 3s
[46.018s]   1000K .......... .......... .......... .......... ..........  6% 65.3M 3s
[46.019s]   1050K .......... .......... .......... .......... ..........  7% 33.1M 3s
[46.019s]   1100K .......... .......... .......... .......... ..........  7% 45.7M 3s
[46.021s]   1150K .......... .......... .......... .......... ..........  7% 60.0M 3s
[46.030s]   1200K .......... .......... .......... .......... ..........  7% 30.3M 2s
[46.034s]   1250K .......... .......... .......... .......... ..........  8% 5.14M 2s
[46.041s]   1300K .......... .......... .......... .......... ..........  8% 6.61M 2s
[46.042s]   1350K .......... .......... .......... .......... ..........  8% 46.2M 2s
[46.050s]   1400K .......... .......... .......... .......... ..........  9% 52.7M 2s
[46.051s]   1450K .......... .......... .......... .......... ..........  9% 64.2M 2s
[46.069s]   1500K .......... .......... .......... .......... ..........  9% 2.13M 2s
[46.077s]   1550K .......... .......... .......... .......... .......... 10% 8.22M 2s
[46.103s]   1600K .......... .......... .......... .......... .......... 10% 5.12M 2s
[46.114s]   1650K .......... .......... .......... .......... .......... 10% 1.98M 2s
[46.115s]   1700K .......... .......... .......... .......... .......... 11% 51.8M 2s
[46.117s]   1750K .......... .......... .......... .......... .......... 11% 5.53M 2s
[46.117s]   1800K .......... .......... .......... .......... .......... 11% 46.7M 2s
[46.123s]   1850K .......... .......... .......... .......... .......... 12% 33.1M 2s
[46.128s]   1900K .......... .......... .......... .......... .......... 12% 6.19M 2s
[46.145s]   1950K .......... .......... .......... .......... .......... 12% 6.74M 2s
[46.149s]   2000K .......... .......... .......... .......... .......... 13% 3.38M 2s
[46.151s]   2050K .......... .......... .......... .......... .......... 13% 10.8M 2s
[46.155s]   2100K .......... .......... .......... .......... .......... 13% 16.2M 2s
[46.164s]   2150K .......... .......... .......... .......... .......... 14% 42.0M 2s
[46.166s]   2200K .......... .......... .......... .......... .......... 14% 5.25M 2s
[46.171s]   2250K .......... .......... .......... .......... .......... 14% 36.5M 2s
[46.172s]   2300K .......... .......... .......... .......... .......... 15% 37.9M 2s
[46.178s]   2350K .......... .......... .......... .......... .......... 15% 6.66M 2s
[46.184s]   2400K .......... .......... .......... .......... .......... 15% 7.25M 2s
[46.192s]   2450K .......... .......... .......... .......... .......... 15% 12.1M 2s
[46.203s]   2500K .......... .......... .......... .......... .......... 16% 4.24M 2s
[46.204s]   2550K .......... .......... .......... .......... .......... 16% 6.94M 2s
[46.216s]   2600K .......... .......... .......... .......... .......... 16% 5.24M 2s
[46.220s]   2650K .......... .......... .......... .......... .......... 17% 7.95M 2s
[46.244s]   2700K .......... .......... .......... .......... .......... 17% 1.98M 2s
[46.263s]   2750K .......... .......... .......... .......... .......... 17% 5.05M 2s
[46.276s]   2800K .......... .......... .......... .......... .......... 18% 3.70M 2s
[46.287s]   2850K .......... .......... .......... .......... .......... 18% 6.76M 2s
[46.289s]   2900K .......... .......... .......... .......... .......... 18% 3.91M 2s
[46.301s]   2950K .......... .......... .......... .......... .......... 19% 3.80M 2s
[46.307s]   3000K .......... .......... .......... .......... .......... 19% 9.42M 2s
[46.317s]   3050K .......... .......... .......... .......... .......... 19% 28.7M 2s
[46.328s]   3100K .......... .......... .......... .......... .......... 20% 2.63M 2s
[46.339s]   3150K .......... .......... .......... .......... .......... 20% 4.23M 2s
[46.353s]   3200K .......... .......... .......... .......... .......... 20% 5.12M 2s
[46.355s]   3250K .......... .......... .......... .......... .......... 21% 31.6M 2s
[46.355s]   3300K .......... .......... .......... .......... .......... 21% 9.55M 2s
[46.355s]   3350K .......... .......... .......... .......... .......... 21% 35.8M 2s
[46.357s]   3400K .......... .......... .......... .......... .......... 22% 20.2M 2s
[46.371s]   3450K .......... .......... .......... .......... .......... 22% 3.43M 2s
[46.389s]   3500K .......... .......... .......... .......... .......... 22% 3.71M 2s
[46.429s]   3550K .......... .......... .......... .......... .......... 23% 3.72M 2s
[46.429s]   3600K .......... .......... .......... .......... .......... 23% 3.12M 2s
[46.430s]   3650K .......... .......... .......... .......... .......... 23% 19.0M 2s
[46.430s]   3700K .......... .......... .......... .......... .......... 23% 5.56M 2s
[46.449s]   3750K .......... .......... .......... .......... .......... 24% 3.63M 2s
[46.453s]   3800K .......... .......... .......... .......... .......... 24% 5.29M 2s
[46.456s]   3850K .......... .......... .......... .......... .......... 24% 14.9M 2s
[46.457s]   3900K .......... .......... .......... .......... .......... 25% 14.3M 2s
[46.457s]   3950K .......... .......... .......... .......... .......... 25% 40.2M 2s
[46.464s]   4000K .......... .......... .......... .......... .......... 25% 28.0M 2s
[46.481s]   4050K .......... .......... .......... .......... .......... 26% 3.25M 2s
[46.488s]   4100K .......... .......... .......... .......... .......... 26% 3.90M 2s
[46.489s]   4150K .......... .......... .......... .......... .......... 26% 11.6M 2s
[46.493s]   4200K .......... .......... .......... .......... .......... 27% 20.2M 2s
[46.504s]   4250K .......... .......... .......... .......... .......... 27% 37.6M 2s
[46.507s]   4300K .......... .......... .......... .......... .......... 27% 32.1M 2s
[46.507s]   4350K .......... .......... .......... .......... .......... 28% 4.71M 2s
[46.508s]   4400K .......... .......... .......... .......... .......... 28% 26.7M 2s
[46.511s]   4450K .......... .......... .......... .......... .......... 28% 40.9M 2s
[46.511s]   4500K .......... .......... .......... .......... .......... 29% 22.0M 2s
[46.518s]   4550K .......... .......... .......... .......... .......... 29% 5.37M 2s
[46.521s]   4600K .......... .......... .......... .......... .......... 29% 17.6M 2s
[46.531s]   4650K .......... .......... .......... .......... .......... 30% 23.5M 2s
[46.538s]   4700K .......... .......... .......... .......... .......... 30% 4.31M 2s
[46.546s]   4750K .......... .......... .......... .......... .......... 30% 6.41M 2s
[46.549s]   4800K .......... .......... .......... .......... .......... 31% 9.31M 2s
[46.560s]   4850K .......... .......... .......... .......... .......... 31% 22.3M 2s
[46.571s]   4900K .......... .......... .......... .......... .......... 31% 7.06M 2s
[46.572s]   4950K .......... .......... .......... .......... .......... 31% 4.90M 2s
[46.579s]   5000K .......... .......... .......... .......... .......... 32% 34.8M 2s
[46.580s]   5050K .......... .......... .......... .......... .......... 32% 7.98M 2s
[46.580s]   5100K .......... .......... .......... .......... .......... 32% 36.1M 2s
[46.592s]   5150K .......... .......... .......... .......... .......... 33% 19.3M 2s
[46.593s]   5200K .......... .......... .......... .......... .......... 33% 8.75M 2s
[46.593s]   5250K .......... .......... .......... .......... .......... 33% 24.7M 2s
[46.593s]   5300K .......... .......... .......... .......... .......... 34% 39.5M 1s
[46.594s]   5350K .......... .......... .......... .......... .......... 34% 39.1M 1s
[46.599s]   5400K .......... .......... .......... .......... .......... 34% 20.7M 1s
[46.606s]   5450K .......... .......... .......... .......... .......... 35% 4.55M 1s
[46.606s]   5500K .......... .......... .......... .......... .......... 35% 29.4M 1s
[46.610s]   5550K .......... .......... .......... .......... .......... 35% 29.9M 1s
[46.638s]   5600K .......... .......... .......... .......... .......... 36% 5.74M 1s
[46.644s]   5650K .......... .......... .......... .......... .......... 36% 1.91M 1s
[46.658s]   5700K .......... .......... .......... .......... .......... 36% 5.11M 1s
[46.682s]   5750K .......... .......... .......... .......... .......... 37% 2.39M 1s
[46.685s]   5800K .......... .......... .......... .......... .......... 37% 3.31M 1s
[46.699s]   5850K .......... .......... .......... .......... .......... 37% 8.71M 1s
[46.705s]   5900K .......... .......... .......... .......... .......... 38% 4.75M 1s
[46.706s]   5950K .......... .......... .......... .......... .......... 38% 20.5M 1s
[46.715s]   6000K .......... .......... .......... .......... .......... 38% 7.96M 1s
[46.715s]   6050K .......... .......... .......... .......... .......... 39% 17.2M 1s
[46.722s]   6100K .......... .......... .......... .......... .......... 39% 5.76M 1s
[46.722s]   6150K .......... .......... .......... .......... .......... 39% 25.5M 1s
[46.730s]   6200K .......... .......... .......... .......... .......... 39% 32.0M 1s
[46.742s]   6250K .......... .......... .......... .......... .......... 40% 3.10M 1s
[46.765s]   6300K .......... .......... .......... .......... .......... 40% 4.72M 1s
[46.765s]   6350K .......... .......... .......... .......... .......... 40% 20.6M 1s
[46.765s]   6400K .......... .......... .......... .......... .......... 41% 31.6M 1s
[46.765s]   6450K .......... .......... .......... .......... .......... 41% 41.5M 1s
[46.766s]   6500K .......... .......... .......... .......... .......... 41% 48.5M 1s
[46.766s]   6550K .......... .......... .......... .......... .......... 42% 49.7M 1s
[46.766s]   6600K .......... .......... .......... .......... .......... 42% 42.0M 1s
[46.766s]   6650K .......... .......... .......... .......... .......... 42% 36.0M 1s
[46.767s]   6700K .......... .......... .......... .......... .......... 43% 50.6M 1s
[46.783s]   6750K .......... .......... .......... .......... .......... 43% 21.6M 1s
[46.783s]   6800K .......... .......... .......... .......... .......... 43% 5.16M 1s
[46.783s]   6850K .......... .......... .......... .......... .......... 44% 47.8M 1s
[46.784s]   6900K .......... .......... .......... .......... .......... 44% 25.5M 1s
[46.784s]   6950K .......... .......... .......... .......... .......... 44% 39.1M 1s
[46.784s]   7000K .......... .......... .......... .......... .......... 45% 49.8M 1s
[46.792s]   7050K .......... .......... .......... .......... .......... 45% 38.6M 1s
[46.792s]   7100K .......... .......... .......... .......... .......... 45% 33.7M 1s
[46.792s]   7150K .......... .......... .......... .......... .......... 46% 19.1M 1s
[46.793s]   7200K .......... .......... .......... .......... .......... 46% 35.9M 1s
[46.793s]   7250K .......... .......... .......... .......... .......... 46% 38.1M 1s
[46.793s]   7300K .......... .......... .......... .......... .......... 47% 41.6M 1s
[46.804s]   7350K .......... .......... .......... .......... .......... 47% 44.2M 1s
[46.804s]   7400K .......... .......... .......... .......... .......... 47% 10.2M 1s
[46.804s]   7450K .......... .......... .......... .......... .......... 47% 45.4M 1s
[46.806s]   7500K .......... .......... .......... .......... .......... 48% 29.6M 1s
[46.819s]   7550K .......... .......... .......... .......... .......... 48% 2.72M 1s
[46.827s]   7600K .......... .......... .......... .......... .......... 48% 5.58M 1s
[46.828s]   7650K .......... .......... .......... .......... .......... 49% 37.5M 1s
[46.834s]   7700K .......... .......... .......... .......... .......... 49% 9.35M 1s
[46.838s]   7750K .......... .......... .......... .......... .......... 49% 6.48M 1s
[46.843s]   7800K .......... .......... .......... .......... .......... 50% 9.74M 1s
[46.893s]   7850K .......... .......... .......... .......... .......... 50% 5.11M 1s
[46.897s]   7900K .......... .......... .......... .......... .......... 50% 1.17M 1s
[46.903s]   7950K .......... .......... .......... .......... .......... 51% 4.01M 1s
[46.922s]   8000K .......... .......... .......... .......... .......... 51% 14.4M 1s
[46.939s]   8050K .......... .......... .......... .......... .......... 51% 1.87M 1s
[46.943s]   8100K .......... .......... .......... .......... .......... 52% 4.75M 1s
[46.948s]   8150K .......... .......... .......... .......... .......... 52% 7.83M 1s
[46.966s]   8200K .......... .......... .......... .......... .......... 52% 6.86M 1s
[46.979s]   8250K .......... .......... .......... .......... .......... 53% 4.50M 1s
[46.980s]   8300K .......... .......... .......... .......... .......... 53% 21.2M 1s
[46.983s]   8350K .......... .......... .......... .......... .......... 53% 18.0M 1s
[46.984s]   8400K .......... .......... .......... .......... .......... 54% 5.25M 1s
[46.990s]   8450K .......... .......... .......... .......... .......... 54% 20.2M 1s
[46.997s]   8500K .......... .......... .......... .......... .......... 54% 8.06M 1s
[46.998s]   8550K .......... .......... .......... .......... .......... 55% 20.4M 1s
[47.004s]   8600K .......... .......... .......... .......... .......... 55% 7.82M 1s
[47.004s]   8650K .......... .......... .......... .......... .......... 55% 22.7M 1s
[47.004s]   8700K .......... .......... .......... .......... .......... 55% 35.8M 1s
[47.020s]   8750K .......... .......... .......... .......... .......... 56% 27.4M 1s
[47.020s]   8800K .......... .......... .......... .......... .......... 56% 35.8M 1s
[47.028s]   8850K .......... .......... .......... .......... .......... 56% 2.54M 1s
[47.036s]   8900K .......... .......... .......... .......... .......... 57% 3.91M 1s
[47.082s]   8950K .......... .......... .......... .......... .......... 57% 1.82M 1s
[47.083s]   9000K .......... .......... .......... .......... .......... 57% 6.10M 1s
[47.088s]   9050K .......... .......... .......... .......... .......... 58% 31.1M 1s
[47.088s]   9100K .......... .......... .......... .......... .......... 58% 37.0M 1s
[47.088s]   9150K .......... .......... .......... .......... .......... 58% 8.02M 1s
[47.089s]   9200K .......... .......... .......... .......... .......... 59% 29.9M 1s
[47.090s]   9250K .......... .......... .......... .......... .......... 59% 7.72M 1s
[47.120s]   9300K .......... .......... .......... .......... .......... 59% 4.30M 1s
[47.120s]   9350K .......... .......... .......... .......... .......... 60% 27.3M 1s
[47.121s]   9400K .......... .......... .......... .......... .......... 60% 33.2M 1s
[47.121s]   9450K .......... .......... .......... .......... .......... 60% 25.2M 1s
[47.121s]   9500K .......... .......... .......... .......... .......... 61% 36.0M 1s
[47.126s]   9550K .......... .......... .......... .......... .......... 61% 23.5M 1s
[47.126s]   9600K .......... .......... .......... .......... .......... 61% 21.3M 1s
[47.127s]   9650K .......... .......... .......... .......... .......... 62% 29.5M 1s
[47.129s]   9700K .......... .......... .......... .......... .......... 62% 5.44M 1s
[47.130s]   9750K .......... .......... .......... .......... .......... 62% 49.1M 1s
[47.133s]   9800K .......... .......... .......... .......... .......... 63% 5.44M 1s
[47.133s]   9850K .......... .......... .......... .......... .......... 63% 40.2M 1s
[47.141s]   9900K .......... .......... .......... .......... .......... 63% 9.08M 1s
[47.153s]   9950K .......... .......... .......... .......... .......... 63% 4.51M 1s
[47.154s]  10000K .......... .......... .......... .......... .......... 64% 7.75M 1s
[47.169s]  10050K .......... .......... .......... .......... .......... 64% 13.4M 1s
[47.181s]  10100K .......... .......... .......... .......... .......... 64% 3.83M 1s
[47.185s]  10150K .......... .......... .......... .......... .......... 65% 16.4M 1s
[47.187s]  10200K .......... .......... .......... .......... .......... 65% 5.68M 1s
[47.187s]  10250K .......... .......... .......... .......... .......... 65% 38.8M 1s
[47.193s]  10300K .......... .......... .......... .......... .......... 66% 39.7M 1s
[47.211s]  10350K .......... .......... .......... .......... .......... 66% 3.67M 1s
[47.211s]  10400K .......... .......... .......... .......... .......... 66% 43.9M 1s
[47.211s]  10450K .......... .......... .......... .......... .......... 67% 51.4M 1s
[47.211s]  10500K .......... .......... .......... .......... .......... 67% 7.94M 1s
[47.215s]  10550K .......... .......... .......... .......... .......... 67% 29.0M 1s
[47.217s]  10600K .......... .......... .......... .......... .......... 68% 6.82M 1s
[47.233s]  10650K .......... .......... .......... .......... .......... 68% 7.77M 1s
[47.241s]  10700K .......... .......... .......... .......... .......... 68% 4.38M 1s
[47.249s]  10750K .......... .......... .......... .......... .......... 69% 5.04M 1s
[47.250s]  10800K .......... .......... .......... .......... .......... 69% 6.89M 1s
[47.276s]  10850K .......... .......... .......... .......... .......... 69% 8.17M 1s
[47.276s]  10900K .......... .......... .......... .......... .......... 70% 18.1M 1s
[47.276s]  10950K .......... .......... .......... .......... .......... 70% 38.2M 1s
[47.277s]  11000K .......... .......... .......... .......... .......... 70% 34.8M 1s
[47.277s]  11050K .......... .......... .......... .......... .......... 71% 36.2M 1s
[47.277s]  11100K .......... .......... .......... .......... .......... 71% 29.4M 1s
[47.301s]  11150K .......... .......... .......... .......... .......... 71% 1.79M 1s
[47.303s]  11200K .......... .......... .......... .......... .......... 71% 5.12M 1s
[47.312s]  11250K .......... .......... .......... .......... .......... 72% 5.28M 1s
[47.323s]  11300K .......... .......... .......... .......... .......... 72% 8.56M 1s
[47.324s]  11350K .......... .......... .......... .......... .......... 72% 22.3M 1s
[47.331s]  11400K .......... .......... .......... .......... .......... 73% 11.4M 1s
[47.331s]  11450K .......... .......... .......... .......... .......... 73% 49.0M 1s
[47.348s]  11500K .......... .......... .......... .......... .......... 73% 4.96M 1s
[47.353s]  11550K .......... .......... .......... .......... .......... 74% 6.09M 1s
[47.354s]  11600K .......... .......... .......... .......... .......... 74% 6.88M 1s
[47.360s]  11650K .......... .......... .......... .......... .......... 74% 22.7M 1s
[47.360s]  11700K .......... .......... .......... .......... .......... 75% 25.3M 1s
[47.361s]  11750K .......... .......... .......... .......... .......... 75% 43.1M 1s
[47.362s]  11800K .......... .......... .......... .......... .......... 75% 10.5M 0s
[47.373s]  11850K .......... .......... .......... .......... .......... 76% 11.2M 0s
[47.399s]  11900K .......... .......... .......... .......... .......... 76% 2.96M 0s
[47.399s]  11950K .......... .......... .......... .......... .......... 76% 29.6M 0s
[47.399s]  12000K .......... .......... .......... .......... .......... 77% 38.8M 0s
[47.400s]  12050K .......... .......... .......... .......... .......... 77% 18.7M 0s
[47.400s]  12100K .......... .......... .......... .......... .......... 77% 41.7M 0s
[47.400s]  12150K .......... .......... .......... .......... .......... 78% 29.4M 0s
[47.400s]  12200K .......... .......... .......... .......... .......... 78% 26.8M 0s
[47.405s]  12250K .......... .......... .......... .......... .......... 78% 36.5M 0s
[47.405s]  12300K .......... .......... .......... .......... .......... 79% 36.5M 0s
[47.406s]  12350K .......... .......... .......... .......... .......... 79% 25.9M 0s
[47.406s]  12400K .......... .......... .......... .......... .......... 79% 28.2M 0s
[47.429s]  12450K .......... .......... .......... .......... .......... 79% 3.50M 0s
[47.429s]  12500K .......... .......... .......... .......... .......... 80% 6.66M 0s
[47.429s]  12550K .......... .......... .......... .......... .......... 80% 29.5M 0s
[47.429s]  12600K .......... .......... .......... .......... .......... 80% 38.7M 0s
[47.437s]  12650K .......... .......... .......... .......... .......... 81% 29.5M 0s
[47.438s]  12700K .......... .......... .......... .......... .......... 81% 24.2M 0s
[47.438s]  12750K .......... .......... .......... .......... .......... 81% 35.0M 0s
[47.439s]  12800K .......... .......... .......... .......... .......... 82% 44.1M 0s
[47.439s]  12850K .......... .......... .......... .......... .......... 82% 28.2M 0s
[47.444s]  12900K .......... .......... .......... .......... .......... 82% 43.0M 0s
[47.445s]  12950K .......... .......... .......... .......... .......... 83% 6.26M 0s
[47.445s]  13000K .......... .......... .......... .......... .......... 83% 32.8M 0s
[47.445s]  13050K .......... .......... .......... .......... .......... 83% 46.4M 0s
[47.446s]  13100K .......... .......... .......... .......... .......... 84% 58.0M 0s
[47.446s]  13150K .......... .......... .......... .......... .......... 84% 30.5M 0s
[47.453s]  13200K .......... .......... .......... .......... .......... 84% 38.7M 0s
[47.454s]  13250K .......... .......... .......... .......... .......... 85% 32.1M 0s
[47.454s]  13300K .......... .......... .......... .......... .......... 85% 24.1M 0s
[47.454s]  13350K .......... .......... .......... .......... .......... 85% 42.0M 0s
[47.456s]  13400K .......... .......... .......... .......... .......... 86% 11.8M 0s
[47.457s]  13450K .......... .......... .......... .......... .......... 86% 43.6M 0s
[47.458s]  13500K .......... .......... .......... .......... .......... 86% 50.0M 0s
[47.481s]  13550K .......... .......... .......... .......... .......... 87% 5.12M 0s
[47.484s]  13600K .......... .......... .......... .......... .......... 87% 40.1M 0s
[47.485s]  13650K .......... .......... .......... .......... .......... 87% 36.4M 0s
[47.485s]  13700K .......... .......... .......... .......... .......... 87% 34.1M 0s
[47.485s]  13750K .......... .......... .......... .......... .......... 88% 51.2M 0s
[47.486s]  13800K .......... .......... .......... .......... .......... 88% 46.6M 0s
[47.488s]  13850K .......... .......... .......... .......... .......... 88% 55.4M 0s
[47.488s]  13900K .......... .......... .......... .......... .......... 89% 54.2M 0s
[47.488s]  13950K .......... .......... .......... .......... .......... 89% 4.62M 0s
[47.495s]  14000K .......... .......... .......... .......... .......... 89% 47.9M 0s
[47.496s]  14050K .......... .......... .......... .......... .......... 90% 10.6M 0s
[47.496s]  14100K .......... .......... .......... .......... .......... 90% 40.9M 0s
[47.516s]  14150K .......... .......... .......... .......... .......... 90% 2.22M 0s
[47.518s]  14200K .......... .......... .......... .......... .......... 91% 7.18M 0s
[47.527s]  14250K .......... .......... .......... .......... .......... 91% 5.94M 0s
[47.540s]  14300K .......... .......... .......... .......... .......... 91% 11.1M 0s
[47.567s]  14350K .......... .......... .......... .......... .......... 92% 4.49M 0s
[47.606s]  14400K .......... .......... .......... .......... .......... 92% 1.83M 0s
[47.607s]  14450K .......... .......... .......... .......... .......... 92% 7.89M 0s
[47.607s]  14500K .......... .......... .......... .......... .......... 93% 22.8M 0s
[47.607s]  14550K .......... .......... .......... .......... .......... 93% 34.6M 0s
[47.607s]  14600K .......... .......... .......... .......... .......... 93% 28.9M 0s
[47.608s]  14650K .......... .......... .......... .......... .......... 94% 23.3M 0s
[47.608s]  14700K .......... .......... .......... .......... .......... 94% 18.4M 0s
[47.609s]  14750K .......... .......... .......... .......... .......... 94% 33.0M 0s
[47.609s]  14800K .......... .......... .......... .......... .......... 95% 45.9M 0s
[47.609s]  14850K .......... .......... .......... .......... .......... 95% 43.0M 0s
[47.610s]  14900K .......... .......... .......... .......... .......... 95% 44.7M 0s
[47.610s]  14950K .......... .......... .......... .......... .......... 95% 37.8M 0s
[47.610s]  15000K .......... .......... .......... .......... .......... 96% 36.5M 0s
[47.613s]  15050K .......... .......... .......... .......... .......... 96% 9.45M 0s
[47.663s]  15100K .......... .......... .......... .......... .......... 96% 5.80M 0s
[47.664s]  15150K .......... .......... .......... .......... .......... 97% 52.9M 0s
[47.664s]  15200K .......... .......... .......... .......... .......... 97% 28.3M 0s
[47.664s]  15250K .......... .......... .......... .......... .......... 97% 9.85M 0s
[47.665s]  15300K .......... .......... .......... .......... .......... 98% 35.5M 0s
[47.665s]  15350K .......... .......... .......... .......... .......... 98% 19.1M 0s
[47.665s]  15400K .......... .......... .......... .......... .......... 98% 61.4M 0s
[47.665s]  15450K .......... .......... .......... .......... .......... 99% 7.04M 0s
[47.666s]  15500K .......... .......... .......... .......... .......... 99% 6.94M 0s
[47.666s]  15550K .......... .......... .......... .......... .......... 99% 50.4M 0s
[47.666s]  15600K .......... .......... .....                           100% 98.0M=1.8s
[47.667s] 
[47.667s] 2026-07-30 19:26:33 (8.35 MB/s) - ‘/home/paola/proyecto_robot/build/multirobot_map_merge/2011-08-09-12-22-52.pgm’ saved [16000058/16000058]
[47.668s] 
[47.688s] Checking MD5 sum of /home/paola/proyecto_robot/build/multirobot_map_merge/2011-08-09-12-22-52.pgm
[47.806s] /home/paola/proyecto_robot/build/multirobot_map_merge/2011-08-09-12-22-52.pgm: OK
[48.004s] --2026-07-30 19:26:33--  https://raw.githubusercontent.com/hrnr/m-explore-extra/master/map_merge/gmapping_maps/2012-01-28-11-12-01.pgm
[48.097s] Resolving raw.githubusercontent.com (raw.githubusercontent.com)... 185.199.108.133, 185.199.109.133, 185.199.110.133, ...
[48.139s] Connecting to raw.githubusercontent.com (raw.githubusercontent.com)|185.199.108.133|:443... connected.
[49.103s] HTTP request sent, awaiting response... 200 OK
[49.104s] Length: 16000058 (15M) [application/octet-stream]
[49.104s] Saving to: ‘/home/paola/proyecto_robot/build/multirobot_map_merge/2012-01-28-11-12-01.pgm’
[49.104s] 
[49.140s]      0K .......... .......... .......... .......... ..........  0% 1.35M 11s
[49.152s]     50K .......... .......... .......... .......... ..........  0% 4.91M 7s
[49.178s]    100K .......... .......... .......... .......... ..........  0% 1.91M 7s
[49.186s]    150K .......... .......... .......... .......... ..........  1% 8.93M 6s
[49.199s]    200K .......... .......... .......... .......... ..........  1% 3.00M 6s
[49.226s]    250K .......... .......... .......... .......... ..........  1% 2.49M 6s
[49.226s]    300K .......... .......... .......... .......... ..........  2% 66.9M 5s
[49.227s]    350K .......... .......... .......... .......... ..........  2% 75.9M 4s
[49.227s]    400K .......... .......... .......... .......... ..........  2% 58.7M 4s
[49.237s]    450K .......... .......... .......... .......... ..........  3% 5.01M 4s
[49.237s]    500K .......... .......... .......... .......... ..........  3% 36.3M 3s
[49.253s]    550K .......... .......... .......... .......... ..........  3% 2.50M 4s
[49.253s]    600K .......... .......... .......... .......... ..........  4% 33.2M 3s
[49.253s]    650K .......... .......... .......... .......... ..........  4% 52.6M 3s
[49.254s]    700K .......... .......... .......... .......... ..........  4% 51.7M 3s
[49.255s]    750K .......... .......... .......... .......... ..........  5% 46.7M 3s
[49.265s]    800K .......... .......... .......... .......... ..........  5% 11.9M 3s
[49.265s]    850K .......... .......... .......... .......... ..........  5% 67.0M 3s
[49.266s]    900K .......... .......... .......... .......... ..........  6% 52.5M 2s
[49.269s]    950K .......... .......... .......... .......... ..........  6% 59.2M 2s
[49.270s]   1000K .......... .......... .......... .......... ..........  6% 54.6M 2s
[49.270s]   1050K .......... .......... .......... .......... ..........  7% 60.9M 2s
[49.270s]   1100K .......... .......... .......... .......... ..........  7% 12.9M 2s
[49.271s]   1150K .......... .......... .......... .......... ..........  7% 72.8M 2s
[49.281s]   1200K .......... .......... .......... .......... ..........  7% 3.54M 2s
[49.281s]   1250K .......... .......... .......... .......... ..........  8% 63.1M 2s
[49.292s]   1300K .......... .......... .......... .......... ..........  8% 15.2M 2s
[49.292s]   1350K .......... .......... .......... .......... ..........  8% 57.1M 2s
[49.293s]   1400K .......... .......... .......... .......... ..........  9% 58.5M 2s
[49.293s]   1450K .......... .......... .......... .......... ..........  9% 70.0M 2s
[49.294s]   1500K .......... .......... .......... .......... ..........  9% 69.5M 2s
[49.294s]   1550K .......... .......... .......... .......... .......... 10% 68.8M 2s
[49.294s]   1600K .......... .......... .......... .......... .......... 10% 53.2M 2s
[49.307s]   1650K .......... .......... .......... .......... .......... 10% 6.55M 2s
[49.310s]   1700K .......... .......... .......... .......... .......... 11% 9.36M 2s
[49.310s]   1750K .......... .......... .......... .......... .......... 11% 7.05M 2s
[49.311s]   1800K .......... .......... .......... .......... .......... 11% 44.4M 2s
[49.314s]   1850K .......... .......... .......... .......... .......... 12% 16.3M 2s
[49.317s]   1900K .......... .......... .......... .......... .......... 12% 18.2M 1s
[49.317s]   1950K .......... .......... .......... .......... .......... 12% 46.6M 1s
[49.318s]   2000K .......... .......... .......... .......... .......... 13% 35.0M 1s
[49.319s]   2050K .......... .......... .......... .......... .......... 13% 21.4M 1s
[49.329s]   2100K .......... .......... .......... .......... .......... 13% 34.4M 1s
[49.331s]   2150K .......... .......... .......... .......... .......... 14% 5.85M 1s
[49.357s]   2200K .......... .......... .......... .......... .......... 14% 12.5M 1s
[49.362s]   2250K .......... .......... .......... .......... .......... 14% 2.01M 1s
[49.369s]   2300K .......... .......... .......... .......... .......... 15% 5.13M 1s
[49.385s]   2350K .......... .......... .......... .......... .......... 15% 9.49M 1s
[49.394s]   2400K .......... .......... .......... .......... .......... 15% 3.47M 2s
[49.394s]   2450K .......... .......... .......... .......... .......... 15% 41.4M 1s
[49.395s]   2500K .......... .......... .......... .......... .......... 16% 49.1M 1s
[49.403s]   2550K .......... .......... .......... .......... .......... 16% 4.30M 1s
[49.405s]   2600K .......... .......... .......... .......... .......... 16% 9.98M 1s
[49.425s]   2650K .......... .......... .......... .......... .......... 17% 4.53M 1s
[49.426s]   2700K .......... .......... .......... .......... .......... 17% 25.3M 1s
[49.430s]   2750K .......... .......... .......... .......... .......... 17% 36.1M 1s
[49.435s]   2800K .......... .......... .......... .......... .......... 18% 3.10M 1s
[49.439s]   2850K .......... .......... .......... .......... .......... 18% 22.4M 1s
[49.439s]   2900K .......... .......... .......... .......... .......... 18% 42.9M 1s
[49.440s]   2950K .......... .......... .......... .......... .......... 19% 39.7M 1s
[49.450s]   3000K .......... .......... .......... .......... .......... 19% 18.9M 1s
[49.451s]   3050K .......... .......... .......... .......... .......... 19% 5.29M 1s
[49.455s]   3100K .......... .......... .......... .......... .......... 20% 31.0M 1s
[49.468s]   3150K .......... .......... .......... .......... .......... 20% 7.40M 1s
[49.470s]   3200K .......... .......... .......... .......... .......... 20% 4.93M 1s
[49.472s]   3250K .......... .......... .......... .......... .......... 21% 15.9M 1s
[49.475s]   3300K .......... .......... .......... .......... .......... 21% 26.9M 1s
[49.477s]   3350K .......... .......... .......... .......... .......... 21% 16.1M 1s
[49.509s]   3400K .......... .......... .......... .......... .......... 22% 1.57M 1s
[49.515s]   3450K .......... .......... .......... .......... .......... 22% 7.14M 1s
[49.522s]   3500K .......... .......... .......... .......... .......... 22% 7.91M 1s
[49.540s]   3550K .......... .......... .......... .......... .......... 23% 5.47M 1s
[49.548s]   3600K .......... .......... .......... .......... .......... 23% 3.10M 1s
[49.552s]   3650K .......... .......... .......... .......... .......... 23% 7.68M 1s
[49.555s]   3700K .......... .......... .......... .......... .......... 23% 17.8M 1s
[49.558s]   3750K .......... .......... .......... .......... .......... 24% 19.9M 1s
[49.570s]   3800K .......... .......... .......... .......... .......... 24% 4.99M 1s
[49.573s]   3850K .......... .......... .......... .......... .......... 24% 14.2M 1s
[49.593s]   3900K .......... .......... .......... .......... .......... 25% 3.02M 1s
[49.600s]   3950K .......... .......... .......... .......... .......... 25% 16.3M 1s
[49.659s]   4000K .......... .......... .......... .......... .......... 25% 2.85M 1s
[49.696s]   4050K .......... .......... .......... .......... .......... 26%  690K 2s
[49.742s]   4100K .......... .......... .......... .......... .......... 26% 1.07M 2s
[49.750s]   4150K .......... .......... .......... .......... .......... 26% 2.25M 2s
[49.756s]   4200K .......... .......... .......... .......... .......... 27% 6.89M 2s
[49.771s]   4250K .......... .......... .......... .......... .......... 27% 3.04M 2s
[49.788s]   4300K .......... .......... .......... .......... .......... 27% 2.77M 2s
[49.802s]   4350K .......... .......... .......... .......... .......... 28% 4.05M 2s
[49.804s]   4400K .......... .......... .......... .......... .......... 28% 10.0M 2s
[49.805s]   4450K .......... .......... .......... .......... .......... 28% 35.0M 2s
[49.820s]   4500K .......... .......... .......... .......... .......... 29% 5.15M 2s
[49.832s]   4550K .......... .......... .......... .......... .......... 29% 3.12M 2s
[49.834s]   4600K .......... .......... .......... .......... .......... 29% 12.2M 2s
[49.836s]   4650K .......... .......... .......... .......... .......... 30% 25.0M 2s
[49.867s]   4700K .......... .......... .......... .......... .......... 30% 2.06M 2s
[49.880s]   4750K .......... .......... .......... .......... .......... 30% 3.50M 2s
[49.898s]   4800K .......... .......... .......... .......... .......... 31% 3.33M 2s
[49.906s]   4850K .......... .......... .......... .......... .......... 31% 3.24M 2s
[49.914s]   4900K .......... .......... .......... .......... .......... 31% 6.46M 2s
[49.918s]   4950K .......... .......... .......... .......... .......... 31% 9.19M 2s
[49.931s]   5000K .......... .......... .......... .......... .......... 32% 6.31M 2s
[49.934s]   5050K .......... .......... .......... .......... .......... 32% 5.64M 2s
[49.943s]   5100K .......... .......... .......... .......... .......... 32% 6.78M 2s
[49.966s]   5150K .......... .......... .......... .......... .......... 33% 2.52M 2s
[49.981s]   5200K .......... .......... .......... .......... .......... 33% 3.56M 2s
[50.011s]   5250K .......... .......... .......... .......... .......... 33% 4.09M 2s
[50.022s]   5300K .......... .......... .......... .......... .......... 34% 1.51M 2s
[50.036s]   5350K .......... .......... .......... .......... .......... 34% 3.13M 2s
[50.049s]   5400K .......... .......... .......... .......... .......... 34% 3.27M 2s
[50.052s]   5450K .......... .......... .......... .......... .......... 35% 14.3M 2s
[50.054s]   5500K .......... .......... .......... .......... .......... 35% 23.2M 2s
[50.067s]   5550K .......... .......... .......... .......... .......... 35% 5.30M 2s
[50.071s]   5600K .......... .......... .......... .......... .......... 36% 6.94M 2s
[50.114s]   5650K .......... .......... .......... .......... .......... 36% 2.74M 2s
[50.117s]   5700K .......... .......... .......... .......... .......... 36% 3.55M 2s
[50.117s]   5750K .......... .......... .......... .......... .......... 37% 4.52M 2s
[50.118s]   5800K .......... .......... .......... .......... .......... 37% 12.0M 2s
[50.148s]   5850K .......... .......... .......... .......... .......... 37% 4.73M 2s
[50.156s]   5900K .......... .......... .......... .......... .......... 38% 1.73M 2s
[50.176s]   5950K .......... .......... .......... .......... .......... 38% 6.39M 2s
[50.184s]   6000K .......... .......... .......... .......... .......... 38% 2.27M 2s
[50.187s]   6050K .......... .......... .......... .......... .......... 39% 18.8M 2s
[50.193s]   6100K .......... .......... .......... .......... .......... 39% 10.4M 2s
[50.205s]   6150K .......... .......... .......... .......... .......... 39% 3.53M 2s
[50.222s]   6200K .......... .......... .......... .......... .......... 39% 3.35M 2s
[50.248s]   6250K .......... .......... .......... .......... .......... 40% 2.77M 2s
[50.248s]   6300K .......... .......... .......... .......... .......... 40% 24.2M 2s
[50.260s]   6350K .......... .......... .......... .......... .......... 40% 5.94M 2s
[50.267s]   6400K .......... .......... .......... .......... .......... 41% 3.08M 2s
[50.280s]   6450K .......... .......... .......... .......... .......... 41% 5.59M 2s
[50.293s]   6500K .......... .......... .......... .......... .......... 41% 2.76M 2s
[50.300s]   6550K .......... .......... .......... .......... .......... 42% 5.58M 2s
[50.316s]   6600K .......... .......... .......... .......... .......... 42% 3.09M 2s
[50.323s]   6650K .......... .......... .......... .......... .......... 42% 5.77M 2s
[50.339s]   6700K .......... .......... .......... .......... .......... 43% 16.7M 2s
[50.349s]   6750K .......... .......... .......... .......... .......... 43% 2.46M 2s
[50.370s]   6800K .......... .......... .......... .......... .......... 43% 7.02M 2s
[50.386s]   6850K .......... .......... .......... .......... .......... 44% 1.50M 2s
[50.394s]   6900K .......... .......... .......... .......... .......... 44% 12.5M 2s
[50.403s]   6950K .......... .......... .......... .......... .......... 44% 3.56M 2s
[50.414s]   7000K .......... .......... .......... .......... .......... 45% 5.03M 2s
[50.417s]   7050K .......... .......... .......... .......... .......... 45% 14.8M 2s
[50.419s]   7100K .......... .......... .......... .......... .......... 45% 19.1M 2s
[50.421s]   7150K .......... .......... .......... .......... .......... 46% 28.8M 2s
[50.427s]   7200K .......... .......... .......... .......... .......... 46% 36.5M 2s
[50.430s]   7250K .......... .......... .......... .......... .......... 46% 7.32M 2s
[50.441s]   7300K .......... .......... .......... .......... .......... 47% 10.8M 1s
[50.444s]   7350K .......... .......... .......... .......... .......... 47% 9.31M 1s
[50.444s]   7400K .......... .......... .......... .......... .......... 47% 11.1M 1s
[50.446s]   7450K .......... .......... .......... .......... .......... 47% 12.1M 1s
[50.449s]   7500K .......... .......... .......... .......... .......... 48% 32.0M 1s
[50.475s]   7550K .......... .......... .......... .......... .......... 48% 19.2M 1s
[50.475s]   7600K .......... .......... .......... .......... .......... 48% 9.74M 1s
[50.475s]   7650K .......... .......... .......... .......... .......... 49% 3.83M 1s
[50.476s]   7700K .......... .......... .......... .......... .......... 49% 14.9M 1s
[50.484s]   7750K .......... .......... .......... .......... .......... 49% 6.02M 1s
[50.486s]   7800K .......... .......... .......... .......... .......... 50% 9.17M 1s
[50.490s]   7850K .......... .......... .......... .......... .......... 50% 18.1M 1s
[50.492s]   7900K .......... .......... .......... .......... .......... 50% 13.1M 1s
[50.507s]   7950K .......... .......... .......... .......... .......... 51% 7.94M 1s
[50.512s]   8000K .......... .......... .......... .......... .......... 51% 5.01M 1s
[50.518s]   8050K .......... .......... .......... .......... .......... 51% 5.70M 1s
[50.519s]   8100K .......... .......... .......... .......... .......... 52% 16.9M 1s
[50.526s]   8150K .......... .......... .......... .......... .......... 52% 34.7M 1s
[50.534s]   8200K .......... .......... .......... .......... .......... 52% 5.01M 1s
[50.544s]   8250K .......... .......... .......... .......... .......... 53% 3.83M 1s
[50.547s]   8300K .......... .......... .......... .......... .......... 53% 15.6M 1s
[50.573s]   8350K .......... .......... .......... .......... .......... 53% 21.1M 1s
[50.575s]   8400K .......... .......... .......... .......... .......... 54% 1.92M 1s
[50.585s]   8450K .......... .......... .......... .......... .......... 54% 5.72M 1s
[50.586s]   8500K .......... .......... .......... .......... .......... 54% 10.8M 1s
[50.588s]   8550K .......... .......... .......... .......... .......... 55% 34.5M 1s
[50.593s]   8600K .......... .......... .......... .......... .......... 55% 9.10M 1s
[50.603s]   8650K .......... .......... .......... .......... .......... 55% 5.39M 1s
[50.608s]   8700K .......... .......... .......... .......... .......... 55% 8.93M 1s
[50.621s]   8750K .......... .......... .......... .......... .......... 56% 9.28M 1s
[50.627s]   8800K .......... .......... .......... .......... .......... 56% 3.48M 1s
[50.637s]   8850K .......... .......... .......... .......... .......... 56% 14.8M 1s
[50.638s]   8900K .......... .......... .......... .......... .......... 57% 6.42M 1s
[50.640s]   8950K .......... .......... .......... .......... .......... 57% 19.9M 1s
[50.661s]   9000K .......... .......... .......... .......... .......... 57% 16.0M 1s
[50.670s]   9050K .......... .......... .......... .......... .......... 58% 2.15M 1s
[50.677s]   9100K .......... .......... .......... .......... .......... 58% 5.12M 1s
[50.693s]   9150K .......... .......... .......... .......... .......... 58% 5.42M 1s
[50.699s]   9200K .......... .......... .......... .......... .......... 59% 4.39M 1s
[50.701s]   9250K .......... .......... .......... .......... .......... 59% 9.74M 1s
[50.703s]   9300K .......... .......... .......... .......... .......... 59% 25.9M 1s
[50.705s]   9350K .......... .......... .......... .......... .......... 60% 22.1M 1s
[50.707s]   9400K .......... .......... .......... .......... .......... 60% 27.7M 1s
[50.723s]   9450K .......... .......... .......... .......... .......... 60% 3.00M 1s
[50.734s]   9500K .......... .......... .......... .......... .......... 61% 4.91M 1s
[50.755s]   9550K .......... .......... .......... .......... .......... 61% 2.35M 1s
[50.771s]   9600K .......... .......... .......... .......... .......... 61% 4.77M 1s
[50.784s]   9650K .......... .......... .......... .......... .......... 62% 2.77M 1s
[50.784s]   9700K .......... .......... .......... .......... .......... 62% 23.5M 1s
[50.796s]   9750K .......... .......... .......... .......... .......... 62% 7.37M 1s
[50.800s]   9800K .......... .......... .......... .......... .......... 63% 7.79M 1s
[50.811s]   9850K .......... .......... .......... .......... .......... 63% 6.84M 1s
[50.818s]   9900K .......... .......... .......... .......... .......... 63% 3.45M 1s
[50.847s]   9950K .......... .......... .......... .......... .......... 63% 8.47M 1s
[50.859s]  10000K .......... .......... .......... .......... .......... 64% 1.70M 1s
[50.860s]  10050K .......... .......... .......... .......... .......... 64% 13.4M 1s
[50.860s]  10100K .......... .......... .......... .......... .......... 64% 24.9M 1s
[50.866s]  10150K .......... .......... .......... .......... .......... 65% 6.06M 1s
[50.872s]  10200K .......... .......... .......... .......... .......... 65% 7.45M 1s
[50.877s]  10250K .......... .......... .......... .......... .......... 65% 23.7M 1s
[50.888s]  10300K .......... .......... .......... .......... .......... 66% 4.70M 1s
[50.889s]  10350K .......... .......... .......... .......... .......... 66% 14.5M 1s
[50.895s]  10400K .......... .......... .......... .......... .......... 66% 10.1M 1s
[50.912s]  10450K .......... .......... .......... .......... .......... 67% 4.05M 1s
[50.923s]  10500K .......... .......... .......... .......... .......... 67% 3.76M 1s
[50.945s]  10550K .......... .......... .......... .......... .......... 67% 10.0M 1s
[50.965s]  10600K .......... .......... .......... .......... .......... 68% 1.50M 1s
[50.979s]  10650K .......... .......... .......... .......... .......... 68% 2.81M 1s
[50.988s]  10700K .......... .......... .......... .......... .......... 68% 3.37M 1s
[50.995s]  10750K .......... .......... .......... .......... .......... 69% 8.14M 1s
[51.010s]  10800K .......... .......... .......... .......... .......... 69% 6.93M 1s
[51.011s]  10850K .......... .......... .......... .......... .......... 69% 22.0M 1s
[51.011s]  10900K .......... .......... .......... .......... .......... 70% 6.08M 1s
[51.021s]  10950K .......... .......... .......... .......... .......... 70% 5.76M 1s
[51.050s]  11000K .......... .......... .......... .......... .......... 70% 7.82M 1s
[51.056s]  11050K .......... .......... .......... .......... .......... 71% 1.85M 1s
[51.067s]  11100K .......... .......... .......... .......... .......... 71% 3.40M 1s
[51.087s]  11150K .......... .......... .......... .......... .......... 71% 3.06M 1s
[51.088s]  11200K .......... .......... .......... .......... .......... 71% 9.90M 1s
[51.090s]  11250K .......... .......... .......... .......... .......... 72% 15.8M 1s
[51.105s]  11300K .......... .......... .......... .......... .......... 72% 4.98M 1s
[51.110s]  11350K .......... .......... .......... .......... .......... 72% 6.34M 1s
[51.138s]  11400K .......... .......... .......... .......... .......... 73% 7.18M 1s
[51.139s]  11450K .......... .......... .......... .......... .......... 73% 8.65M 1s
[51.139s]  11500K .......... .......... .......... .......... .......... 73% 18.0M 1s
[51.139s]  11550K .......... .......... .......... .......... .......... 74% 5.36M 1s
[51.140s]  11600K .......... .......... .......... .......... .......... 74% 14.9M 1s
[51.146s]  11650K .......... .......... .......... .......... .......... 74% 19.2M 1s
[51.157s]  11700K .......... .......... .......... .......... .......... 75% 3.10M 1s
[51.168s]  11750K .......... .......... .......... .......... .......... 75% 4.30M 1s
[51.180s]  11800K .......... .......... .......... .......... .......... 75% 3.66M 1s
[51.184s]  11850K .......... .......... .......... .......... .......... 76% 10.4M 1s
[51.198s]  11900K .......... .......... .......... .......... .......... 76% 3.45M 1s
[51.238s]  11950K .......... .......... .......... .......... .......... 76% 3.22M 1s
[51.250s]  12000K .......... .......... .......... .......... .......... 77% 1.50M 1s
[51.260s]  12050K .......... .......... .......... .......... .......... 77% 3.85M 1s
[51.278s]  12100K .......... .......... .......... .......... .......... 77% 2.54M 1s
[51.286s]  12150K .......... .......... .......... .......... .......... 78% 5.54M 1s
[51.288s]  12200K .......... .......... .......... .......... .......... 78% 21.7M 1s
[51.297s]  12250K .......... .......... .......... .......... .......... 78% 27.8M 1s
[51.298s]  12300K .......... .......... .......... .......... .......... 79% 47.6M 1s
[51.298s]  12350K .......... .......... .......... .......... .......... 79% 43.9M 1s
[51.298s]  12400K .......... .......... .......... .......... .......... 79% 34.8M 1s
[51.298s]  12450K .......... .......... .......... .......... .......... 79% 23.3M 1s
[51.299s]  12500K .......... .......... .......... .......... .......... 80% 54.7M 1s
[51.301s]  12550K .......... .......... .......... .......... .......... 80% 37.5M 1s
[51.312s]  12600K .......... .......... .......... .......... .......... 80% 10.4M 1s
[51.312s]  12650K .......... .......... .......... .......... .......... 81% 31.1M 1s
[51.313s]  12700K .......... .......... .......... .......... .......... 81% 46.4M 0s
[51.313s]  12750K .......... .......... .......... .......... .......... 81% 32.8M 0s
[51.315s]  12800K .......... .......... .......... .......... .......... 82% 5.80M 0s
[51.316s]  12850K .......... .......... .......... .......... .......... 82% 31.0M 0s
[51.318s]  12900K .......... .......... .......... .......... .......... 82% 34.3M 0s
[51.324s]  12950K .......... .......... .......... .......... .......... 83% 9.38M 0s
[51.348s]  13000K .......... .......... .......... .......... .......... 83% 2.19M 0s
[51.354s]  13050K .......... .......... .......... .......... .......... 83% 5.60M 0s
[51.365s]  13100K .......... .......... .......... .......... .......... 84% 7.84M 0s
[51.373s]  13150K .......... .......... .......... .......... .......... 84% 7.64M 0s
[51.377s]  13200K .......... .......... .......... .......... .......... 84% 5.23M 0s
[51.380s]  13250K .......... .......... .......... .......... .......... 85% 16.0M 0s
[51.388s]  13300K .......... .......... .......... .......... .......... 85% 11.6M 0s
[51.393s]  13350K .......... .......... .......... .......... .......... 85% 8.71M 0s
[51.393s]  13400K .......... .......... .......... .......... .......... 86% 27.9M 0s
[51.395s]  13450K .......... .......... .......... .......... .......... 86% 12.9M 0s
[51.404s]  13500K .......... .......... .......... .......... .......... 86% 13.1M 0s
[51.405s]  13550K .......... .......... .......... .......... .......... 87% 7.21M 0s
[51.408s]  13600K .......... .......... .......... .......... .......... 87% 23.0M 0s
[51.432s]  13650K .......... .......... .......... .......... .......... 87% 2.30M 0s
[51.441s]  13700K .......... .......... .......... .......... .......... 87% 3.99M 0s
[51.457s]  13750K .......... .......... .......... .......... .......... 88% 5.65M 0s
[51.457s]  13800K .......... .......... .......... .......... .......... 88% 31.4M 0s
[51.458s]  13850K .......... .......... .......... .......... .......... 88% 6.91M 0s
[51.470s]  13900K .......... .......... .......... .......... .......... 89% 6.00M 0s
[51.479s]  13950K .......... .......... .......... .......... .......... 89% 7.66M 0s
[51.483s]  14000K .......... .......... .......... .......... .......... 89% 4.41M 0s
[51.493s]  14050K .......... .......... .......... .......... .......... 90% 31.6M 0s
[51.494s]  14100K .......... .......... .......... .......... .......... 90% 13.1M 0s
[51.495s]  14150K .......... .......... .......... .......... .......... 90% 31.9M 0s
[51.499s]  14200K .......... .......... .......... .......... .......... 91% 5.92M 0s
[51.508s]  14250K .......... .......... .......... .......... .......... 91% 8.98M 0s
[51.508s]  14300K .......... .......... .......... .......... .......... 91% 27.4M 0s
[51.509s]  14350K .......... .......... .......... .......... .......... 92% 26.2M 0s
[51.516s]  14400K .......... .......... .......... .......... .......... 92% 17.8M 0s
[51.517s]  14450K .......... .......... .......... .......... .......... 92% 6.81M 0s
[51.540s]  14500K .......... .......... .......... .......... .......... 93% 9.95M 0s
[51.545s]  14550K .......... .......... .......... .......... .......... 93% 2.36M 0s
[51.552s]  14600K .......... .......... .......... .......... .......... 93% 9.38M 0s
[51.552s]  14650K .......... .......... .......... .......... .......... 94% 22.3M 0s
[51.557s]  14700K .......... .......... .......... .......... .......... 94% 27.7M 0s
[51.559s]  14750K .......... .......... .......... .......... .......... 94% 7.87M 0s
[51.568s]  14800K .......... .......... .......... .......... .......... 95% 5.08M 0s
[51.570s]  14850K .......... .......... .......... .......... .......... 95% 28.6M 0s
[51.572s]  14900K .......... .......... .......... .......... .......... 95% 17.1M 0s
[51.583s]  14950K .......... .......... .......... .......... .......... 95% 24.3M 0s
[51.587s]  15000K .......... .......... .......... .......... .......... 96% 4.62M 0s
[51.598s]  15050K .......... .......... .......... .......... .......... 96% 3.92M 0s
[51.599s]  15100K .......... .......... .......... .......... .......... 96% 22.9M 0s
[51.600s]  15150K .......... .......... .......... .......... .......... 97% 56.9M 0s
[51.604s]  15200K .......... .......... .......... .......... .......... 97% 42.2M 0s
[51.630s]  15250K .......... .......... .......... .......... .......... 97% 52.9M 0s
[51.630s]  15300K .......... .......... .......... .......... .......... 98% 74.6M 0s
[51.630s]  15350K .......... .......... .......... .......... .......... 98% 64.8M 0s
[51.631s]  15400K .......... .......... .......... .......... .......... 98% 76.1M 0s
[51.631s]  15450K .......... .......... .......... .......... .......... 99% 75.0M 0s
[51.631s]  15500K .......... .......... .......... .......... .......... 99% 65.2M 0s
[51.634s]  15550K .......... .......... .......... .......... .......... 99% 68.0M 0s
[51.634s]  15600K .......... .......... .....                           100% 55.2M=2.5s
[51.635s] 
[51.635s] 2026-07-30 19:26:37 (6.09 MB/s) - ‘/home/paola/proyecto_robot/build/multirobot_map_merge/2012-01-28-11-12-01.pgm’ saved [16000058/16000058]
[51.635s] 
[51.635s] Checking MD5 sum of /home/paola/proyecto_robot/build/multirobot_map_merge/2012-01-28-11-12-01.pgm
[51.731s] /home/paola/proyecto_robot/build/multirobot_map_merge/2012-01-28-11-12-01.pgm: OK
[51.833s] -- Found gtest sources under '/opt/ros/jazzy/src/gtest_vendor': C++ tests using 'Google Test' will be built
[51.880s] -- Found Threads: TRUE  
[52.140s] -- Added test 'cppcheck' to perform static code analysis on C / C++ code
[52.140s] -- Configured cppcheck include dirs: /home/paola/proyecto_robot/src/m-explore-ros2/map_merge/include;$<BUILD_INTERFACE:/home/paola/proyecto_robot/src/m-explore-ros2/map_merge/include>
[52.141s] -- Configured cppcheck exclude dirs and/or files: 
[52.196s] -- Added test 'flake8' to check Python code syntax and style conventions
[52.196s] -- Configured 'flake8' exclude dirs and/or files: 
[52.250s] -- Added test 'lint_cmake' to check CMake code style
[52.305s] -- Added test 'pep257' to check Python code against some of the docstring style conventions in PEP 257
[52.390s] -- Added test 'uncrustify' to check C / C++ code style
[52.390s] -- Configured uncrustify additional arguments: 
[52.436s] -- Added test 'xmllint' to check XML markup files
[52.601s] -- Configuring done (52.3s)
[54.262s] -- Generating done (1.5s)
[54.685s] -- Build files have been written to: /home/paola/proyecto_robot/build/multirobot_map_merge
[54.710s] Invoked command in '/home/paola/proyecto_robot/build/multirobot_map_merge' returned '0': CMAKE_PREFIX_PATH=${CMAKE_PREFIX_PATH}:/opt/ros/jazzy /usr/bin/cmake /home/paola/proyecto_robot/src/m-explore-ros2/map_merge -DAMENT_CMAKE_SYMLINK_INSTALL=1 -DCMAKE_INSTALL_PREFIX=/home/paola/proyecto_robot/install/multirobot_map_merge
[54.718s] Invoking command in '/home/paola/proyecto_robot/build/multirobot_map_merge': CMAKE_PREFIX_PATH=${CMAKE_PREFIX_PATH}:/opt/ros/jazzy /usr/bin/cmake --build /home/paola/proyecto_robot/build/multirobot_map_merge -- -j8 -l8
[55.907s] [  8%] [32mBuilding CXX object CMakeFiles/combine_grids.dir/src/combine_grids/grid_compositor.cpp.o[0m
[56.008s] [ 16%] [32mBuilding CXX object CMakeFiles/combine_grids.dir/src/combine_grids/merging_pipeline.cpp.o[0m
[56.009s] [ 25%] [32mBuilding CXX object gtest/CMakeFiles/gtest_main.dir/src/gtest_main.cc.o[0m
[56.009s] [ 33%] [32mBuilding CXX object CMakeFiles/combine_grids.dir/src/combine_grids/grid_warper.cpp.o[0m
[56.102s] [ 41%] [32mBuilding CXX object gtest/CMakeFiles/gtest.dir/src/gtest-all.cc.o[0m
[63.905s] [ 50%] [32m[1mLinking CXX static library libgtest_main.a[0m
[65.216s] [ 50%] Built target gtest_main
[76.458s] [ 58%] [32m[1mLinking CXX static library libgtest.a[0m
[77.439s] [ 58%] Built target gtest
[88.218s] [ 66%] [32m[1mLinking CXX static library libcombine_grids.a[0m
[89.017s] [ 66%] Built target combine_grids
[89.540s] [ 75%] [32mBuilding CXX object CMakeFiles/test_merging_pipeline.dir/test/test_merging_pipeline.cpp.o[0m
[89.553s] [ 83%] [32mBuilding CXX object CMakeFiles/map_merge.dir/src/map_merge.cpp.o[0m
[115.676s] [ 91%] [32m[1mLinking CXX executable test_merging_pipeline[0m
[124.858s] [ 91%] Built target test_merging_pipeline
[179.247s] [100%] [32m[1mLinking CXX executable map_merge[0m
[184.392s] [100%] Built target map_merge
[184.593s] Invoked command in '/home/paola/proyecto_robot/build/multirobot_map_merge' returned '0': CMAKE_PREFIX_PATH=${CMAKE_PREFIX_PATH}:/opt/ros/jazzy /usr/bin/cmake --build /home/paola/proyecto_robot/build/multirobot_map_merge -- -j8 -l8
[184.594s] Invoking command in '/home/paola/proyecto_robot/build/multirobot_map_merge': CMAKE_PREFIX_PATH=${CMAKE_PREFIX_PATH}:/opt/ros/jazzy /usr/bin/cmake --install /home/paola/proyecto_robot/build/multirobot_map_merge
[184.754s] -- Install configuration: ""
[184.762s] -- Execute custom install script
[184.762s] -- Symlinking: /home/paola/proyecto_robot/install/multirobot_map_merge/include/map_merge//map_merge.h
[184.964s] -- Symlinking: /home/paola/proyecto_robot/install/multirobot_map_merge/include/map_merge//ros1_names.hpp
[185.143s] -- Symlinking: /home/paola/proyecto_robot/install/multirobot_map_merge/share/multirobot_map_merge/launch/from_map_server.launch.py
[185.350s] -- Symlinking: /home/paola/proyecto_robot/install/multirobot_map_merge/share/multirobot_map_merge/launch/map_merge.launch.py
[185.541s] -- Symlinking: /home/paola/proyecto_robot/install/multirobot_map_merge/share/multirobot_map_merge/launch/map_merge.rviz
[185.719s] -- Symlinking: /home/paola/proyecto_robot/install/multirobot_map_merge/share/multirobot_map_merge/launch/tb3_simulation/bringup_launch.py
[185.919s] -- Symlinking: /home/paola/proyecto_robot/install/multirobot_map_merge/share/multirobot_map_merge/launch/tb3_simulation/config/nav2_multirobot_params_1.yaml
[186.113s] -- Symlinking: /home/paola/proyecto_robot/install/multirobot_map_merge/share/multirobot_map_merge/launch/tb3_simulation/config/nav2_multirobot_params_2.yaml
[186.312s] -- Symlinking: /home/paola/proyecto_robot/install/multirobot_map_merge/share/multirobot_map_merge/launch/tb3_simulation/multi_tb3_simulation_launch.py
[186.518s] -- Symlinking: /home/paola/proyecto_robot/install/multirobot_map_merge/share/multirobot_map_merge/launch/tb3_simulation/slam_toolbox.py
[186.713s] -- Symlinking: /home/paola/proyecto_robot/install/multirobot_map_merge/share/multirobot_map_merge/launch/tb3_simulation/tb3_simulation_launch.py
[186.909s] -- Symlinking: /home/paola/proyecto_robot/install/multirobot_map_merge/share/multirobot_map_merge/launch/tb3_simulation/worlds/world_only.model
[187.076s] -- Symlinking: /home/paola/proyecto_robot/install/multirobot_map_merge/share/multirobot_map_merge/config/params.yaml
[187.267s] -- Symlinking: /home/paola/proyecto_robot/install/multirobot_map_merge/lib/multirobot_map_merge/map_merge
[187.508s] -- Symlinking: /home/paola/proyecto_robot/install/multirobot_map_merge/share/multirobot_map_merge/environment/library_path.sh
[187.710s] -- Symlinking: /home/paola/proyecto_robot/install/multirobot_map_merge/share/multirobot_map_merge/environment/library_path.dsv
[187.960s] -- Symlinking: /home/paola/proyecto_robot/install/multirobot_map_merge/share/ament_index/resource_index/package_run_dependencies/multirobot_map_merge
[188.146s] -- Symlinking: /home/paola/proyecto_robot/install/multirobot_map_merge/share/ament_index/resource_index/parent_prefix_path/multirobot_map_merge
[188.314s] -- Symlinking: /home/paola/proyecto_robot/install/multirobot_map_merge/share/multirobot_map_merge/environment/ament_prefix_path.sh
[188.524s] -- Symlinking: /home/paola/proyecto_robot/install/multirobot_map_merge/share/multirobot_map_merge/environment/ament_prefix_path.dsv
[188.746s] -- Symlinking: /home/paola/proyecto_robot/install/multirobot_map_merge/share/multirobot_map_merge/environment/path.sh
[188.906s] -- Symlinking: /home/paola/proyecto_robot/install/multirobot_map_merge/share/multirobot_map_merge/environment/path.dsv
[189.111s] -- Symlinking: /home/paola/proyecto_robot/install/multirobot_map_merge/share/multirobot_map_merge/local_setup.bash
[189.308s] -- Symlinking: /home/paola/proyecto_robot/install/multirobot_map_merge/share/multirobot_map_merge/local_setup.sh
[189.507s] -- Symlinking: /home/paola/proyecto_robot/install/multirobot_map_merge/share/multirobot_map_merge/local_setup.zsh
[189.676s] -- Symlinking: /home/paola/proyecto_robot/install/multirobot_map_merge/share/multirobot_map_merge/local_setup.dsv
[189.861s] -- Symlinking: /home/paola/proyecto_robot/install/multirobot_map_merge/share/multirobot_map_merge/package.dsv
[190.077s] -- Symlinking: /home/paola/proyecto_robot/install/multirobot_map_merge/share/ament_index/resource_index/packages/multirobot_map_merge
[190.262s] -- Symlinking: /home/paola/proyecto_robot/install/multirobot_map_merge/share/multirobot_map_merge/cmake/ament_cmake_export_include_directories-extras.cmake
[190.445s] -- Symlinking: /home/paola/proyecto_robot/install/multirobot_map_merge/share/multirobot_map_merge/cmake/ament_cmake_export_libraries-extras.cmake
[190.624s] -- Symlinking: /home/paola/proyecto_robot/install/multirobot_map_merge/share/multirobot_map_merge/cmake/multirobot_map_mergeConfig.cmake
[190.804s] -- Symlinking: /home/paola/proyecto_robot/install/multirobot_map_merge/share/multirobot_map_merge/cmake/multirobot_map_mergeConfig-version.cmake
[191.037s] -- Symlinking: /home/paola/proyecto_robot/install/multirobot_map_merge/share/multirobot_map_merge/package.xml
[191.210s] -- Installing: /home/paola/proyecto_robot/install/multirobot_map_merge/lib/libcombine_grids.a
[191.246s] Invoked command in '/home/paola/proyecto_robot/build/multirobot_map_merge' returned '0': CMAKE_PREFIX_PATH=${CMAKE_PREFIX_PATH}:/opt/ros/jazzy /usr/bin/cmake --install /home/paola/proyecto_robot/build/multirobot_map_merge
