[32.021s] Invoking command in '/home/paola/proyecto_robot/src/robot_proyecto': PYTHONPATH=/home/paola/proyecto_robot/build/robot_proyecto/prefix_override:/usr/lib/python3/dist-packages/colcon_core/task/python/colcon_distutils_commands:/home/paola/proyecto_robot/install/robot_proyecto/lib/python3.12/site-packages:${PYTHONPATH} /usr/bin/python3 -W ignore:setup.py install is deprecated -W ignore:easy_install command is deprecated setup.py egg_info --egg-base ../../build/robot_proyecto build --build-base /home/paola/proyecto_robot/build/robot_proyecto/build install --record /home/paola/proyecto_robot/build/robot_proyecto/install.log --install-scripts $base/lib/robot_proyecto --single-version-externally-managed install_data
[34.335s] running egg_info
[34.505s] writing ../../build/robot_proyecto/robot_proyecto.egg-info/PKG-INFO
[34.507s] writing dependency_links to ../../build/robot_proyecto/robot_proyecto.egg-info/dependency_links.txt
[34.509s] writing requirements to ../../build/robot_proyecto/robot_proyecto.egg-info/requires.txt
[34.510s] writing top-level names to ../../build/robot_proyecto/robot_proyecto.egg-info/top_level.txt
[34.951s] reading manifest file '../../build/robot_proyecto/robot_proyecto.egg-info/SOURCES.txt'
[34.997s] writing manifest file '../../build/robot_proyecto/robot_proyecto.egg-info/SOURCES.txt'
[35.000s] running build
[35.001s] running build_py
[35.003s] running install
[35.032s] running install_lib
[35.268s] running install_data
[35.269s] copying urdf/robot.urdf.xacro -> /home/paola/proyecto_robot/install/robot_proyecto/share/robot_proyecto/urdf
[35.275s] running install_egg_info
[35.500s] removing '/home/paola/proyecto_robot/install/robot_proyecto/lib/python3.12/site-packages/robot_proyecto-0.0.0-py3.12.egg-info' (and everything under it)
[35.505s] Copying ../../build/robot_proyecto/robot_proyecto.egg-info to /home/paola/proyecto_robot/install/robot_proyecto/lib/python3.12/site-packages/robot_proyecto-0.0.0-py3.12.egg-info
[35.527s] running install_scripts
[36.468s] writing list of installed files to '/home/paola/proyecto_robot/build/robot_proyecto/install.log'
[36.518s] Invoked command in '/home/paola/proyecto_robot/src/robot_proyecto' returned '0': PYTHONPATH=/home/paola/proyecto_robot/build/robot_proyecto/prefix_override:/usr/lib/python3/dist-packages/colcon_core/task/python/colcon_distutils_commands:/home/paola/proyecto_robot/install/robot_proyecto/lib/python3.12/site-packages:${PYTHONPATH} /usr/bin/python3 -W ignore:setup.py install is deprecated -W ignore:easy_install command is deprecated setup.py egg_info --egg-base ../../build/robot_proyecto build --build-base /home/paola/proyecto_robot/build/robot_proyecto/build install --record /home/paola/proyecto_robot/build/robot_proyecto/install.log --install-scripts $base/lib/robot_proyecto --single-version-externally-managed install_data
