running egg_info
creating ../../build/robot_proyecto/robot_proyecto.egg-info
writing ../../build/robot_proyecto/robot_proyecto.egg-info/PKG-INFO
writing dependency_links to ../../build/robot_proyecto/robot_proyecto.egg-info/dependency_links.txt
writing requirements to ../../build/robot_proyecto/robot_proyecto.egg-info/requires.txt
writing top-level names to ../../build/robot_proyecto/robot_proyecto.egg-info/top_level.txt
writing manifest file '../../build/robot_proyecto/robot_proyecto.egg-info/SOURCES.txt'
reading manifest file '../../build/robot_proyecto/robot_proyecto.egg-info/SOURCES.txt'
writing manifest file '../../build/robot_proyecto/robot_proyecto.egg-info/SOURCES.txt'
running build
running build_py
creating /home/paola/proyecto_robot/build/robot_proyecto/build
creating /home/paola/proyecto_robot/build/robot_proyecto/build/lib
creating /home/paola/proyecto_robot/build/robot_proyecto/build/lib/robot_proyecto
copying robot_proyecto/__init__.py -> /home/paola/proyecto_robot/build/robot_proyecto/build/lib/robot_proyecto
running install
running install_lib
creating /home/paola/proyecto_robot/install/robot_proyecto/lib/python3.12/site-packages/robot_proyecto
copying /home/paola/proyecto_robot/build/robot_proyecto/build/lib/robot_proyecto/__init__.py -> /home/paola/proyecto_robot/install/robot_proyecto/lib/python3.12/site-packages/robot_proyecto
byte-compiling /home/paola/proyecto_robot/install/robot_proyecto/lib/python3.12/site-packages/robot_proyecto/__init__.py to __init__.cpython-312.pyc
running install_data
creating /home/paola/proyecto_robot/install/robot_proyecto/share/ament_index
creating /home/paola/proyecto_robot/install/robot_proyecto/share/ament_index/resource_index
creating /home/paola/proyecto_robot/install/robot_proyecto/share/ament_index/resource_index/packages
copying resource/robot_proyecto -> /home/paola/proyecto_robot/install/robot_proyecto/share/ament_index/resource_index/packages
copying package.xml -> /home/paola/proyecto_robot/install/robot_proyecto/share/robot_proyecto
creating /home/paola/proyecto_robot/install/robot_proyecto/share/robot_proyecto/launch
copying launch/ver_robot.launch.py -> /home/paola/proyecto_robot/install/robot_proyecto/share/robot_proyecto/launch
creating /home/paola/proyecto_robot/install/robot_proyecto/share/robot_proyecto/urdf
copying urdf/robot.urdf.xacro -> /home/paola/proyecto_robot/install/robot_proyecto/share/robot_proyecto/urdf
creating /home/paola/proyecto_robot/install/robot_proyecto/share/robot_proyecto/worlds
running install_egg_info
Copying ../../build/robot_proyecto/robot_proyecto.egg-info to /home/paola/proyecto_robot/install/robot_proyecto/lib/python3.12/site-packages/robot_proyecto-0.0.0-py3.12.egg-info
running install_scripts
writing list of installed files to '/home/paola/proyecto_robot/build/robot_proyecto/install.log'
