[31.016s] Invoking command in '/home/paola/proyecto_robot/src/robot_proyecto': PYTHONPATH=/home/paola/proyecto_robot/build/robot_proyecto/prefix_override:/usr/lib/python3/dist-packages/colcon_core/task/python/colcon_distutils_commands:/home/paola/proyecto_robot/install/robot_proyecto/lib/python3.12/site-packages:${PYTHONPATH} /usr/bin/python3 -W ignore:setup.py install is deprecated -W ignore:easy_install command is deprecated setup.py egg_info --egg-base ../../build/robot_proyecto build --build-base /home/paola/proyecto_robot/build/robot_proyecto/build install --record /home/paola/proyecto_robot/build/robot_proyecto/install.log --install-scripts $base/lib/robot_proyecto --single-version-externally-managed install_data
[31.922s] running egg_info
[31.984s] writing ../../build/robot_proyecto/robot_proyecto.egg-info/PKG-INFO
[31.984s] writing dependency_links to ../../build/robot_proyecto/robot_proyecto.egg-info/dependency_links.txt
[31.985s] writing requirements to ../../build/robot_proyecto/robot_proyecto.egg-info/requires.txt
[31.986s] writing top-level names to ../../build/robot_proyecto/robot_proyecto.egg-info/top_level.txt
[32.162s] reading manifest file '../../build/robot_proyecto/robot_proyecto.egg-info/SOURCES.txt'
[32.180s] writing manifest file '../../build/robot_proyecto/robot_proyecto.egg-info/SOURCES.txt'
[32.181s] running build
[32.182s] running build_py
[32.183s] running install
[32.201s] running install_lib
[32.367s] running install_data
[32.368s] copying urdf/robot.urdf.xacro -> /home/paola/proyecto_robot/install/robot_proyecto/share/robot_proyecto/urdf
[32.368s] running install_egg_info
[32.439s] removing '/home/paola/proyecto_robot/install/robot_proyecto/lib/python3.12/site-packages/robot_proyecto-0.0.0-py3.12.egg-info' (and everything under it)
[32.443s] Copying ../../build/robot_proyecto/robot_proyecto.egg-info to /home/paola/proyecto_robot/install/robot_proyecto/lib/python3.12/site-packages/robot_proyecto-0.0.0-py3.12.egg-info
[32.453s] running install_scripts
[33.012s] writing list of installed files to '/home/paola/proyecto_robot/build/robot_proyecto/install.log'
[33.064s] Invoked command in '/home/paola/proyecto_robot/src/robot_proyecto' returned '0': PYTHONPATH=/home/paola/proyecto_robot/build/robot_proyecto/prefix_override:/usr/lib/python3/dist-packages/colcon_core/task/python/colcon_distutils_commands:/home/paola/proyecto_robot/install/robot_proyecto/lib/python3.12/site-packages:${PYTHONPATH} /usr/bin/python3 -W ignore:setup.py install is deprecated -W ignore:easy_install command is deprecated setup.py egg_info --egg-base ../../build/robot_proyecto build --build-base /home/paola/proyecto_robot/build/robot_proyecto/build install --record /home/paola/proyecto_robot/build/robot_proyecto/install.log --install-scripts $base/lib/robot_proyecto --single-version-externally-managed install_data
