running egg_info
writing ../../build/robot_proyecto/robot_proyecto.egg-info/PKG-INFO
writing dependency_links to ../../build/robot_proyecto/robot_proyecto.egg-info/dependency_links.txt
writing entry points to ../../build/robot_proyecto/robot_proyecto.egg-info/entry_points.txt
writing requirements to ../../build/robot_proyecto/robot_proyecto.egg-info/requires.txt
writing top-level names to ../../build/robot_proyecto/robot_proyecto.egg-info/top_level.txt
reading manifest file '../../build/robot_proyecto/robot_proyecto.egg-info/SOURCES.txt'
writing manifest file '../../build/robot_proyecto/robot_proyecto.egg-info/SOURCES.txt'
running build
running build_py
copying robot_proyecto/odom_tf_publisher.py -> /home/paola/proyecto_robot/build/robot_proyecto/build/lib/robot_proyecto
running install
running install_lib
copying /home/paola/proyecto_robot/build/robot_proyecto/build/lib/robot_proyecto/odom_tf_publisher.py -> /home/paola/proyecto_robot/install/robot_proyecto/lib/python3.12/site-packages/robot_proyecto
byte-compiling /home/paola/proyecto_robot/install/robot_proyecto/lib/python3.12/site-packages/robot_proyecto/odom_tf_publisher.py to odom_tf_publisher.cpython-312.pyc
running install_data
copying launch/simulacion.launch.py -> /home/paola/proyecto_robot/install/robot_proyecto/share/robot_proyecto/launch
running install_egg_info
removing '/home/paola/proyecto_robot/install/robot_proyecto/lib/python3.12/site-packages/robot_proyecto-0.0.0-py3.12.egg-info' (and everything under it)
Copying ../../build/robot_proyecto/robot_proyecto.egg-info to /home/paola/proyecto_robot/install/robot_proyecto/lib/python3.12/site-packages/robot_proyecto-0.0.0-py3.12.egg-info
running install_scripts
Installing odom_tf_publisher script to /home/paola/proyecto_robot/install/robot_proyecto/lib/robot_proyecto
writing list of installed files to '/home/paola/proyecto_robot/build/robot_proyecto/install.log'
