[6.226s] Invoking command in '/home/paola/proyecto_robot/src/robot_proyecto': PYTHONPATH=/home/paola/proyecto_robot/build/robot_proyecto/prefix_override:/usr/lib/python3/dist-packages/colcon_core/task/python/colcon_distutils_commands:/home/paola/proyecto_robot/install/robot_proyecto/lib/python3.12/site-packages:${PYTHONPATH} /usr/bin/python3 -W ignore:setup.py install is deprecated -W ignore:easy_install command is deprecated setup.py egg_info --egg-base ../../build/robot_proyecto build --build-base /home/paola/proyecto_robot/build/robot_proyecto/build install --record /home/paola/proyecto_robot/build/robot_proyecto/install.log --install-scripts $base/lib/robot_proyecto --single-version-externally-managed install_data
[7.759s] running egg_info
[7.904s] writing ../../build/robot_proyecto/robot_proyecto.egg-info/PKG-INFO
[7.905s] writing dependency_links to ../../build/robot_proyecto/robot_proyecto.egg-info/dependency_links.txt
[7.906s] writing entry points to ../../build/robot_proyecto/robot_proyecto.egg-info/entry_points.txt
[7.906s] writing requirements to ../../build/robot_proyecto/robot_proyecto.egg-info/requires.txt
[7.907s] writing top-level names to ../../build/robot_proyecto/robot_proyecto.egg-info/top_level.txt
[8.242s] reading manifest file '../../build/robot_proyecto/robot_proyecto.egg-info/SOURCES.txt'
[8.242s] writing manifest file '../../build/robot_proyecto/robot_proyecto.egg-info/SOURCES.txt'
[8.243s] running build
[8.243s] running build_py
[8.244s] copying robot_proyecto/odom_tf_publisher.py -> /home/paola/proyecto_robot/build/robot_proyecto/build/lib/robot_proyecto
[8.245s] running install
[8.265s] running install_lib
[8.504s] copying /home/paola/proyecto_robot/build/robot_proyecto/build/lib/robot_proyecto/odom_tf_publisher.py -> /home/paola/proyecto_robot/install/robot_proyecto/lib/python3.12/site-packages/robot_proyecto
[8.528s] byte-compiling /home/paola/proyecto_robot/install/robot_proyecto/lib/python3.12/site-packages/robot_proyecto/odom_tf_publisher.py to odom_tf_publisher.cpython-312.pyc
[8.538s] running install_data
[8.539s] copying launch/simulacion.launch.py -> /home/paola/proyecto_robot/install/robot_proyecto/share/robot_proyecto/launch
[8.539s] running install_egg_info
[8.687s] removing '/home/paola/proyecto_robot/install/robot_proyecto/lib/python3.12/site-packages/robot_proyecto-0.0.0-py3.12.egg-info' (and everything under it)
[8.690s] Copying ../../build/robot_proyecto/robot_proyecto.egg-info to /home/paola/proyecto_robot/install/robot_proyecto/lib/python3.12/site-packages/robot_proyecto-0.0.0-py3.12.egg-info
[8.726s] running install_scripts
[10.158s] Installing odom_tf_publisher script to /home/paola/proyecto_robot/install/robot_proyecto/lib/robot_proyecto
[10.161s] writing list of installed files to '/home/paola/proyecto_robot/build/robot_proyecto/install.log'
[10.262s] Invoked command in '/home/paola/proyecto_robot/src/robot_proyecto' returned '0': PYTHONPATH=/home/paola/proyecto_robot/build/robot_proyecto/prefix_override:/usr/lib/python3/dist-packages/colcon_core/task/python/colcon_distutils_commands:/home/paola/proyecto_robot/install/robot_proyecto/lib/python3.12/site-packages:${PYTHONPATH} /usr/bin/python3 -W ignore:setup.py install is deprecated -W ignore:easy_install command is deprecated setup.py egg_info --egg-base ../../build/robot_proyecto build --build-base /home/paola/proyecto_robot/build/robot_proyecto/build install --record /home/paola/proyecto_robot/build/robot_proyecto/install.log --install-scripts $base/lib/robot_proyecto --single-version-externally-managed install_data
